<html>
<body>
<pre>
<h1>µVision Build Log</h1>
<h2>Project:</h2>
E:\Tracy\sensortile\en.stsw-stlkt02\v1.2.0\Projects\SensorTile\Applications\DataLog\MDK-ARM\Project.uvprojx
Project File Date:  01/18/2017

<h2>Output:</h2>
Build target 'DataLog_STM32L476RG_SensorTile'
linking...
.\STM32L476RG_NUCLEO\STM32L476JG_SensorTile.axf: Warning: L6988W: Ignoring unknown patch sdcomp-29491-629360.
Program Size: Code=69780 RO-data=836 RW-data=1524 ZI-data=26404  
Finished: 0 information, 1 warning and 0 error messages.
FromELF: creating hex file...
After Build - User command #1: C:\Keil_v5\\ARM\ARMCC\bin\fromelf.exe --bin --output=STM32L476JG_SensorTile.bin .\STM32L476RG_NUCLEO\STM32L476JG_SensorTile.axf
".\STM32L476RG_NUCLEO\STM32L476JG_SensorTile.axf" - 0 Error(s), 1 Warning(s).

<h2>Software Packages used:</h2>

Package Vendor: ARM
                http://www.keil.com/pack/ARM.CMSIS.4.1.0.pack
                ARM::CMSIS:CORE:3.30.0
                CMSIS (Cortex Microcontroller Software Interface Standard)
   * Component: CORE Version: 3.30.0

<h2>Collection of Component include folders:</h2>
  E:\Tracy\sensortile\en.stsw-stlkt02\v1.2.0\Projects\SensorTile\Applications\DataLog\MDK-ARM\RTE
  C:\Keil_v5\ARM\PACK\ARM\CMSIS\4.1.0\CMSIS\Include
  C:\Keil_v5\ARM\PACK\Keil\STM32L4xx_DFP\1.3.0

<h2>Collection of Component Files used:</h2>

   * Component: ARM::CMSIS:CORE:3.30.0
      Source file:   CMSIS\UserCodeTemplates\ARM\ITM_Retarget.c
</pre>
</body>
</html>
xx_DFP\1.3.0

<h2>Collection of Component Files used:</h2>

   * Component: ARM::CMSIS:CORE:3.30.0
      Source file:   CMSIS\UserCodeTemplates\ARM\ITM_Retarget.c
erCodeTemplates\ARM\ITM_Retarget.c
