<!doctype html public "-//w3c//dtd html 4.0 transitional//en">
<html><head>
<title>Static Call Graph - [.\STM32L476RG_NUCLEO\STM32L476JG_SensorTile.axf]</title></head>
<body><HR>
<H1>Static Call Graph for image .\STM32L476RG_NUCLEO\STM32L476JG_SensorTile.axf</H1><HR>
<BR><P>#&#060CALLGRAPH&#062# ARM Linker, 5040049: Last Updated: Tue Mar 21 21:24:34 2017
<BR><P>
<H3>Maximum Stack Usage =        504 bytes + Unknown(Cycles, Untraceable Function Pointers)</H3><H3>
Call chain for Maximum Stack Depth:</H3>
STC3115_Init &rArr; STC3115_Restore &rArr; STC3115_SetParam &rArr; STC3115_WriteWord &rArr; Sensor_IO_Write &rArr; Sensor_IO_I2C_Write &rArr; I2C_SENSORTILE_WriteData &rArr; I2C_SENSORTILE_Error &rArr; I2C_SENSORTILE_Init &rArr; I2C_SENSORTILE_MspInit &rArr; HAL_RCCEx_PeriphCLKConfig &rArr; RCCEx_PLLSAI2_Config
<P>
<H3>
Mutually Recursive functions
</H3> <LI><a href="#[d9]">MemManage_Handler</a>&nbsp;&nbsp;&nbsp;&rArr;&nbsp;&nbsp;&nbsp;<a href="#[d9]">MemManage_Handler</a><BR>
 <LI><a href="#[da]">BusFault_Handler</a>&nbsp;&nbsp;&nbsp;&rArr;&nbsp;&nbsp;&nbsp;<a href="#[da]">BusFault_Handler</a><BR>
 <LI><a href="#[db]">UsageFault_Handler</a>&nbsp;&nbsp;&nbsp;&rArr;&nbsp;&nbsp;&nbsp;<a href="#[db]">UsageFault_Handler</a><BR>
 <LI><a href="#[dc]">SVC_Handler</a>&nbsp;&nbsp;&nbsp;&rArr;&nbsp;&nbsp;&nbsp;<a href="#[dc]">SVC_Handler</a><BR>
 <LI><a href="#[de]">PendSV_Handler</a>&nbsp;&nbsp;&nbsp;&rArr;&nbsp;&nbsp;&nbsp;<a href="#[de]">PendSV_Handler</a><BR>
 <LI><a href="#[f2]">ADC1_2_IRQHandler</a>&nbsp;&nbsp;&nbsp;&rArr;&nbsp;&nbsp;&nbsp;<a href="#[f2]">ADC1_2_IRQHandler</a><BR>
</UL>
<P>
<H3>
Function Pointers
</H3><UL>
 <LI><a href="#[f2]">ADC1_2_IRQHandler</a> from startup_stm32l476xx.o(.text) referenced from startup_stm32l476xx.o(RESET)
 <LI><a href="#[10f]">ADC3_IRQHandler</a> from startup_stm32l476xx.o(.text) referenced from startup_stm32l476xx.o(RESET)
 <LI><a href="#[da]">BusFault_Handler</a> from startup_stm32l476xx.o(.text) referenced from startup_stm32l476xx.o(RESET)
 <LI><a href="#[f4]">CAN1_RX0_IRQHandler</a> from startup_stm32l476xx.o(.text) referenced from startup_stm32l476xx.o(RESET)
 <LI><a href="#[f5]">CAN1_RX1_IRQHandler</a> from startup_stm32l476xx.o(.text) referenced from startup_stm32l476xx.o(RESET)
 <LI><a href="#[f6]">CAN1_SCE_IRQHandler</a> from startup_stm32l476xx.o(.text) referenced from startup_stm32l476xx.o(RESET)
 <LI><a href="#[f3]">CAN1_TX_IRQHandler</a> from startup_stm32l476xx.o(.text) referenced from startup_stm32l476xx.o(RESET)
 <LI><a href="#[cd]">CDC_Itf_Control</a> from usbd_cdc_interface.o(i.CDC_Itf_Control) referenced 2 times from usbd_cdc_interface.o(.data)
 <LI><a href="#[cc]">CDC_Itf_DeInit</a> from usbd_cdc_interface.o(i.CDC_Itf_DeInit) referenced 2 times from usbd_cdc_interface.o(.data)
 <LI><a href="#[cb]">CDC_Itf_Init</a> from usbd_cdc_interface.o(i.CDC_Itf_Init) referenced 2 times from usbd_cdc_interface.o(.data)
 <LI><a href="#[ce]">CDC_Itf_Receive</a> from usbd_cdc_interface.o(i.CDC_Itf_Receive) referenced 2 times from usbd_cdc_interface.o(.data)
 <LI><a href="#[120]">COMP_IRQHandler</a> from startup_stm32l476xx.o(.text) referenced from startup_stm32l476xx.o(RESET)
 <LI><a href="#[11d]">DFSDM1_FLT0_IRQHandler</a> from startup_stm32l476xx.o(.text) referenced from startup_stm32l476xx.o(RESET)
 <LI><a href="#[11e]">DFSDM1_FLT1_IRQHandler</a> from startup_stm32l476xx.o(.text) referenced from startup_stm32l476xx.o(RESET)
 <LI><a href="#[11f]">DFSDM1_FLT2_IRQHandler</a> from startup_stm32l476xx.o(.text) referenced from startup_stm32l476xx.o(RESET)
 <LI><a href="#[10a]">DFSDM1_FLT3_IRQHandler</a> from startup_stm32l476xx.o(.text) referenced from startup_stm32l476xx.o(RESET)
 <LI><a href="#[eb]">DMA1_Channel1_IRQHandler</a> from startup_stm32l476xx.o(.text) referenced from startup_stm32l476xx.o(RESET)
 <LI><a href="#[ec]">DMA1_Channel2_IRQHandler</a> from startup_stm32l476xx.o(.text) referenced from startup_stm32l476xx.o(RESET)
 <LI><a href="#[ed]">DMA1_Channel3_IRQHandler</a> from startup_stm32l476xx.o(.text) referenced from startup_stm32l476xx.o(RESET)
 <LI><a href="#[ee]">DMA1_Channel4_IRQHandler</a> from startup_stm32l476xx.o(.text) referenced from startup_stm32l476xx.o(RESET)
 <LI><a href="#[ef]">DMA1_Channel5_IRQHandler</a> from startup_stm32l476xx.o(.text) referenced from startup_stm32l476xx.o(RESET)
 <LI><a href="#[f0]">DMA1_Channel6_IRQHandler</a> from startup_stm32l476xx.o(.text) referenced from startup_stm32l476xx.o(RESET)
 <LI><a href="#[f1]">DMA1_Channel7_IRQHandler</a> from startup_stm32l476xx.o(.text) referenced from startup_stm32l476xx.o(RESET)
 <LI><a href="#[118]">DMA2_Channel1_IRQHandler</a> from startup_stm32l476xx.o(.text) referenced from startup_stm32l476xx.o(RESET)
 <LI><a href="#[119]">DMA2_Channel2_IRQHandler</a> from startup_stm32l476xx.o(.text) referenced from startup_stm32l476xx.o(RESET)
 <LI><a href="#[11a]">DMA2_Channel3_IRQHandler</a> from startup_stm32l476xx.o(.text) referenced from startup_stm32l476xx.o(RESET)
 <LI><a href="#[11b]">DMA2_Channel4_IRQHandler</a> from startup_stm32l476xx.o(.text) referenced from startup_stm32l476xx.o(RESET)
 <LI><a href="#[11c]">DMA2_Channel5_IRQHandler</a> from startup_stm32l476xx.o(.text) referenced from startup_stm32l476xx.o(RESET)
 <LI><a href="#[124]">DMA2_Channel6_IRQHandler</a> from startup_stm32l476xx.o(.text) referenced from startup_stm32l476xx.o(RESET)
 <LI><a href="#[125]">DMA2_Channel7_IRQHandler</a> from startup_stm32l476xx.o(.text) referenced from startup_stm32l476xx.o(RESET)
 <LI><a href="#[dd]">DebugMon_Handler</a> from stm32l4xx_it.o(i.DebugMon_Handler) referenced from startup_stm32l476xx.o(RESET)
 <LI><a href="#[e6]">EXTI0_IRQHandler</a> from startup_stm32l476xx.o(.text) referenced from startup_stm32l476xx.o(RESET)
 <LI><a href="#[108]">EXTI15_10_IRQHandler</a> from startup_stm32l476xx.o(.text) referenced from startup_stm32l476xx.o(RESET)
 <LI><a href="#[e7]">EXTI1_IRQHandler</a> from startup_stm32l476xx.o(.text) referenced from startup_stm32l476xx.o(RESET)
 <LI><a href="#[e8]">EXTI2_IRQHandler</a> from stm32l4xx_it.o(i.EXTI2_IRQHandler) referenced from startup_stm32l476xx.o(RESET)
 <LI><a href="#[e9]">EXTI3_IRQHandler</a> from startup_stm32l476xx.o(.text) referenced from startup_stm32l476xx.o(RESET)
 <LI><a href="#[ea]">EXTI4_IRQHandler</a> from startup_stm32l476xx.o(.text) referenced from startup_stm32l476xx.o(RESET)
 <LI><a href="#[f7]">EXTI9_5_IRQHandler</a> from startup_stm32l476xx.o(.text) referenced from startup_stm32l476xx.o(RESET)
 <LI><a href="#[e4]">FLASH_IRQHandler</a> from startup_stm32l476xx.o(.text) referenced from startup_stm32l476xx.o(RESET)
 <LI><a href="#[110]">FMC_IRQHandler</a> from startup_stm32l476xx.o(.text) referenced from startup_stm32l476xx.o(RESET)
 <LI><a href="#[130]">FPU_IRQHandler</a> from startup_stm32l476xx.o(.text) referenced from startup_stm32l476xx.o(RESET)
 <LI><a href="#[6]">HTS221_H_Check_WhoAmI</a> from hts221_driver_hl.o(i.HTS221_H_Check_WhoAmI) referenced 2 times from hts221_driver_hl.o(.data)
 <LI><a href="#[2]">HTS221_H_DeInit</a> from hts221_driver_hl.o(i.HTS221_H_DeInit) referenced 2 times from hts221_driver_hl.o(.data)
 <LI><a href="#[d]">HTS221_H_Get_DRDY_Status</a> from hts221_driver_hl.o(i.HTS221_H_Get_DRDY_Status) referenced 2 times from hts221_driver_hl.o(.data)
 <LI><a href="#[7]">HTS221_H_Get_Hum</a> from hts221_driver_hl.o(i.HTS221_H_Get_Hum) referenced 2 times from hts221_driver_hl.o(.data)
 <LI><a href="#[8]">HTS221_H_Get_ODR</a> from hts221_driver_hl.o(i.HTS221_H_Get_ODR) referenced 2 times from hts221_driver_hl.o(.data)
 <LI><a href="#[5]">HTS221_H_Get_WhoAmI</a> from hts221_driver_hl.o(i.HTS221_H_Get_WhoAmI) referenced 2 times from hts221_driver_hl.o(.data)
 <LI><a href="#[1]">HTS221_H_Init</a> from hts221_driver_hl.o(i.HTS221_H_Init) referenced 2 times from hts221_driver_hl.o(.data)
 <LI><a href="#[b]">HTS221_H_Read_Reg</a> from hts221_driver_hl.o(i.HTS221_H_Read_Reg) referenced 2 times from hts221_driver_hl.o(.data)
 <LI><a href="#[4]">HTS221_H_Sensor_Disable</a> from hts221_driver_hl.o(i.HTS221_H_Sensor_Disable) referenced 2 times from hts221_driver_hl.o(.data)
 <LI><a href="#[3]">HTS221_H_Sensor_Enable</a> from hts221_driver_hl.o(i.HTS221_H_Sensor_Enable) referenced 2 times from hts221_driver_hl.o(.data)
 <LI><a href="#[9]">HTS221_H_Set_ODR</a> from hts221_driver_hl.o(i.HTS221_H_Set_ODR) referenced 2 times from hts221_driver_hl.o(.data)
 <LI><a href="#[a]">HTS221_H_Set_ODR_Value</a> from hts221_driver_hl.o(i.HTS221_H_Set_ODR_Value) referenced 2 times from hts221_driver_hl.o(.data)
 <LI><a href="#[c]">HTS221_H_Write_Reg</a> from hts221_driver_hl.o(i.HTS221_H_Write_Reg) referenced 2 times from hts221_driver_hl.o(.data)
 <LI><a href="#[13]">HTS221_T_Check_WhoAmI</a> from hts221_driver_hl.o(i.HTS221_T_Check_WhoAmI) referenced 2 times from hts221_driver_hl.o(.data)
 <LI><a href="#[f]">HTS221_T_DeInit</a> from hts221_driver_hl.o(i.HTS221_T_DeInit) referenced 2 times from hts221_driver_hl.o(.data)
 <LI><a href="#[1a]">HTS221_T_Get_DRDY_Status</a> from hts221_driver_hl.o(i.HTS221_T_Get_DRDY_Status) referenced 2 times from hts221_driver_hl.o(.data)
 <LI><a href="#[15]">HTS221_T_Get_ODR</a> from hts221_driver_hl.o(i.HTS221_T_Get_ODR) referenced 2 times from hts221_driver_hl.o(.data)
 <LI><a href="#[14]">HTS221_T_Get_Temp</a> from hts221_driver_hl.o(i.HTS221_T_Get_Temp) referenced 2 times from hts221_driver_hl.o(.data)
 <LI><a href="#[12]">HTS221_T_Get_WhoAmI</a> from hts221_driver_hl.o(i.HTS221_T_Get_WhoAmI) referenced 2 times from hts221_driver_hl.o(.data)
 <LI><a href="#[e]">HTS221_T_Init</a> from hts221_driver_hl.o(i.HTS221_T_Init) referenced 2 times from hts221_driver_hl.o(.data)
 <LI><a href="#[18]">HTS221_T_Read_Reg</a> from hts221_driver_hl.o(i.HTS221_T_Read_Reg) referenced 2 times from hts221_driver_hl.o(.data)
 <LI><a href="#[11]">HTS221_T_Sensor_Disable</a> from hts221_driver_hl.o(i.HTS221_T_Sensor_Disable) referenced 2 times from hts221_driver_hl.o(.data)
 <LI><a href="#[10]">HTS221_T_Sensor_Enable</a> from hts221_driver_hl.o(i.HTS221_T_Sensor_Enable) referenced 2 times from hts221_driver_hl.o(.data)
 <LI><a href="#[16]">HTS221_T_Set_ODR</a> from hts221_driver_hl.o(i.HTS221_T_Set_ODR) referenced 2 times from hts221_driver_hl.o(.data)
 <LI><a href="#[17]">HTS221_T_Set_ODR_Value</a> from hts221_driver_hl.o(i.HTS221_T_Set_ODR_Value) referenced 2 times from hts221_driver_hl.o(.data)
 <LI><a href="#[19]">HTS221_T_Write_Reg</a> from hts221_driver_hl.o(i.HTS221_T_Write_Reg) referenced 2 times from hts221_driver_hl.o(.data)
 <LI><a href="#[d8]">HardFault_Handler</a> from stm32l4xx_it.o(i.HardFault_Handler) referenced from startup_stm32l476xx.o(RESET)
 <LI><a href="#[100]">I2C1_ER_IRQHandler</a> from startup_stm32l476xx.o(.text) referenced from startup_stm32l476xx.o(RESET)
 <LI><a href="#[ff]">I2C1_EV_IRQHandler</a> from startup_stm32l476xx.o(.text) referenced from startup_stm32l476xx.o(RESET)
 <LI><a href="#[102]">I2C2_ER_IRQHandler</a> from startup_stm32l476xx.o(.text) referenced from startup_stm32l476xx.o(RESET)
 <LI><a href="#[101]">I2C2_EV_IRQHandler</a> from startup_stm32l476xx.o(.text) referenced from startup_stm32l476xx.o(RESET)
 <LI><a href="#[129]">I2C3_ER_IRQHandler</a> from startup_stm32l476xx.o(.text) referenced from startup_stm32l476xx.o(RESET)
 <LI><a href="#[128]">I2C3_EV_IRQHandler</a> from startup_stm32l476xx.o(.text) referenced from startup_stm32l476xx.o(RESET)
 <LI><a href="#[12e]">LCD_IRQHandler</a> from startup_stm32l476xx.o(.text) referenced from startup_stm32l476xx.o(RESET)
 <LI><a href="#[3c]">LPS22HB_FIFO_Get_Data</a> from lps22hb_driver_hl.o(i.LPS22HB_FIFO_Get_Data) referenced 4 times from lps22hb_driver_hl.o(.data)
 <LI><a href="#[35]">LPS22HB_FIFO_Get_Empty_Status</a> from lps22hb_driver_hl.o(i.LPS22HB_FIFO_Get_Empty_Status) referenced 4 times from lps22hb_driver_hl.o(.data)
 <LI><a href="#[38]">LPS22HB_FIFO_Get_Fth_Status</a> from lps22hb_driver_hl.o(i.LPS22HB_FIFO_Get_Fth_Status) referenced 4 times from lps22hb_driver_hl.o(.data)
 <LI><a href="#[36]">LPS22HB_FIFO_Get_Full_Status</a> from lps22hb_driver_hl.o(i.LPS22HB_FIFO_Get_Full_Status) referenced 4 times from lps22hb_driver_hl.o(.data)
 <LI><a href="#[3d]">LPS22HB_FIFO_Get_Mode</a> from lps22hb_driver_hl.o(i.LPS22HB_FIFO_Get_Mode) referenced 4 times from lps22hb_driver_hl.o(.data)
 <LI><a href="#[3b]">LPS22HB_FIFO_Get_Num_Of_Samples</a> from lps22hb_driver_hl.o(i.LPS22HB_FIFO_Get_Num_Of_Samples) referenced 4 times from lps22hb_driver_hl.o(.data)
 <LI><a href="#[37]">LPS22HB_FIFO_Get_Ovr_Status</a> from lps22hb_driver_hl.o(i.LPS22HB_FIFO_Get_Ovr_Status) referenced 4 times from lps22hb_driver_hl.o(.data)
 <LI><a href="#[3f]">LPS22HB_FIFO_Get_Watermark_Level</a> from lps22hb_driver_hl.o(i.LPS22HB_FIFO_Get_Watermark_Level) referenced 4 times from lps22hb_driver_hl.o(.data)
 <LI><a href="#[43]">LPS22HB_FIFO_Reset_Interrupt</a> from lps22hb_driver_hl.o(i.LPS22HB_FIFO_Reset_Interrupt) referenced 4 times from lps22hb_driver_hl.o(.data)
 <LI><a href="#[42]">LPS22HB_FIFO_Set_Interrupt</a> from lps22hb_driver_hl.o(i.LPS22HB_FIFO_Set_Interrupt) referenced 4 times from lps22hb_driver_hl.o(.data)
 <LI><a href="#[3e]">LPS22HB_FIFO_Set_Mode</a> from lps22hb_driver_hl.o(i.LPS22HB_FIFO_Set_Mode) referenced 4 times from lps22hb_driver_hl.o(.data)
 <LI><a href="#[40]">LPS22HB_FIFO_Set_Watermark_Level</a> from lps22hb_driver_hl.o(i.LPS22HB_FIFO_Set_Watermark_Level) referenced 4 times from lps22hb_driver_hl.o(.data)
 <LI><a href="#[39]">LPS22HB_FIFO_Stop_On_Fth</a> from lps22hb_driver_hl.o(i.LPS22HB_FIFO_Stop_On_Fth) referenced 4 times from lps22hb_driver_hl.o(.data)
 <LI><a href="#[3a]">LPS22HB_FIFO_Usage</a> from lps22hb_driver_hl.o(i.LPS22HB_FIFO_Usage) referenced 4 times from lps22hb_driver_hl.o(.data)
 <LI><a href="#[41]">LPS22HB_FIFO_Watermark_Usage</a> from lps22hb_driver_hl.o(i.LPS22HB_FIFO_Watermark_Usage) referenced 4 times from lps22hb_driver_hl.o(.data)
 <LI><a href="#[20]">LPS22HB_P_Check_WhoAmI</a> from lps22hb_driver_hl.o(i.LPS22HB_P_Check_WhoAmI) referenced 2 times from lps22hb_driver_hl.o(.data)
 <LI><a href="#[1c]">LPS22HB_P_DeInit</a> from lps22hb_driver_hl.o(i.LPS22HB_P_DeInit) referenced 2 times from lps22hb_driver_hl.o(.data)
 <LI><a href="#[27]">LPS22HB_P_Get_DRDY_Status</a> from lps22hb_driver_hl.o(i.LPS22HB_P_Get_DRDY_Status) referenced 2 times from lps22hb_driver_hl.o(.data)
 <LI><a href="#[22]">LPS22HB_P_Get_ODR</a> from lps22hb_driver_hl.o(i.LPS22HB_P_Get_ODR) referenced 2 times from lps22hb_driver_hl.o(.data)
 <LI><a href="#[21]">LPS22HB_P_Get_Press</a> from lps22hb_driver_hl.o(i.LPS22HB_P_Get_Press) referenced 2 times from lps22hb_driver_hl.o(.data)
 <LI><a href="#[1f]">LPS22HB_P_Get_WhoAmI</a> from lps22hb_driver_hl.o(i.LPS22HB_P_Get_WhoAmI) referenced 2 times from lps22hb_driver_hl.o(.data)
 <LI><a href="#[1b]">LPS22HB_P_Init</a> from lps22hb_driver_hl.o(i.LPS22HB_P_Init) referenced 2 times from lps22hb_driver_hl.o(.data)
 <LI><a href="#[25]">LPS22HB_P_Read_Reg</a> from lps22hb_driver_hl.o(i.LPS22HB_P_Read_Reg) referenced 2 times from lps22hb_driver_hl.o(.data)
 <LI><a href="#[1e]">LPS22HB_P_Sensor_Disable</a> from lps22hb_driver_hl.o(i.LPS22HB_P_Sensor_Disable) referenced 2 times from lps22hb_driver_hl.o(.data)
 <LI><a href="#[1d]">LPS22HB_P_Sensor_Enable</a> from lps22hb_driver_hl.o(i.LPS22HB_P_Sensor_Enable) referenced 2 times from lps22hb_driver_hl.o(.data)
 <LI><a href="#[23]">LPS22HB_P_Set_ODR</a> from lps22hb_driver_hl.o(i.LPS22HB_P_Set_ODR) referenced 2 times from lps22hb_driver_hl.o(.data)
 <LI><a href="#[24]">LPS22HB_P_Set_ODR_Value</a> from lps22hb_driver_hl.o(i.LPS22HB_P_Set_ODR_Value) referenced 2 times from lps22hb_driver_hl.o(.data)
 <LI><a href="#[26]">LPS22HB_P_Write_Reg</a> from lps22hb_driver_hl.o(i.LPS22HB_P_Write_Reg) referenced 2 times from lps22hb_driver_hl.o(.data)
 <LI><a href="#[2d]">LPS22HB_T_Check_WhoAmI</a> from lps22hb_driver_hl.o(i.LPS22HB_T_Check_WhoAmI) referenced 2 times from lps22hb_driver_hl.o(.data)
 <LI><a href="#[29]">LPS22HB_T_DeInit</a> from lps22hb_driver_hl.o(i.LPS22HB_T_DeInit) referenced 2 times from lps22hb_driver_hl.o(.data)
 <LI><a href="#[34]">LPS22HB_T_Get_DRDY_Status</a> from lps22hb_driver_hl.o(i.LPS22HB_T_Get_DRDY_Status) referenced 2 times from lps22hb_driver_hl.o(.data)
 <LI><a href="#[2f]">LPS22HB_T_Get_ODR</a> from lps22hb_driver_hl.o(i.LPS22HB_T_Get_ODR) referenced 2 times from lps22hb_driver_hl.o(.data)
 <LI><a href="#[2e]">LPS22HB_T_Get_Temp</a> from lps22hb_driver_hl.o(i.LPS22HB_T_Get_Temp) referenced 2 times from lps22hb_driver_hl.o(.data)
 <LI><a href="#[2c]">LPS22HB_T_Get_WhoAmI</a> from lps22hb_driver_hl.o(i.LPS22HB_T_Get_WhoAmI) referenced 2 times from lps22hb_driver_hl.o(.data)
 <LI><a href="#[28]">LPS22HB_T_Init</a> from lps22hb_driver_hl.o(i.LPS22HB_T_Init) referenced 2 times from lps22hb_driver_hl.o(.data)
 <LI><a href="#[32]">LPS22HB_T_Read_Reg</a> from lps22hb_driver_hl.o(i.LPS22HB_T_Read_Reg) referenced 2 times from lps22hb_driver_hl.o(.data)
 <LI><a href="#[2b]">LPS22HB_T_Sensor_Disable</a> from lps22hb_driver_hl.o(i.LPS22HB_T_Sensor_Disable) referenced 2 times from lps22hb_driver_hl.o(.data)
 <LI><a href="#[2a]">LPS22HB_T_Sensor_Enable</a> from lps22hb_driver_hl.o(i.LPS22HB_T_Sensor_Enable) referenced 2 times from lps22hb_driver_hl.o(.data)
 <LI><a href="#[30]">LPS22HB_T_Set_ODR</a> from lps22hb_driver_hl.o(i.LPS22HB_T_Set_ODR) referenced 2 times from lps22hb_driver_hl.o(.data)
 <LI><a href="#[31]">LPS22HB_T_Set_ODR_Value</a> from lps22hb_driver_hl.o(i.LPS22HB_T_Set_ODR_Value) referenced 2 times from lps22hb_driver_hl.o(.data)
 <LI><a href="#[33]">LPS22HB_T_Write_Reg</a> from lps22hb_driver_hl.o(i.LPS22HB_T_Write_Reg) referenced 2 times from lps22hb_driver_hl.o(.data)
 <LI><a href="#[121]">LPTIM1_IRQHandler</a> from startup_stm32l476xx.o(.text) referenced from startup_stm32l476xx.o(RESET)
 <LI><a href="#[122]">LPTIM2_IRQHandler</a> from startup_stm32l476xx.o(.text) referenced from startup_stm32l476xx.o(RESET)
 <LI><a href="#[126]">LPUART1_IRQHandler</a> from startup_stm32l476xx.o(.text) referenced from startup_stm32l476xx.o(RESET)
 <LI><a href="#[a6]">LSM303AGR_M_Check_WhoAmI</a> from lsm303agr_mag_driver_hl.o(i.LSM303AGR_M_Check_WhoAmI) referenced 2 times from lsm303agr_mag_driver_hl.o(.data)
 <LI><a href="#[a2]">LSM303AGR_M_DeInit</a> from lsm303agr_mag_driver_hl.o(i.LSM303AGR_M_DeInit) referenced 2 times from lsm303agr_mag_driver_hl.o(.data)
 <LI><a href="#[a7]">LSM303AGR_M_Get_Axes</a> from lsm303agr_mag_driver_hl.o(i.LSM303AGR_M_Get_Axes) referenced 2 times from lsm303agr_mag_driver_hl.o(.data)
 <LI><a href="#[a8]">LSM303AGR_M_Get_AxesRaw</a> from lsm303agr_mag_driver_hl.o(i.LSM303AGR_M_Get_AxesRaw) referenced 2 times from lsm303agr_mag_driver_hl.o(.data)
 <LI><a href="#[b2]">LSM303AGR_M_Get_DRDY_Status</a> from lsm303agr_mag_driver_hl.o(i.LSM303AGR_M_Get_DRDY_Status) referenced 2 times from lsm303agr_mag_driver_hl.o(.data)
 <LI><a href="#[ad]">LSM303AGR_M_Get_FS</a> from lsm303agr_mag_driver_hl.o(i.LSM303AGR_M_Get_FS) referenced 2 times from lsm303agr_mag_driver_hl.o(.data)
 <LI><a href="#[aa]">LSM303AGR_M_Get_ODR</a> from lsm303agr_mag_driver_hl.o(i.LSM303AGR_M_Get_ODR) referenced 2 times from lsm303agr_mag_driver_hl.o(.data)
 <LI><a href="#[a9]">LSM303AGR_M_Get_Sensitivity</a> from lsm303agr_mag_driver_hl.o(i.LSM303AGR_M_Get_Sensitivity) referenced 2 times from lsm303agr_mag_driver_hl.o(.data)
 <LI><a href="#[a5]">LSM303AGR_M_Get_WhoAmI</a> from lsm303agr_mag_driver_hl.o(i.LSM303AGR_M_Get_WhoAmI) referenced 2 times from lsm303agr_mag_driver_hl.o(.data)
 <LI><a href="#[a1]">LSM303AGR_M_Init</a> from lsm303agr_mag_driver_hl.o(i.LSM303AGR_M_Init) referenced 2 times from lsm303agr_mag_driver_hl.o(.data)
 <LI><a href="#[b0]">LSM303AGR_M_Read_Reg</a> from lsm303agr_mag_driver_hl.o(i.LSM303AGR_M_Read_Reg) referenced 2 times from lsm303agr_mag_driver_hl.o(.data)
 <LI><a href="#[a4]">LSM303AGR_M_Sensor_Disable</a> from lsm303agr_mag_driver_hl.o(i.LSM303AGR_M_Sensor_Disable) referenced 2 times from lsm303agr_mag_driver_hl.o(.data)
 <LI><a href="#[a3]">LSM303AGR_M_Sensor_Enable</a> from lsm303agr_mag_driver_hl.o(i.LSM303AGR_M_Sensor_Enable) referenced 2 times from lsm303agr_mag_driver_hl.o(.data)
 <LI><a href="#[ae]">LSM303AGR_M_Set_FS</a> from lsm303agr_mag_driver_hl.o(i.LSM303AGR_M_Set_FS) referenced 2 times from lsm303agr_mag_driver_hl.o(.data)
 <LI><a href="#[af]">LSM303AGR_M_Set_FS_Value</a> from lsm303agr_mag_driver_hl.o(i.LSM303AGR_M_Set_FS_Value) referenced 2 times from lsm303agr_mag_driver_hl.o(.data)
 <LI><a href="#[ab]">LSM303AGR_M_Set_ODR</a> from lsm303agr_mag_driver_hl.o(i.LSM303AGR_M_Set_ODR) referenced 2 times from lsm303agr_mag_driver_hl.o(.data)
 <LI><a href="#[ac]">LSM303AGR_M_Set_ODR_Value</a> from lsm303agr_mag_driver_hl.o(i.LSM303AGR_M_Set_ODR_Value) referenced 2 times from lsm303agr_mag_driver_hl.o(.data)
 <LI><a href="#[b1]">LSM303AGR_M_Write_Reg</a> from lsm303agr_mag_driver_hl.o(i.LSM303AGR_M_Write_Reg) referenced 2 times from lsm303agr_mag_driver_hl.o(.data)
 <LI><a href="#[92]">LSM303AGR_X_Check_WhoAmI</a> from lsm303agr_acc_driver_hl.o(i.LSM303AGR_X_Check_WhoAmI) referenced 2 times from lsm303agr_acc_driver_hl.o(.data)
 <LI><a href="#[8e]">LSM303AGR_X_DeInit</a> from lsm303agr_acc_driver_hl.o(i.LSM303AGR_X_DeInit) referenced 2 times from lsm303agr_acc_driver_hl.o(.data)
 <LI><a href="#[93]">LSM303AGR_X_Get_Axes</a> from lsm303agr_acc_driver_hl.o(i.LSM303AGR_X_Get_Axes) referenced 2 times from lsm303agr_acc_driver_hl.o(.data)
 <LI><a href="#[94]">LSM303AGR_X_Get_AxesRaw</a> from lsm303agr_acc_driver_hl.o(i.LSM303AGR_X_Get_AxesRaw) referenced 2 times from lsm303agr_acc_driver_hl.o(.data)
 <LI><a href="#[9c]">LSM303AGR_X_Get_Axes_Status</a> from lsm303agr_acc_driver_hl.o(i.LSM303AGR_X_Get_Axes_Status) referenced 2 times from lsm303agr_acc_driver_hl.o(.data)
 <LI><a href="#[a0]">LSM303AGR_X_Get_DRDY_Status</a> from lsm303agr_acc_driver_hl.o(i.LSM303AGR_X_Get_DRDY_Status) referenced 2 times from lsm303agr_acc_driver_hl.o(.data)
 <LI><a href="#[99]">LSM303AGR_X_Get_FS</a> from lsm303agr_acc_driver_hl.o(i.LSM303AGR_X_Get_FS) referenced 2 times from lsm303agr_acc_driver_hl.o(.data)
 <LI><a href="#[96]">LSM303AGR_X_Get_ODR</a> from lsm303agr_acc_driver_hl.o(i.LSM303AGR_X_Get_ODR) referenced 2 times from lsm303agr_acc_driver_hl.o(.data)
 <LI><a href="#[95]">LSM303AGR_X_Get_Sensitivity</a> from lsm303agr_acc_driver_hl.o(i.LSM303AGR_X_Get_Sensitivity) referenced 2 times from lsm303agr_acc_driver_hl.o(.data)
 <LI><a href="#[91]">LSM303AGR_X_Get_WhoAmI</a> from lsm303agr_acc_driver_hl.o(i.LSM303AGR_X_Get_WhoAmI) referenced 2 times from lsm303agr_acc_driver_hl.o(.data)
 <LI><a href="#[8d]">LSM303AGR_X_Init</a> from lsm303agr_acc_driver_hl.o(i.LSM303AGR_X_Init) referenced 2 times from lsm303agr_acc_driver_hl.o(.data)
 <LI><a href="#[9e]">LSM303AGR_X_Read_Reg</a> from lsm303agr_acc_driver_hl.o(i.LSM303AGR_X_Read_Reg) referenced 2 times from lsm303agr_acc_driver_hl.o(.data)
 <LI><a href="#[90]">LSM303AGR_X_Sensor_Disable</a> from lsm303agr_acc_driver_hl.o(i.LSM303AGR_X_Sensor_Disable) referenced 2 times from lsm303agr_acc_driver_hl.o(.data)
 <LI><a href="#[8f]">LSM303AGR_X_Sensor_Enable</a> from lsm303agr_acc_driver_hl.o(i.LSM303AGR_X_Sensor_Enable) referenced 2 times from lsm303agr_acc_driver_hl.o(.data)
 <LI><a href="#[9d]">LSM303AGR_X_Set_Axes_Status</a> from lsm303agr_acc_driver_hl.o(i.LSM303AGR_X_Set_Axes_Status) referenced 2 times from lsm303agr_acc_driver_hl.o(.data)
 <LI><a href="#[9a]">LSM303AGR_X_Set_FS</a> from lsm303agr_acc_driver_hl.o(i.LSM303AGR_X_Set_FS) referenced 2 times from lsm303agr_acc_driver_hl.o(.data)
 <LI><a href="#[9b]">LSM303AGR_X_Set_FS_Value</a> from lsm303agr_acc_driver_hl.o(i.LSM303AGR_X_Set_FS_Value) referenced 2 times from lsm303agr_acc_driver_hl.o(.data)
 <LI><a href="#[97]">LSM303AGR_X_Set_ODR</a> from lsm303agr_acc_driver_hl.o(i.LSM303AGR_X_Set_ODR) referenced 2 times from lsm303agr_acc_driver_hl.o(.data)
 <LI><a href="#[98]">LSM303AGR_X_Set_ODR_Value</a> from lsm303agr_acc_driver_hl.o(i.LSM303AGR_X_Set_ODR_Value) referenced 2 times from lsm303agr_acc_driver_hl.o(.data)
 <LI><a href="#[9f]">LSM303AGR_X_Write_Reg</a> from lsm303agr_acc_driver_hl.o(i.LSM303AGR_X_Write_Reg) referenced 2 times from lsm303agr_acc_driver_hl.o(.data)
 <LI><a href="#[80]">LSM6DSM_G_Check_WhoAmI</a> from lsm6dsm_acc_gyro_driver_hl.o(i.LSM6DSM_G_Check_WhoAmI) referenced 2 times from lsm6dsm_acc_gyro_driver_hl.o(.data)
 <LI><a href="#[7c]">LSM6DSM_G_DeInit</a> from lsm6dsm_acc_gyro_driver_hl.o(i.LSM6DSM_G_DeInit) referenced 2 times from lsm6dsm_acc_gyro_driver_hl.o(.data)
 <LI><a href="#[81]">LSM6DSM_G_Get_Axes</a> from lsm6dsm_acc_gyro_driver_hl.o(i.LSM6DSM_G_Get_Axes) referenced 2 times from lsm6dsm_acc_gyro_driver_hl.o(.data)
 <LI><a href="#[82]">LSM6DSM_G_Get_AxesRaw</a> from lsm6dsm_acc_gyro_driver_hl.o(i.LSM6DSM_G_Get_AxesRaw) referenced 2 times from lsm6dsm_acc_gyro_driver_hl.o(.data)
 <LI><a href="#[8c]">LSM6DSM_G_Get_DRDY_Status</a> from lsm6dsm_acc_gyro_driver_hl.o(i.LSM6DSM_G_Get_DRDY_Status) referenced 2 times from lsm6dsm_acc_gyro_driver_hl.o(.data)
 <LI><a href="#[87]">LSM6DSM_G_Get_FS</a> from lsm6dsm_acc_gyro_driver_hl.o(i.LSM6DSM_G_Get_FS) referenced 2 times from lsm6dsm_acc_gyro_driver_hl.o(.data)
 <LI><a href="#[84]">LSM6DSM_G_Get_ODR</a> from lsm6dsm_acc_gyro_driver_hl.o(i.LSM6DSM_G_Get_ODR) referenced 2 times from lsm6dsm_acc_gyro_driver_hl.o(.data)
 <LI><a href="#[83]">LSM6DSM_G_Get_Sensitivity</a> from lsm6dsm_acc_gyro_driver_hl.o(i.LSM6DSM_G_Get_Sensitivity) referenced 2 times from lsm6dsm_acc_gyro_driver_hl.o(.data)
 <LI><a href="#[7f]">LSM6DSM_G_Get_WhoAmI</a> from lsm6dsm_acc_gyro_driver_hl.o(i.LSM6DSM_G_Get_WhoAmI) referenced 2 times from lsm6dsm_acc_gyro_driver_hl.o(.data)
 <LI><a href="#[7b]">LSM6DSM_G_Init</a> from lsm6dsm_acc_gyro_driver_hl.o(i.LSM6DSM_G_Init) referenced 2 times from lsm6dsm_acc_gyro_driver_hl.o(.data)
 <LI><a href="#[8a]">LSM6DSM_G_Read_Reg</a> from lsm6dsm_acc_gyro_driver_hl.o(i.LSM6DSM_G_Read_Reg) referenced 2 times from lsm6dsm_acc_gyro_driver_hl.o(.data)
 <LI><a href="#[7e]">LSM6DSM_G_Sensor_Disable</a> from lsm6dsm_acc_gyro_driver_hl.o(i.LSM6DSM_G_Sensor_Disable) referenced 2 times from lsm6dsm_acc_gyro_driver_hl.o(.data)
 <LI><a href="#[7d]">LSM6DSM_G_Sensor_Enable</a> from lsm6dsm_acc_gyro_driver_hl.o(i.LSM6DSM_G_Sensor_Enable) referenced 2 times from lsm6dsm_acc_gyro_driver_hl.o(.data)
 <LI><a href="#[88]">LSM6DSM_G_Set_FS</a> from lsm6dsm_acc_gyro_driver_hl.o(i.LSM6DSM_G_Set_FS) referenced 2 times from lsm6dsm_acc_gyro_driver_hl.o(.data)
 <LI><a href="#[89]">LSM6DSM_G_Set_FS_Value</a> from lsm6dsm_acc_gyro_driver_hl.o(i.LSM6DSM_G_Set_FS_Value) referenced 2 times from lsm6dsm_acc_gyro_driver_hl.o(.data)
 <LI><a href="#[85]">LSM6DSM_G_Set_ODR</a> from lsm6dsm_acc_gyro_driver_hl.o(i.LSM6DSM_G_Set_ODR) referenced 2 times from lsm6dsm_acc_gyro_driver_hl.o(.data)
 <LI><a href="#[86]">LSM6DSM_G_Set_ODR_Value</a> from lsm6dsm_acc_gyro_driver_hl.o(i.LSM6DSM_G_Set_ODR_Value) referenced 2 times from lsm6dsm_acc_gyro_driver_hl.o(.data)
 <LI><a href="#[8b]">LSM6DSM_G_Write_Reg</a> from lsm6dsm_acc_gyro_driver_hl.o(i.LSM6DSM_G_Write_Reg) referenced 2 times from lsm6dsm_acc_gyro_driver_hl.o(.data)
 <LI><a href="#[6e]">LSM6DSM_X_Check_WhoAmI</a> from lsm6dsm_acc_gyro_driver_hl.o(i.LSM6DSM_X_Check_WhoAmI) referenced 2 times from lsm6dsm_acc_gyro_driver_hl.o(.data)
 <LI><a href="#[6a]">LSM6DSM_X_DeInit</a> from lsm6dsm_acc_gyro_driver_hl.o(i.LSM6DSM_X_DeInit) referenced 2 times from lsm6dsm_acc_gyro_driver_hl.o(.data)
 <LI><a href="#[61]">LSM6DSM_X_Disable_6D_Orientation</a> from lsm6dsm_acc_gyro_driver_hl.o(i.LSM6DSM_X_Disable_6D_Orientation) referenced 2 times from lsm6dsm_acc_gyro_driver_hl.o(.data)
 <LI><a href="#[5a]">LSM6DSM_X_Disable_Double_Tap_Detection</a> from lsm6dsm_acc_gyro_driver_hl.o(i.LSM6DSM_X_Disable_Double_Tap_Detection) referenced 2 times from lsm6dsm_acc_gyro_driver_hl.o(.data)
 <LI><a href="#[45]">LSM6DSM_X_Disable_Free_Fall_Detection</a> from lsm6dsm_acc_gyro_driver_hl.o(i.LSM6DSM_X_Disable_Free_Fall_Detection) referenced 2 times from lsm6dsm_acc_gyro_driver_hl.o(.data)
 <LI><a href="#[49]">LSM6DSM_X_Disable_Pedometer</a> from lsm6dsm_acc_gyro_driver_hl.o(i.LSM6DSM_X_Disable_Pedometer) referenced 2 times from lsm6dsm_acc_gyro_driver_hl.o(.data)
 <LI><a href="#[57]">LSM6DSM_X_Disable_Single_Tap_Detection</a> from lsm6dsm_acc_gyro_driver_hl.o(i.LSM6DSM_X_Disable_Single_Tap_Detection) referenced 2 times from lsm6dsm_acc_gyro_driver_hl.o(.data)
 <LI><a href="#[4d]">LSM6DSM_X_Disable_Step_Counter_Reset</a> from lsm6dsm_acc_gyro_driver_hl.o(i.LSM6DSM_X_Disable_Step_Counter_Reset) referenced 2 times from lsm6dsm_acc_gyro_driver_hl.o(.data)
 <LI><a href="#[50]">LSM6DSM_X_Disable_Tilt_Detection</a> from lsm6dsm_acc_gyro_driver_hl.o(i.LSM6DSM_X_Disable_Tilt_Detection) referenced 2 times from lsm6dsm_acc_gyro_driver_hl.o(.data)
 <LI><a href="#[53]">LSM6DSM_X_Disable_Wake_Up_Detection</a> from lsm6dsm_acc_gyro_driver_hl.o(i.LSM6DSM_X_Disable_Wake_Up_Detection) referenced 2 times from lsm6dsm_acc_gyro_driver_hl.o(.data)
 <LI><a href="#[60]">LSM6DSM_X_Enable_6D_Orientation</a> from lsm6dsm_acc_gyro_driver_hl.o(i.LSM6DSM_X_Enable_6D_Orientation) referenced 2 times from lsm6dsm_acc_gyro_driver_hl.o(.data)
 <LI><a href="#[59]">LSM6DSM_X_Enable_Double_Tap_Detection</a> from lsm6dsm_acc_gyro_driver_hl.o(i.LSM6DSM_X_Enable_Double_Tap_Detection) referenced 2 times from lsm6dsm_acc_gyro_driver_hl.o(.data)
 <LI><a href="#[44]">LSM6DSM_X_Enable_Free_Fall_Detection</a> from lsm6dsm_acc_gyro_driver_hl.o(i.LSM6DSM_X_Enable_Free_Fall_Detection) referenced 2 times from lsm6dsm_acc_gyro_driver_hl.o(.data)
 <LI><a href="#[48]">LSM6DSM_X_Enable_Pedometer</a> from lsm6dsm_acc_gyro_driver_hl.o(i.LSM6DSM_X_Enable_Pedometer) referenced 2 times from lsm6dsm_acc_gyro_driver_hl.o(.data)
 <LI><a href="#[56]">LSM6DSM_X_Enable_Single_Tap_Detection</a> from lsm6dsm_acc_gyro_driver_hl.o(i.LSM6DSM_X_Enable_Single_Tap_Detection) referenced 2 times from lsm6dsm_acc_gyro_driver_hl.o(.data)
 <LI><a href="#[4c]">LSM6DSM_X_Enable_Step_Counter_Reset</a> from lsm6dsm_acc_gyro_driver_hl.o(i.LSM6DSM_X_Enable_Step_Counter_Reset) referenced 2 times from lsm6dsm_acc_gyro_driver_hl.o(.data)
 <LI><a href="#[4f]">LSM6DSM_X_Enable_Tilt_Detection</a> from lsm6dsm_acc_gyro_driver_hl.o(i.LSM6DSM_X_Enable_Tilt_Detection) referenced 2 times from lsm6dsm_acc_gyro_driver_hl.o(.data)
 <LI><a href="#[52]">LSM6DSM_X_Enable_Wake_Up_Detection</a> from lsm6dsm_acc_gyro_driver_hl.o(i.LSM6DSM_X_Enable_Wake_Up_Detection) referenced 2 times from lsm6dsm_acc_gyro_driver_hl.o(.data)
 <LI><a href="#[62]">LSM6DSM_X_Get_6D_Orientation_Status</a> from lsm6dsm_acc_gyro_driver_hl.o(i.LSM6DSM_X_Get_6D_Orientation_Status) referenced 2 times from lsm6dsm_acc_gyro_driver_hl.o(.data)
 <LI><a href="#[64]">LSM6DSM_X_Get_6D_Orientation_XH</a> from lsm6dsm_acc_gyro_driver_hl.o(i.LSM6DSM_X_Get_6D_Orientation_XH) referenced 2 times from lsm6dsm_acc_gyro_driver_hl.o(.data)
 <LI><a href="#[63]">LSM6DSM_X_Get_6D_Orientation_XL</a> from lsm6dsm_acc_gyro_driver_hl.o(i.LSM6DSM_X_Get_6D_Orientation_XL) referenced 2 times from lsm6dsm_acc_gyro_driver_hl.o(.data)
 <LI><a href="#[66]">LSM6DSM_X_Get_6D_Orientation_YH</a> from lsm6dsm_acc_gyro_driver_hl.o(i.LSM6DSM_X_Get_6D_Orientation_YH) referenced 2 times from lsm6dsm_acc_gyro_driver_hl.o(.data)
 <LI><a href="#[65]">LSM6DSM_X_Get_6D_Orientation_YL</a> from lsm6dsm_acc_gyro_driver_hl.o(i.LSM6DSM_X_Get_6D_Orientation_YL) referenced 2 times from lsm6dsm_acc_gyro_driver_hl.o(.data)
 <LI><a href="#[68]">LSM6DSM_X_Get_6D_Orientation_ZH</a> from lsm6dsm_acc_gyro_driver_hl.o(i.LSM6DSM_X_Get_6D_Orientation_ZH) referenced 2 times from lsm6dsm_acc_gyro_driver_hl.o(.data)
 <LI><a href="#[67]">LSM6DSM_X_Get_6D_Orientation_ZL</a> from lsm6dsm_acc_gyro_driver_hl.o(i.LSM6DSM_X_Get_6D_Orientation_ZL) referenced 2 times from lsm6dsm_acc_gyro_driver_hl.o(.data)
 <LI><a href="#[6f]">LSM6DSM_X_Get_Axes</a> from lsm6dsm_acc_gyro_driver_hl.o(i.LSM6DSM_X_Get_Axes) referenced 2 times from lsm6dsm_acc_gyro_driver_hl.o(.data)
 <LI><a href="#[70]">LSM6DSM_X_Get_AxesRaw</a> from lsm6dsm_acc_gyro_driver_hl.o(i.LSM6DSM_X_Get_AxesRaw) referenced 2 times from lsm6dsm_acc_gyro_driver_hl.o(.data)
 <LI><a href="#[7a]">LSM6DSM_X_Get_DRDY_Status</a> from lsm6dsm_acc_gyro_driver_hl.o(i.LSM6DSM_X_Get_DRDY_Status) referenced 2 times from lsm6dsm_acc_gyro_driver_hl.o(.data)
 <LI><a href="#[5b]">LSM6DSM_X_Get_Double_Tap_Detection_Status</a> from lsm6dsm_acc_gyro_driver_hl.o(i.LSM6DSM_X_Get_Double_Tap_Detection_Status) referenced 2 times from lsm6dsm_acc_gyro_driver_hl.o(.data)
 <LI><a href="#[75]">LSM6DSM_X_Get_FS</a> from lsm6dsm_acc_gyro_driver_hl.o(i.LSM6DSM_X_Get_FS) referenced 2 times from lsm6dsm_acc_gyro_driver_hl.o(.data)
 <LI><a href="#[46]">LSM6DSM_X_Get_Free_Fall_Detection_Status</a> from lsm6dsm_acc_gyro_driver_hl.o(i.LSM6DSM_X_Get_Free_Fall_Detection_Status) referenced 2 times from lsm6dsm_acc_gyro_driver_hl.o(.data)
 <LI><a href="#[72]">LSM6DSM_X_Get_ODR</a> from lsm6dsm_acc_gyro_driver_hl.o(i.LSM6DSM_X_Get_ODR) referenced 2 times from lsm6dsm_acc_gyro_driver_hl.o(.data)
 <LI><a href="#[4a]">LSM6DSM_X_Get_Pedometer_Status</a> from lsm6dsm_acc_gyro_driver_hl.o(i.LSM6DSM_X_Get_Pedometer_Status) referenced 2 times from lsm6dsm_acc_gyro_driver_hl.o(.data)
 <LI><a href="#[71]">LSM6DSM_X_Get_Sensitivity</a> from lsm6dsm_acc_gyro_driver_hl.o(i.LSM6DSM_X_Get_Sensitivity) referenced 2 times from lsm6dsm_acc_gyro_driver_hl.o(.data)
 <LI><a href="#[58]">LSM6DSM_X_Get_Single_Tap_Detection_Status</a> from lsm6dsm_acc_gyro_driver_hl.o(i.LSM6DSM_X_Get_Single_Tap_Detection_Status) referenced 2 times from lsm6dsm_acc_gyro_driver_hl.o(.data)
 <LI><a href="#[4b]">LSM6DSM_X_Get_Step_Count</a> from lsm6dsm_acc_gyro_driver_hl.o(i.LSM6DSM_X_Get_Step_Count) referenced 2 times from lsm6dsm_acc_gyro_driver_hl.o(.data)
 <LI><a href="#[51]">LSM6DSM_X_Get_Tilt_Detection_Status</a> from lsm6dsm_acc_gyro_driver_hl.o(i.LSM6DSM_X_Get_Tilt_Detection_Status) referenced 2 times from lsm6dsm_acc_gyro_driver_hl.o(.data)
 <LI><a href="#[54]">LSM6DSM_X_Get_Wake_Up_Detection_Status</a> from lsm6dsm_acc_gyro_driver_hl.o(i.LSM6DSM_X_Get_Wake_Up_Detection_Status) referenced 2 times from lsm6dsm_acc_gyro_driver_hl.o(.data)
 <LI><a href="#[6d]">LSM6DSM_X_Get_WhoAmI</a> from lsm6dsm_acc_gyro_driver_hl.o(i.LSM6DSM_X_Get_WhoAmI) referenced 2 times from lsm6dsm_acc_gyro_driver_hl.o(.data)
 <LI><a href="#[69]">LSM6DSM_X_Init</a> from lsm6dsm_acc_gyro_driver_hl.o(i.LSM6DSM_X_Init) referenced 2 times from lsm6dsm_acc_gyro_driver_hl.o(.data)
 <LI><a href="#[78]">LSM6DSM_X_Read_Reg</a> from lsm6dsm_acc_gyro_driver_hl.o(i.LSM6DSM_X_Read_Reg) referenced 2 times from lsm6dsm_acc_gyro_driver_hl.o(.data)
 <LI><a href="#[6c]">LSM6DSM_X_Sensor_Disable</a> from lsm6dsm_acc_gyro_driver_hl.o(i.LSM6DSM_X_Sensor_Disable) referenced 2 times from lsm6dsm_acc_gyro_driver_hl.o(.data)
 <LI><a href="#[6b]">LSM6DSM_X_Sensor_Enable</a> from lsm6dsm_acc_gyro_driver_hl.o(i.LSM6DSM_X_Sensor_Enable) referenced 2 times from lsm6dsm_acc_gyro_driver_hl.o(.data)
 <LI><a href="#[76]">LSM6DSM_X_Set_FS</a> from lsm6dsm_acc_gyro_driver_hl.o(i.LSM6DSM_X_Set_FS) referenced 2 times from lsm6dsm_acc_gyro_driver_hl.o(.data)
 <LI><a href="#[77]">LSM6DSM_X_Set_FS_Value</a> from lsm6dsm_acc_gyro_driver_hl.o(i.LSM6DSM_X_Set_FS_Value) referenced 2 times from lsm6dsm_acc_gyro_driver_hl.o(.data)
 <LI><a href="#[47]">LSM6DSM_X_Set_Free_Fall_Threshold</a> from lsm6dsm_acc_gyro_driver_hl.o(i.LSM6DSM_X_Set_Free_Fall_Threshold) referenced 2 times from lsm6dsm_acc_gyro_driver_hl.o(.data)
 <LI><a href="#[73]">LSM6DSM_X_Set_ODR</a> from lsm6dsm_acc_gyro_driver_hl.o(i.LSM6DSM_X_Set_ODR) referenced 2 times from lsm6dsm_acc_gyro_driver_hl.o(.data)
 <LI><a href="#[74]">LSM6DSM_X_Set_ODR_Value</a> from lsm6dsm_acc_gyro_driver_hl.o(i.LSM6DSM_X_Set_ODR_Value) referenced 2 times from lsm6dsm_acc_gyro_driver_hl.o(.data)
 <LI><a href="#[4e]">LSM6DSM_X_Set_Pedometer_Threshold</a> from lsm6dsm_acc_gyro_driver_hl.o(i.LSM6DSM_X_Set_Pedometer_Threshold) referenced 2 times from lsm6dsm_acc_gyro_driver_hl.o(.data)
 <LI><a href="#[5f]">LSM6DSM_X_Set_Tap_Duration_Time</a> from lsm6dsm_acc_gyro_driver_hl.o(i.LSM6DSM_X_Set_Tap_Duration_Time) referenced 2 times from lsm6dsm_acc_gyro_driver_hl.o(.data)
 <LI><a href="#[5e]">LSM6DSM_X_Set_Tap_Quiet_Time</a> from lsm6dsm_acc_gyro_driver_hl.o(i.LSM6DSM_X_Set_Tap_Quiet_Time) referenced 2 times from lsm6dsm_acc_gyro_driver_hl.o(.data)
 <LI><a href="#[5d]">LSM6DSM_X_Set_Tap_Shock_Time</a> from lsm6dsm_acc_gyro_driver_hl.o(i.LSM6DSM_X_Set_Tap_Shock_Time) referenced 2 times from lsm6dsm_acc_gyro_driver_hl.o(.data)
 <LI><a href="#[5c]">LSM6DSM_X_Set_Tap_Threshold</a> from lsm6dsm_acc_gyro_driver_hl.o(i.LSM6DSM_X_Set_Tap_Threshold) referenced 2 times from lsm6dsm_acc_gyro_driver_hl.o(.data)
 <LI><a href="#[55]">LSM6DSM_X_Set_Wake_Up_Threshold</a> from lsm6dsm_acc_gyro_driver_hl.o(i.LSM6DSM_X_Set_Wake_Up_Threshold) referenced 2 times from lsm6dsm_acc_gyro_driver_hl.o(.data)
 <LI><a href="#[79]">LSM6DSM_X_Write_Reg</a> from lsm6dsm_acc_gyro_driver_hl.o(i.LSM6DSM_X_Write_Reg) referenced 2 times from lsm6dsm_acc_gyro_driver_hl.o(.data)
 <LI><a href="#[d9]">MemManage_Handler</a> from startup_stm32l476xx.o(.text) referenced from startup_stm32l476xx.o(RESET)
 <LI><a href="#[d7]">NMI_Handler</a> from stm32l4xx_it.o(i.NMI_Handler) referenced from startup_stm32l476xx.o(RESET)
 <LI><a href="#[123]">OTG_FS_IRQHandler</a> from stm32l4xx_it.o(i.OTG_FS_IRQHandler) referenced from startup_stm32l476xx.o(RESET)
 <LI><a href="#[e1]">PVD_PVM_IRQHandler</a> from startup_stm32l476xx.o(.text) referenced from startup_stm32l476xx.o(RESET)
 <LI><a href="#[de]">PendSV_Handler</a> from startup_stm32l476xx.o(.text) referenced from startup_stm32l476xx.o(RESET)
 <LI><a href="#[127]">QUADSPI_IRQHandler</a> from startup_stm32l476xx.o(.text) referenced from startup_stm32l476xx.o(RESET)
 <LI><a href="#[e5]">RCC_IRQHandler</a> from startup_stm32l476xx.o(.text) referenced from startup_stm32l476xx.o(RESET)
 <LI><a href="#[12f]">RNG_IRQHandler</a> from startup_stm32l476xx.o(.text) referenced from startup_stm32l476xx.o(RESET)
 <LI><a href="#[109]">RTC_Alarm_IRQHandler</a> from startup_stm32l476xx.o(.text) referenced from startup_stm32l476xx.o(RESET)
 <LI><a href="#[e3]">RTC_WKUP_IRQHandler</a> from startup_stm32l476xx.o(.text) referenced from startup_stm32l476xx.o(RESET)
 <LI><a href="#[d6]">Reset_Handler</a> from startup_stm32l476xx.o(.text) referenced from startup_stm32l476xx.o(RESET)
 <LI><a href="#[12a]">SAI1_IRQHandler</a> from startup_stm32l476xx.o(.text) referenced from startup_stm32l476xx.o(RESET)
 <LI><a href="#[12b]">SAI2_IRQHandler</a> from startup_stm32l476xx.o(.text) referenced from startup_stm32l476xx.o(RESET)
 <LI><a href="#[111]">SDMMC1_IRQHandler</a> from startup_stm32l476xx.o(.text) referenced from startup_stm32l476xx.o(RESET)
 <LI><a href="#[136]">SD_initialize</a> from sd_diskio.o(i.SD_initialize) referenced from sd_diskio.o(.constdata)
 <LI><a href="#[13a]">SD_ioctl</a> from sd_diskio.o(i.SD_ioctl) referenced from sd_diskio.o(.constdata)
 <LI><a href="#[138]">SD_read</a> from sd_diskio.o(i.SD_read) referenced from sd_diskio.o(.constdata)
 <LI><a href="#[137]">SD_status</a> from sd_diskio.o(i.SD_status) referenced from sd_diskio.o(.constdata)
 <LI><a href="#[139]">SD_write</a> from sd_diskio.o(i.SD_write) referenced from sd_diskio.o(.constdata)
 <LI><a href="#[103]">SPI1_IRQHandler</a> from startup_stm32l476xx.o(.text) referenced from startup_stm32l476xx.o(RESET)
 <LI><a href="#[104]">SPI2_IRQHandler</a> from startup_stm32l476xx.o(.text) referenced from startup_stm32l476xx.o(RESET)
 <LI><a href="#[113]">SPI3_IRQHandler</a> from startup_stm32l476xx.o(.text) referenced from startup_stm32l476xx.o(RESET)
 <LI><a href="#[b4]">STC3115_DeInit</a> from stc3115_driver.o(i.STC3115_DeInit) referenced 2 times from stc3115_driver.o(.data)
 <LI><a href="#[c0]">STC3115_GetAlarmStatus</a> from stc3115_driver.o(i.STC3115_GetAlarmStatus) referenced 2 times from stc3115_driver.o(.data)
 <LI><a href="#[be]">STC3115_GetChargeValue</a> from stc3115_driver.o(i.STC3115_GetChargeValue) referenced 2 times from stc3115_driver.o(.data)
 <LI><a href="#[bb]">STC3115_GetCurrent</a> from stc3115_driver.o(i.STC3115_GetCurrent) referenced 2 times from stc3115_driver.o(.data)
 <LI><a href="#[ba]">STC3115_GetOCV</a> from stc3115_driver.o(i.STC3115_GetOCV) referenced 2 times from stc3115_driver.o(.data)
 <LI><a href="#[bf]">STC3115_GetPresence</a> from stc3115_driver.o(i.STC3115_GetPresence) referenced 2 times from stc3115_driver.o(.data)
 <LI><a href="#[b9]">STC3115_GetSOC</a> from stc3115_driver.o(i.STC3115_GetSOC) referenced 2 times from stc3115_driver.o(.data)
 <LI><a href="#[bc]">STC3115_GetTemperature</a> from stc3115_driver.o(i.STC3115_GetTemperature) referenced 2 times from stc3115_driver.o(.data)
 <LI><a href="#[bd]">STC3115_GetVoltage</a> from stc3115_driver.o(i.STC3115_GetVoltage) referenced 2 times from stc3115_driver.o(.data)
 <LI><a href="#[b5]">STC3115_Get_WhoAmI</a> from stc3115_driver.o(i.STC3115_Get_WhoAmI) referenced 2 times from stc3115_driver.o(.data)
 <LI><a href="#[b3]">STC3115_Init</a> from stc3115_driver.o(i.STC3115_Init) referenced 2 times from stc3115_driver.o(.data)
 <LI><a href="#[b7]">STC3115_Reset</a> from stc3115_driver.o(i.STC3115_Reset) referenced 2 times from stc3115_driver.o(.data)
 <LI><a href="#[b8]">STC3115_Stop</a> from stc3115_driver.o(i.STC3115_Stop) referenced 2 times from stc3115_driver.o(.data)
 <LI><a href="#[b6]">STC3115_Task</a> from stc3115_driver.o(i.STC3115_Task) referenced 2 times from stc3115_driver.o(.data)
 <LI><a href="#[dc]">SVC_Handler</a> from startup_stm32l476xx.o(.text) referenced from startup_stm32l476xx.o(RESET)
 <LI><a href="#[12c]">SWPMI1_IRQHandler</a> from startup_stm32l476xx.o(.text) referenced from startup_stm32l476xx.o(RESET)
 <LI><a href="#[df]">SysTick_Handler</a> from stm32l4xx_it.o(i.SysTick_Handler) referenced from startup_stm32l476xx.o(RESET)
 <LI><a href="#[132]">SystemInit</a> from system_stm32l4xx.o(i.SystemInit) referenced from startup_stm32l476xx.o(.text)
 <LI><a href="#[e2]">TAMP_STAMP_IRQHandler</a> from startup_stm32l476xx.o(.text) referenced from startup_stm32l476xx.o(RESET)
 <LI><a href="#[f8]">TIM1_BRK_TIM15_IRQHandler</a> from startup_stm32l476xx.o(.text) referenced from startup_stm32l476xx.o(RESET)
 <LI><a href="#[fb]">TIM1_CC_IRQHandler</a> from startup_stm32l476xx.o(.text) referenced from startup_stm32l476xx.o(RESET)
 <LI><a href="#[fa]">TIM1_TRG_COM_TIM17_IRQHandler</a> from startup_stm32l476xx.o(.text) referenced from startup_stm32l476xx.o(RESET)
 <LI><a href="#[f9]">TIM1_UP_TIM16_IRQHandler</a> from startup_stm32l476xx.o(.text) referenced from startup_stm32l476xx.o(RESET)
 <LI><a href="#[fc]">TIM2_IRQHandler</a> from startup_stm32l476xx.o(.text) referenced from startup_stm32l476xx.o(RESET)
 <LI><a href="#[fd]">TIM3_IRQHandler</a> from stm32l4xx_it.o(i.TIM3_IRQHandler) referenced from startup_stm32l476xx.o(RESET)
 <LI><a href="#[fe]">TIM4_IRQHandler</a> from startup_stm32l476xx.o(.text) referenced from startup_stm32l476xx.o(RESET)
 <LI><a href="#[112]">TIM5_IRQHandler</a> from startup_stm32l476xx.o(.text) referenced from startup_stm32l476xx.o(RESET)
 <LI><a href="#[116]">TIM6_DAC_IRQHandler</a> from startup_stm32l476xx.o(.text) referenced from startup_stm32l476xx.o(RESET)
 <LI><a href="#[117]">TIM7_IRQHandler</a> from startup_stm32l476xx.o(.text) referenced from startup_stm32l476xx.o(RESET)
 <LI><a href="#[10b]">TIM8_BRK_IRQHandler</a> from startup_stm32l476xx.o(.text) referenced from startup_stm32l476xx.o(RESET)
 <LI><a href="#[10e]">TIM8_CC_IRQHandler</a> from startup_stm32l476xx.o(.text) referenced from startup_stm32l476xx.o(RESET)
 <LI><a href="#[10d]">TIM8_TRG_COM_IRQHandler</a> from startup_stm32l476xx.o(.text) referenced from startup_stm32l476xx.o(RESET)
 <LI><a href="#[10c]">TIM8_UP_IRQHandler</a> from startup_stm32l476xx.o(.text) referenced from startup_stm32l476xx.o(RESET)
 <LI><a href="#[12d]">TSC_IRQHandler</a> from startup_stm32l476xx.o(.text) referenced from startup_stm32l476xx.o(RESET)
 <LI><a href="#[114]">UART4_IRQHandler</a> from startup_stm32l476xx.o(.text) referenced from startup_stm32l476xx.o(RESET)
 <LI><a href="#[115]">UART5_IRQHandler</a> from startup_stm32l476xx.o(.text) referenced from startup_stm32l476xx.o(RESET)
 <LI><a href="#[105]">USART1_IRQHandler</a> from startup_stm32l476xx.o(.text) referenced from startup_stm32l476xx.o(RESET)
 <LI><a href="#[106]">USART2_IRQHandler</a> from startup_stm32l476xx.o(.text) referenced from startup_stm32l476xx.o(RESET)
 <LI><a href="#[107]">USART3_IRQHandler</a> from startup_stm32l476xx.o(.text) referenced from startup_stm32l476xx.o(RESET)
 <LI><a href="#[c5]">USBD_CDC_DataIn</a> from usbd_cdc.o(i.USBD_CDC_DataIn) referenced 2 times from usbd_cdc.o(.data)
 <LI><a href="#[c6]">USBD_CDC_DataOut</a> from usbd_cdc.o(i.USBD_CDC_DataOut) referenced 2 times from usbd_cdc.o(.data)
 <LI><a href="#[c2]">USBD_CDC_DeInit</a> from usbd_cdc.o(i.USBD_CDC_DeInit) referenced 2 times from usbd_cdc.o(.data)
 <LI><a href="#[c4]">USBD_CDC_EP0_RxReady</a> from usbd_cdc.o(i.USBD_CDC_EP0_RxReady) referenced 2 times from usbd_cdc.o(.data)
 <LI><a href="#[ca]">USBD_CDC_GetDeviceQualifierDescriptor</a> from usbd_cdc.o(i.USBD_CDC_GetDeviceQualifierDescriptor) referenced 2 times from usbd_cdc.o(.data)
 <LI><a href="#[c8]">USBD_CDC_GetFSCfgDesc</a> from usbd_cdc.o(i.USBD_CDC_GetFSCfgDesc) referenced 2 times from usbd_cdc.o(.data)
 <LI><a href="#[c7]">USBD_CDC_GetHSCfgDesc</a> from usbd_cdc.o(i.USBD_CDC_GetHSCfgDesc) referenced 2 times from usbd_cdc.o(.data)
 <LI><a href="#[c9]">USBD_CDC_GetOtherSpeedCfgDesc</a> from usbd_cdc.o(i.USBD_CDC_GetOtherSpeedCfgDesc) referenced 2 times from usbd_cdc.o(.data)
 <LI><a href="#[c1]">USBD_CDC_Init</a> from usbd_cdc.o(i.USBD_CDC_Init) referenced 2 times from usbd_cdc.o(.data)
 <LI><a href="#[c3]">USBD_CDC_Setup</a> from usbd_cdc.o(i.USBD_CDC_Setup) referenced 2 times from usbd_cdc.o(.data)
 <LI><a href="#[d4]">USBD_VCP_ConfigStrDescriptor</a> from usbd_desc.o(i.USBD_VCP_ConfigStrDescriptor) referenced 2 times from usbd_desc.o(.data)
 <LI><a href="#[cf]">USBD_VCP_DeviceDescriptor</a> from usbd_desc.o(i.USBD_VCP_DeviceDescriptor) referenced 2 times from usbd_desc.o(.data)
 <LI><a href="#[d5]">USBD_VCP_InterfaceStrDescriptor</a> from usbd_desc.o(i.USBD_VCP_InterfaceStrDescriptor) referenced 2 times from usbd_desc.o(.data)
 <LI><a href="#[d0]">USBD_VCP_LangIDStrDescriptor</a> from usbd_desc.o(i.USBD_VCP_LangIDStrDescriptor) referenced 2 times from usbd_desc.o(.data)
 <LI><a href="#[d1]">USBD_VCP_ManufacturerStrDescriptor</a> from usbd_desc.o(i.USBD_VCP_ManufacturerStrDescriptor) referenced 2 times from usbd_desc.o(.data)
 <LI><a href="#[d2]">USBD_VCP_ProductStrDescriptor</a> from usbd_desc.o(i.USBD_VCP_ProductStrDescriptor) referenced 2 times from usbd_desc.o(.data)
 <LI><a href="#[d3]">USBD_VCP_SerialStrDescriptor</a> from usbd_desc.o(i.USBD_VCP_SerialStrDescriptor) referenced 2 times from usbd_desc.o(.data)
 <LI><a href="#[db]">UsageFault_Handler</a> from startup_stm32l476xx.o(.text) referenced from startup_stm32l476xx.o(RESET)
 <LI><a href="#[e0]">WWDG_IRQHandler</a> from startup_stm32l476xx.o(.text) referenced from startup_stm32l476xx.o(RESET)
 <LI><a href="#[133]">__main</a> from entry.o(.ARM.Collect$$$$00000000) referenced from startup_stm32l476xx.o(.text)
 <LI><a href="#[135]">_sputc</a> from printfa.o(i._sputc) referenced from printfa.o(i.__0sprintf)
 <LI><a href="#[134]">fputc</a> from fputc.o(i.fputc) referenced from printfa.o(i.__0printf)
 <LI><a href="#[131]">main</a> from main.o(i.main) referenced from entry9a.o(.ARM.Collect$$$$0000000B)
</UL>
<P>
<H3>
Global Symbols
</H3>
<P><STRONG><a name="[133]"></a>__main</STRONG> (Thumb, 0 bytes, Stack size unknown bytes, entry.o(.ARM.Collect$$$$00000000))
<BR>[Address Reference Count : 1]<UL><LI> startup_stm32l476xx.o(.text)
</UL>
<P><STRONG><a name="[36b]"></a>_main_stk</STRONG> (Thumb, 0 bytes, Stack size unknown bytes, entry2.o(.ARM.Collect$$$$00000001))

<P><STRONG><a name="[13b]"></a>_main_scatterload</STRONG> (Thumb, 0 bytes, Stack size unknown bytes, entry5.o(.ARM.Collect$$$$00000004))
<BR><BR>[Calls]<UL><LI><a href="#[13c]">&gt;&gt;</a>&nbsp;&nbsp;&nbsp;__scatterload
</UL>

<P><STRONG><a name="[150]"></a>__main_after_scatterload</STRONG> (Thumb, 0 bytes, Stack size unknown bytes, entry5.o(.ARM.Collect$$$$00000004))
<BR><BR>[Called By]<UL><LI><a href="#[13c]">&gt;&gt;</a>&nbsp;&nbsp;&nbsp;__scatterload
</UL>

<P><STRONG><a name="[36c]"></a>_main_clock</STRONG> (Thumb, 0 bytes, Stack size unknown bytes, entry7b.o(.ARM.Collect$$$$00000008))

<P><STRONG><a name="[36d]"></a>_main_cpp_init</STRONG> (Thumb, 0 bytes, Stack size unknown bytes, entry8b.o(.ARM.Collect$$$$0000000A))

<P><STRONG><a name="[36e]"></a>_main_init</STRONG> (Thumb, 0 bytes, Stack size unknown bytes, entry9a.o(.ARM.Collect$$$$0000000B))

<P><STRONG><a name="[36f]"></a>__rt_final_cpp</STRONG> (Thumb, 0 bytes, Stack size unknown bytes, entry10a.o(.ARM.Collect$$$$0000000D))

<P><STRONG><a name="[370]"></a>__rt_final_exit</STRONG> (Thumb, 0 bytes, Stack size unknown bytes, entry11a.o(.ARM.Collect$$$$0000000F))

<P><STRONG><a name="[d6]"></a>Reset_Handler</STRONG> (Thumb, 8 bytes, Stack size 0 bytes, startup_stm32l476xx.o(.text))
<BR>[Address Reference Count : 1]<UL><LI> startup_stm32l476xx.o(RESET)
</UL>
<P><STRONG><a name="[d9]"></a>MemManage_Handler</STRONG> (Thumb, 2 bytes, Stack size 0 bytes, startup_stm32l476xx.o(.text))
<BR><BR>[Calls]<UL><LI><a href="#[d9]">&gt;&gt;</a>&nbsp;&nbsp;&nbsp;MemManage_Handler
</UL>
<BR>[Called By]<UL><LI><a href="#[d9]">&gt;&gt;</a>&nbsp;&nbsp;&nbsp;MemManage_Handler
</UL>
<BR>[Address Reference Count : 1]<UL><LI> startup_stm32l476xx.o(RESET)
</UL>
<P><STRONG><a name="[da]"></a>BusFault_Handler</STRONG> (Thumb, 2 bytes, Stack size 0 bytes, startup_stm32l476xx.o(.text))
<BR><BR>[Calls]<UL><LI><a href="#[da]">&gt;&gt;</a>&nbsp;&nbsp;&nbsp;BusFault_Handler
</UL>
<BR>[Called By]<UL><LI><a href="#[da]">&gt;&gt;</a>&nbsp;&nbsp;&nbsp;BusFault_Handler
</UL>
<BR>[Address Reference Count : 1]<UL><LI> startup_stm32l476xx.o(RESET)
</UL>
<P><STRONG><a name="[db]"></a>UsageFault_Handler</STRONG> (Thumb, 2 bytes, Stack size 0 bytes, startup_stm32l476xx.o(.text))
<BR><BR>[Calls]<UL><LI><a href="#[db]">&gt;&gt;</a>&nbsp;&nbsp;&nbsp;UsageFault_Handler
</UL>
<BR>[Called By]<UL><LI><a href="#[db]">&gt;&gt;</a>&nbsp;&nbsp;&nbsp;UsageFault_Handler
</UL>
<BR>[Address Reference Count : 1]<UL><LI> startup_stm32l476xx.o(RESET)
</UL>
<P><STRONG><a name="[dc]"></a>SVC_Handler</STRONG> (Thumb, 2 bytes, Stack size 0 bytes, startup_stm32l476xx.o(.text))
<BR><BR>[Calls]<UL><LI><a href="#[dc]">&gt;&gt;</a>&nbsp;&nbsp;&nbsp;SVC_Handler
</UL>
<BR>[Called By]<UL><LI><a href="#[dc]">&gt;&gt;</a>&nbsp;&nbsp;&nbsp;SVC_Handler
</UL>
<BR>[Address Reference Count : 1]<UL><LI> startup_stm32l476xx.o(RESET)
</UL>
<P><STRONG><a name="[de]"></a>PendSV_Handler</STRONG> (Thumb, 2 bytes, Stack size 0 bytes, startup_stm32l476xx.o(.text))
<BR><BR>[Calls]<UL><LI><a href="#[de]">&gt;&gt;</a>&nbsp;&nbsp;&nbsp;PendSV_Handler
</UL>
<BR>[Called By]<UL><LI><a href="#[de]">&gt;&gt;</a>&nbsp;&nbsp;&nbsp;PendSV_Handler
</UL>
<BR>[Address Reference Count : 1]<UL><LI> startup_stm32l476xx.o(RESET)
</UL>
<P><STRONG><a name="[f2]"></a>ADC1_2_IRQHandler</STRONG> (Thumb, 0 bytes, Stack size 0 bytes, startup_stm32l476xx.o(.text))
<BR><BR>[Calls]<UL><LI><a href="#[f2]">&gt;&gt;</a>&nbsp;&nbsp;&nbsp;ADC1_2_IRQHandler
</UL>
<BR>[Called By]<UL><LI><a href="#[f2]">&gt;&gt;</a>&nbsp;&nbsp;&nbsp;ADC1_2_IRQHandler
</UL>
<BR>[Address Reference Count : 1]<UL><LI> startup_stm32l476xx.o(RESET)
</UL>
<P><STRONG><a name="[10f]"></a>ADC3_IRQHandler</STRONG> (Thumb, 0 bytes, Stack size 0 bytes, startup_stm32l476xx.o(.text))
<BR>[Address Reference Count : 1]<UL><LI> startup_stm32l476xx.o(RESET)
</UL>
<P><STRONG><a name="[f4]"></a>CAN1_RX0_IRQHandler</STRONG> (Thumb, 0 bytes, Stack size 0 bytes, startup_stm32l476xx.o(.text))
<BR>[Address Reference Count : 1]<UL><LI> startup_stm32l476xx.o(RESET)
</UL>
<P><STRONG><a name="[f5]"></a>CAN1_RX1_IRQHandler</STRONG> (Thumb, 0 bytes, Stack size 0 bytes, startup_stm32l476xx.o(.text))
<BR>[Address Reference Count : 1]<UL><LI> startup_stm32l476xx.o(RESET)
</UL>
<P><STRONG><a name="[f6]"></a>CAN1_SCE_IRQHandler</STRONG> (Thumb, 0 bytes, Stack size 0 bytes, startup_stm32l476xx.o(.text))
<BR>[Address Reference Count : 1]<UL><LI> startup_stm32l476xx.o(RESET)
</UL>
<P><STRONG><a name="[f3]"></a>CAN1_TX_IRQHandler</STRONG> (Thumb, 0 bytes, Stack size 0 bytes, startup_stm32l476xx.o(.text))
<BR>[Address Reference Count : 1]<UL><LI> startup_stm32l476xx.o(RESET)
</UL>
<P><STRONG><a name="[120]"></a>COMP_IRQHandler</STRONG> (Thumb, 0 bytes, Stack size 0 bytes, startup_stm32l476xx.o(.text))
<BR>[Address Reference Count : 1]<UL><LI> startup_stm32l476xx.o(RESET)
</UL>
<P><STRONG><a name="[11d]"></a>DFSDM1_FLT0_IRQHandler</STRONG> (Thumb, 0 bytes, Stack size 0 bytes, startup_stm32l476xx.o(.text))
<BR>[Address Reference Count : 1]<UL><LI> startup_stm32l476xx.o(RESET)
</UL>
<P><STRONG><a name="[11e]"></a>DFSDM1_FLT1_IRQHandler</STRONG> (Thumb, 0 bytes, Stack size 0 bytes, startup_stm32l476xx.o(.text))
<BR>[Address Reference Count : 1]<UL><LI> startup_stm32l476xx.o(RESET)
</UL>
<P><STRONG><a name="[11f]"></a>DFSDM1_FLT2_IRQHandler</STRONG> (Thumb, 0 bytes, Stack size 0 bytes, startup_stm32l476xx.o(.text))
<BR>[Address Reference Count : 1]<UL><LI> startup_stm32l476xx.o(RESET)
</UL>
<P><STRONG><a name="[10a]"></a>DFSDM1_FLT3_IRQHandler</STRONG> (Thumb, 0 bytes, Stack size 0 bytes, startup_stm32l476xx.o(.text))
<BR>[Address Reference Count : 1]<UL><LI> startup_stm32l476xx.o(RESET)
</UL>
<P><STRONG><a name="[eb]"></a>DMA1_Channel1_IRQHandler</STRONG> (Thumb, 0 bytes, Stack size 0 bytes, startup_stm32l476xx.o(.text))
<BR>[Address Reference Count : 1]<UL><LI> startup_stm32l476xx.o(RESET)
</UL>
<P><STRONG><a name="[ec]"></a>DMA1_Channel2_IRQHandler</STRONG> (Thumb, 0 bytes, Stack size 0 bytes, startup_stm32l476xx.o(.text))
<BR>[Address Reference Count : 1]<UL><LI> startup_stm32l476xx.o(RESET)
</UL>
<P><STRONG><a name="[ed]"></a>DMA1_Channel3_IRQHandler</STRONG> (Thumb, 0 bytes, Stack size 0 bytes, startup_stm32l476xx.o(.text))
<BR>[Address Reference Count : 1]<UL><LI> startup_stm32l476xx.o(RESET)
</UL>
<P><STRONG><a name="[ee]"></a>DMA1_Channel4_IRQHandler</STRONG> (Thumb, 0 bytes, Stack size 0 bytes, startup_stm32l476xx.o(.text))
<BR>[Address Reference Count : 1]<UL><LI> startup_stm32l476xx.o(RESET)
</UL>
<P><STRONG><a name="[ef]"></a>DMA1_Channel5_IRQHandler</STRONG> (Thumb, 0 bytes, Stack size 0 bytes, startup_stm32l476xx.o(.text))
<BR>[Address Reference Count : 1]<UL><LI> startup_stm32l476xx.o(RESET)
</UL>
<P><STRONG><a name="[f0]"></a>DMA1_Channel6_IRQHandler</STRONG> (Thumb, 0 bytes, Stack size 0 bytes, startup_stm32l476xx.o(.text))
<BR>[Address Reference Count : 1]<UL><LI> startup_stm32l476xx.o(RESET)
</UL>
<P><STRONG><a name="[f1]"></a>DMA1_Channel7_IRQHandler</STRONG> (Thumb, 0 bytes, Stack size 0 bytes, startup_stm32l476xx.o(.text))
<BR>[Address Reference Count : 1]<UL><LI> startup_stm32l476xx.o(RESET)
</UL>
<P><STRONG><a name="[118]"></a>DMA2_Channel1_IRQHandler</STRONG> (Thumb, 0 bytes, Stack size 0 bytes, startup_stm32l476xx.o(.text))
<BR>[Address Reference Count : 1]<UL><LI> startup_stm32l476xx.o(RESET)
</UL>
<P><STRONG><a name="[119]"></a>DMA2_Channel2_IRQHandler</STRONG> (Thumb, 0 bytes, Stack size 0 bytes, startup_stm32l476xx.o(.text))
<BR>[Address Reference Count : 1]<UL><LI> startup_stm32l476xx.o(RESET)
</UL>
<P><STRONG><a name="[11a]"></a>DMA2_Channel3_IRQHandler</STRONG> (Thumb, 0 bytes, Stack size 0 bytes, startup_stm32l476xx.o(.text))
<BR>[Address Reference Count : 1]<UL><LI> startup_stm32l476xx.o(RESET)
</UL>
<P><STRONG><a name="[11b]"></a>DMA2_Channel4_IRQHandler</STRONG> (Thumb, 0 bytes, Stack size 0 bytes, startup_stm32l476xx.o(.text))
<BR>[Address Reference Count : 1]<UL><LI> startup_stm32l476xx.o(RESET)
</UL>
<P><STRONG><a name="[11c]"></a>DMA2_Channel5_IRQHandler</STRONG> (Thumb, 0 bytes, Stack size 0 bytes, startup_stm32l476xx.o(.text))
<BR>[Address Reference Count : 1]<UL><LI> startup_stm32l476xx.o(RESET)
</UL>
<P><STRONG><a name="[124]"></a>DMA2_Channel6_IRQHandler</STRONG> (Thumb, 0 bytes, Stack size 0 bytes, startup_stm32l476xx.o(.text))
<BR>[Address Reference Count : 1]<UL><LI> startup_stm32l476xx.o(RESET)
</UL>
<P><STRONG><a name="[125]"></a>DMA2_Channel7_IRQHandler</STRONG> (Thumb, 0 bytes, Stack size 0 bytes, startup_stm32l476xx.o(.text))
<BR>[Address Reference Count : 1]<UL><LI> startup_stm32l476xx.o(RESET)
</UL>
<P><STRONG><a name="[e6]"></a>EXTI0_IRQHandler</STRONG> (Thumb, 0 bytes, Stack size 0 bytes, startup_stm32l476xx.o(.text))
<BR>[Address Reference Count : 1]<UL><LI> startup_stm32l476xx.o(RESET)
</UL>
<P><STRONG><a name="[108]"></a>EXTI15_10_IRQHandler</STRONG> (Thumb, 0 bytes, Stack size 0 bytes, startup_stm32l476xx.o(.text))
<BR>[Address Reference Count : 1]<UL><LI> startup_stm32l476xx.o(RESET)
</UL>
<P><STRONG><a name="[e7]"></a>EXTI1_IRQHandler</STRONG> (Thumb, 0 bytes, Stack size 0 bytes, startup_stm32l476xx.o(.text))
<BR>[Address Reference Count : 1]<UL><LI> startup_stm32l476xx.o(RESET)
</UL>
<P><STRONG><a name="[e9]"></a>EXTI3_IRQHandler</STRONG> (Thumb, 0 bytes, Stack size 0 bytes, startup_stm32l476xx.o(.text))
<BR>[Address Reference Count : 1]<UL><LI> startup_stm32l476xx.o(RESET)
</UL>
<P><STRONG><a name="[ea]"></a>EXTI4_IRQHandler</STRONG> (Thumb, 0 bytes, Stack size 0 bytes, startup_stm32l476xx.o(.text))
<BR>[Address Reference Count : 1]<UL><LI> startup_stm32l476xx.o(RESET)
</UL>
<P><STRONG><a name="[f7]"></a>EXTI9_5_IRQHandler</STRONG> (Thumb, 0 bytes, Stack size 0 bytes, startup_stm32l476xx.o(.text))
<BR>[Address Reference Count : 1]<UL><LI> startup_stm32l476xx.o(RESET)
</UL>
<P><STRONG><a name="[e4]"></a>FLASH_IRQHandler</STRONG> (Thumb, 0 bytes, Stack size 0 bytes, startup_stm32l476xx.o(.text))
<BR>[Address Reference Count : 1]<UL><LI> startup_stm32l476xx.o(RESET)
</UL>
<P><STRONG><a name="[110]"></a>FMC_IRQHandler</STRONG> (Thumb, 0 bytes, Stack size 0 bytes, startup_stm32l476xx.o(.text))
<BR>[Address Reference Count : 1]<UL><LI> startup_stm32l476xx.o(RESET)
</UL>
<P><STRONG><a name="[130]"></a>FPU_IRQHandler</STRONG> (Thumb, 0 bytes, Stack size 0 bytes, startup_stm32l476xx.o(.text))
<BR>[Address Reference Count : 1]<UL><LI> startup_stm32l476xx.o(RESET)
</UL>
<P><STRONG><a name="[100]"></a>I2C1_ER_IRQHandler</STRONG> (Thumb, 0 bytes, Stack size 0 bytes, startup_stm32l476xx.o(.text))
<BR>[Address Reference Count : 1]<UL><LI> startup_stm32l476xx.o(RESET)
</UL>
<P><STRONG><a name="[ff]"></a>I2C1_EV_IRQHandler</STRONG> (Thumb, 0 bytes, Stack size 0 bytes, startup_stm32l476xx.o(.text))
<BR>[Address Reference Count : 1]<UL><LI> startup_stm32l476xx.o(RESET)
</UL>
<P><STRONG><a name="[102]"></a>I2C2_ER_IRQHandler</STRONG> (Thumb, 0 bytes, Stack size 0 bytes, startup_stm32l476xx.o(.text))
<BR>[Address Reference Count : 1]<UL><LI> startup_stm32l476xx.o(RESET)
</UL>
<P><STRONG><a name="[101]"></a>I2C2_EV_IRQHandler</STRONG> (Thumb, 0 bytes, Stack size 0 bytes, startup_stm32l476xx.o(.text))
<BR>[Address Reference Count : 1]<UL><LI> startup_stm32l476xx.o(RESET)
</UL>
<P><STRONG><a name="[129]"></a>I2C3_ER_IRQHandler</STRONG> (Thumb, 0 bytes, Stack size 0 bytes, startup_stm32l476xx.o(.text))
<BR>[Address Reference Count : 1]<UL><LI> startup_stm32l476xx.o(RESET)
</UL>
<P><STRONG><a name="[128]"></a>I2C3_EV_IRQHandler</STRONG> (Thumb, 0 bytes, Stack size 0 bytes, startup_stm32l476xx.o(.text))
<BR>[Address Reference Count : 1]<UL><LI> startup_stm32l476xx.o(RESET)
</UL>
<P><STRONG><a name="[12e]"></a>LCD_IRQHandler</STRONG> (Thumb, 0 bytes, Stack size 0 bytes, startup_stm32l476xx.o(.text))
<BR>[Address Reference Count : 1]<UL><LI> startup_stm32l476xx.o(RESET)
</UL>
<P><STRONG><a name="[121]"></a>LPTIM1_IRQHandler</STRONG> (Thumb, 0 bytes, Stack size 0 bytes, startup_stm32l476xx.o(.text))
<BR>[Address Reference Count : 1]<UL><LI> startup_stm32l476xx.o(RESET)
</UL>
<P><STRONG><a name="[122]"></a>LPTIM2_IRQHandler</STRONG> (Thumb, 0 bytes, Stack size 0 bytes, startup_stm32l476xx.o(.text))
<BR>[Address Reference Count : 1]<UL><LI> startup_stm32l476xx.o(RESET)
</UL>
<P><STRONG><a name="[126]"></a>LPUART1_IRQHandler</STRONG> (Thumb, 0 bytes, Stack size 0 bytes, startup_stm32l476xx.o(.text))
<BR>[Address Reference Count : 1]<UL><LI> startup_stm32l476xx.o(RESET)
</UL>
<P><STRONG><a name="[e1]"></a>PVD_PVM_IRQHandler</STRONG> (Thumb, 0 bytes, Stack size 0 bytes, startup_stm32l476xx.o(.text))
<BR>[Address Reference Count : 1]<UL><LI> startup_stm32l476xx.o(RESET)
</UL>
<P><STRONG><a name="[127]"></a>QUADSPI_IRQHandler</STRONG> (Thumb, 0 bytes, Stack size 0 bytes, startup_stm32l476xx.o(.text))
<BR>[Address Reference Count : 1]<UL><LI> startup_stm32l476xx.o(RESET)
</UL>
<P><STRONG><a name="[e5]"></a>RCC_IRQHandler</STRONG> (Thumb, 0 bytes, Stack size 0 bytes, startup_stm32l476xx.o(.text))
<BR>[Address Reference Count : 1]<UL><LI> startup_stm32l476xx.o(RESET)
</UL>
<P><STRONG><a name="[12f]"></a>RNG_IRQHandler</STRONG> (Thumb, 0 bytes, Stack size 0 bytes, startup_stm32l476xx.o(.text))
<BR>[Address Reference Count : 1]<UL><LI> startup_stm32l476xx.o(RESET)
</UL>
<P><STRONG><a name="[109]"></a>RTC_Alarm_IRQHandler</STRONG> (Thumb, 0 bytes, Stack size 0 bytes, startup_stm32l476xx.o(.text))
<BR>[Address Reference Count : 1]<UL><LI> startup_stm32l476xx.o(RESET)
</UL>
<P><STRONG><a name="[e3]"></a>RTC_WKUP_IRQHandler</STRONG> (Thumb, 0 bytes, Stack size 0 bytes, startup_stm32l476xx.o(.text))
<BR>[Address Reference Count : 1]<UL><LI> startup_stm32l476xx.o(RESET)
</UL>
<P><STRONG><a name="[12a]"></a>SAI1_IRQHandler</STRONG> (Thumb, 0 bytes, Stack size 0 bytes, startup_stm32l476xx.o(.text))
<BR>[Address Reference Count : 1]<UL><LI> startup_stm32l476xx.o(RESET)
</UL>
<P><STRONG><a name="[12b]"></a>SAI2_IRQHandler</STRONG> (Thumb, 0 bytes, Stack size 0 bytes, startup_stm32l476xx.o(.text))
<BR>[Address Reference Count : 1]<UL><LI> startup_stm32l476xx.o(RESET)
</UL>
<P><STRONG><a name="[111]"></a>SDMMC1_IRQHandler</STRONG> (Thumb, 0 bytes, Stack size 0 bytes, startup_stm32l476xx.o(.text))
<BR>[Address Reference Count : 1]<UL><LI> startup_stm32l476xx.o(RESET)
</UL>
<P><STRONG><a name="[103]"></a>SPI1_IRQHandler</STRONG> (Thumb, 0 bytes, Stack size 0 bytes, startup_stm32l476xx.o(.text))
<BR>[Address Reference Count : 1]<UL><LI> startup_stm32l476xx.o(RESET)
</UL>
<P><STRONG><a name="[104]"></a>SPI2_IRQHandler</STRONG> (Thumb, 0 bytes, Stack size 0 bytes, startup_stm32l476xx.o(.text))
<BR>[Address Reference Count : 1]<UL><LI> startup_stm32l476xx.o(RESET)
</UL>
<P><STRONG><a name="[113]"></a>SPI3_IRQHandler</STRONG> (Thumb, 0 bytes, Stack size 0 bytes, startup_stm32l476xx.o(.text))
<BR>[Address Reference Count : 1]<UL><LI> startup_stm32l476xx.o(RESET)
</UL>
<P><STRONG><a name="[12c]"></a>SWPMI1_IRQHandler</STRONG> (Thumb, 0 bytes, Stack size 0 bytes, startup_stm32l476xx.o(.text))
<BR>[Address Reference Count : 1]<UL><LI> startup_stm32l476xx.o(RESET)
</UL>
<P><STRONG><a name="[e2]"></a>TAMP_STAMP_IRQHandler</STRONG> (Thumb, 0 bytes, Stack size 0 bytes, startup_stm32l476xx.o(.text))
<BR>[Address Reference Count : 1]<UL><LI> startup_stm32l476xx.o(RESET)
</UL>
<P><STRONG><a name="[f8]"></a>TIM1_BRK_TIM15_IRQHandler</STRONG> (Thumb, 0 bytes, Stack size 0 bytes, startup_stm32l476xx.o(.text))
<BR>[Address Reference Count : 1]<UL><LI> startup_stm32l476xx.o(RESET)
</UL>
<P><STRONG><a name="[fb]"></a>TIM1_CC_IRQHandler</STRONG> (Thumb, 0 bytes, Stack size 0 bytes, startup_stm32l476xx.o(.text))
<BR>[Address Reference Count : 1]<UL><LI> startup_stm32l476xx.o(RESET)
</UL>
<P><STRONG><a name="[fa]"></a>TIM1_TRG_COM_TIM17_IRQHandler</STRONG> (Thumb, 0 bytes, Stack size 0 bytes, startup_stm32l476xx.o(.text))
<BR>[Address Reference Count : 1]<UL><LI> startup_stm32l476xx.o(RESET)
</UL>
<P><STRONG><a name="[f9]"></a>TIM1_UP_TIM16_IRQHandler</STRONG> (Thumb, 0 bytes, Stack size 0 bytes, startup_stm32l476xx.o(.text))
<BR>[Address Reference Count : 1]<UL><LI> startup_stm32l476xx.o(RESET)
</UL>
<P><STRONG><a name="[fc]"></a>TIM2_IRQHandler</STRONG> (Thumb, 0 bytes, Stack size 0 bytes, startup_stm32l476xx.o(.text))
<BR>[Address Reference Count : 1]<UL><LI> startup_stm32l476xx.o(RESET)
</UL>
<P><STRONG><a name="[fe]"></a>TIM4_IRQHandler</STRONG> (Thumb, 0 bytes, Stack size 0 bytes, startup_stm32l476xx.o(.text))
<BR>[Address Reference Count : 1]<UL><LI> startup_stm32l476xx.o(RESET)
</UL>
<P><STRONG><a name="[112]"></a>TIM5_IRQHandler</STRONG> (Thumb, 0 bytes, Stack size 0 bytes, startup_stm32l476xx.o(.text))
<BR>[Address Reference Count : 1]<UL><LI> startup_stm32l476xx.o(RESET)
</UL>
<P><STRONG><a name="[116]"></a>TIM6_DAC_IRQHandler</STRONG> (Thumb, 0 bytes, Stack size 0 bytes, startup_stm32l476xx.o(.text))
<BR>[Address Reference Count : 1]<UL><LI> startup_stm32l476xx.o(RESET)
</UL>
<P><STRONG><a name="[117]"></a>TIM7_IRQHandler</STRONG> (Thumb, 0 bytes, Stack size 0 bytes, startup_stm32l476xx.o(.text))
<BR>[Address Reference Count : 1]<UL><LI> startup_stm32l476xx.o(RESET)
</UL>
<P><STRONG><a name="[10b]"></a>TIM8_BRK_IRQHandler</STRONG> (Thumb, 0 bytes, Stack size 0 bytes, startup_stm32l476xx.o(.text))
<BR>[Address Reference Count : 1]<UL><LI> startup_stm32l476xx.o(RESET)
</UL>
<P><STRONG><a name="[10e]"></a>TIM8_CC_IRQHandler</STRONG> (Thumb, 0 bytes, Stack size 0 bytes, startup_stm32l476xx.o(.text))
<BR>[Address Reference Count : 1]<UL><LI> startup_stm32l476xx.o(RESET)
</UL>
<P><STRONG><a name="[10d]"></a>TIM8_TRG_COM_IRQHandler</STRONG> (Thumb, 0 bytes, Stack size 0 bytes, startup_stm32l476xx.o(.text))
<BR>[Address Reference Count : 1]<UL><LI> startup_stm32l476xx.o(RESET)
</UL>
<P><STRONG><a name="[10c]"></a>TIM8_UP_IRQHandler</STRONG> (Thumb, 0 bytes, Stack size 0 bytes, startup_stm32l476xx.o(.text))
<BR>[Address Reference Count : 1]<UL><LI> startup_stm32l476xx.o(RESET)
</UL>
<P><STRONG><a name="[12d]"></a>TSC_IRQHandler</STRONG> (Thumb, 0 bytes, Stack size 0 bytes, startup_stm32l476xx.o(.text))
<BR>[Address Reference Count : 1]<UL><LI> startup_stm32l476xx.o(RESET)
</UL>
<P><STRONG><a name="[114]"></a>UART4_IRQHandler</STRONG> (Thumb, 0 bytes, Stack size 0 bytes, startup_stm32l476xx.o(.text))
<BR>[Address Reference Count : 1]<UL><LI> startup_stm32l476xx.o(RESET)
</UL>
<P><STRONG><a name="[115]"></a>UART5_IRQHandler</STRONG> (Thumb, 0 bytes, Stack size 0 bytes, startup_stm32l476xx.o(.text))
<BR>[Address Reference Count : 1]<UL><LI> startup_stm32l476xx.o(RESET)
</UL>
<P><STRONG><a name="[105]"></a>USART1_IRQHandler</STRONG> (Thumb, 0 bytes, Stack size 0 bytes, startup_stm32l476xx.o(.text))
<BR>[Address Reference Count : 1]<UL><LI> startup_stm32l476xx.o(RESET)
</UL>
<P><STRONG><a name="[106]"></a>USART2_IRQHandler</STRONG> (Thumb, 0 bytes, Stack size 0 bytes, startup_stm32l476xx.o(.text))
<BR>[Address Reference Count : 1]<UL><LI> startup_stm32l476xx.o(RESET)
</UL>
<P><STRONG><a name="[107]"></a>USART3_IRQHandler</STRONG> (Thumb, 0 bytes, Stack size 0 bytes, startup_stm32l476xx.o(.text))
<BR>[Address Reference Count : 1]<UL><LI> startup_stm32l476xx.o(RESET)
</UL>
<P><STRONG><a name="[e0]"></a>WWDG_IRQHandler</STRONG> (Thumb, 0 bytes, Stack size 0 bytes, startup_stm32l476xx.o(.text))
<BR>[Address Reference Count : 1]<UL><LI> startup_stm32l476xx.o(RESET)
</UL>
<P><STRONG><a name="[13d]"></a>__aeabi_ldivmod</STRONG> (Thumb, 90 bytes, Stack size 24 bytes, ldiv.o(.text))
<BR><BR>[Stack]<UL><LI>Max Depth = 64<LI>Call Chain = __aeabi_ldivmod &rArr; __aeabi_uldivmod
</UL>
<BR>[Calls]<UL><LI><a href="#[13e]">&gt;&gt;</a>&nbsp;&nbsp;&nbsp;__aeabi_uldivmod
</UL>
<BR>[Called By]<UL><LI><a href="#[25c]">&gt;&gt;</a>&nbsp;&nbsp;&nbsp;LSM303AGR_ACC_Get_Acceleration
</UL>

<P><STRONG><a name="[371]"></a>__aeabi_memcpy</STRONG> (Thumb, 36 bytes, Stack size 0 bytes, memcpya.o(.text), UNUSED)

<P><STRONG><a name="[1de]"></a>__aeabi_memcpy4</STRONG> (Thumb, 0 bytes, Stack size 0 bytes, memcpya.o(.text))
<BR><BR>[Called By]<UL><LI><a href="#[1db]">&gt;&gt;</a>&nbsp;&nbsp;&nbsp;HAL_PCD_Init
<LI><a href="#[b3]">&gt;&gt;</a>&nbsp;&nbsp;&nbsp;STC3115_Init
</UL>

<P><STRONG><a name="[372]"></a>__aeabi_memcpy8</STRONG> (Thumb, 0 bytes, Stack size 0 bytes, memcpya.o(.text), UNUSED)

<P><STRONG><a name="[140]"></a>__aeabi_memset</STRONG> (Thumb, 14 bytes, Stack size 0 bytes, memseta.o(.text))
<BR><BR>[Called By]<UL><LI><a href="#[141]">&gt;&gt;</a>&nbsp;&nbsp;&nbsp;_memset$wrapper
<LI><a href="#[13f]">&gt;&gt;</a>&nbsp;&nbsp;&nbsp;__aeabi_memclr
</UL>

<P><STRONG><a name="[373]"></a>__aeabi_memset4</STRONG> (Thumb, 0 bytes, Stack size 0 bytes, memseta.o(.text), UNUSED)

<P><STRONG><a name="[374]"></a>__aeabi_memset8</STRONG> (Thumb, 0 bytes, Stack size 0 bytes, memseta.o(.text), UNUSED)

<P><STRONG><a name="[13f]"></a>__aeabi_memclr</STRONG> (Thumb, 4 bytes, Stack size 0 bytes, memseta.o(.text))
<BR><BR>[Calls]<UL><LI><a href="#[140]">&gt;&gt;</a>&nbsp;&nbsp;&nbsp;__aeabi_memset
</UL>
<BR>[Called By]<UL><LI><a href="#[177]">&gt;&gt;</a>&nbsp;&nbsp;&nbsp;BSP_LSM303AGR_MAGNETO_Init
<LI><a href="#[165]">&gt;&gt;</a>&nbsp;&nbsp;&nbsp;BSP_HTS221_HUMIDITY_Init
<LI><a href="#[164]">&gt;&gt;</a>&nbsp;&nbsp;&nbsp;BSP_LSM6DSM_GYRO_Init
<LI><a href="#[15f]">&gt;&gt;</a>&nbsp;&nbsp;&nbsp;BSP_LSM6DSM_ACCELERO_Init
<LI><a href="#[160]">&gt;&gt;</a>&nbsp;&nbsp;&nbsp;BSP_LSM303AGR_ACCELERO_Init
<LI><a href="#[161]">&gt;&gt;</a>&nbsp;&nbsp;&nbsp;BSP_GG_Init
<LI><a href="#[176]">&gt;&gt;</a>&nbsp;&nbsp;&nbsp;BSP_LPS22HB_TEMPERATURE_Init
<LI><a href="#[166]">&gt;&gt;</a>&nbsp;&nbsp;&nbsp;BSP_HTS221_TEMPERATURE_Init
<LI><a href="#[16f]">&gt;&gt;</a>&nbsp;&nbsp;&nbsp;BSP_LPS22HB_PRESSURE_Init
</UL>

<P><STRONG><a name="[303]"></a>__aeabi_memclr4</STRONG> (Thumb, 0 bytes, Stack size 0 bytes, memseta.o(.text))
<BR><BR>[Called By]<UL><LI><a href="#[302]">&gt;&gt;</a>&nbsp;&nbsp;&nbsp;SystemClock_Config
</UL>

<P><STRONG><a name="[375]"></a>__aeabi_memclr8</STRONG> (Thumb, 0 bytes, Stack size 0 bytes, memseta.o(.text), UNUSED)

<P><STRONG><a name="[141]"></a>_memset$wrapper</STRONG> (Thumb, 18 bytes, Stack size 8 bytes, memseta.o(.text), UNUSED)
<BR><BR>[Calls]<UL><LI><a href="#[140]">&gt;&gt;</a>&nbsp;&nbsp;&nbsp;__aeabi_memset
</UL>

<P><STRONG><a name="[157]"></a>strlen</STRONG> (Thumb, 14 bytes, Stack size 0 bytes, strlen.o(.text))
<BR><BR>[Called By]<UL><LI><a href="#[308]">&gt;&gt;</a>&nbsp;&nbsp;&nbsp;Temperature_Sensor_Handler
<LI><a href="#[2d9]">&gt;&gt;</a>&nbsp;&nbsp;&nbsp;RTC_Handler
<LI><a href="#[2cf]">&gt;&gt;</a>&nbsp;&nbsp;&nbsp;Pressure_Sensor_Handler
<LI><a href="#[152]">&gt;&gt;</a>&nbsp;&nbsp;&nbsp;Accelero_Sensor_Handler
</UL>

<P><STRONG><a name="[142]"></a>__aeabi_dmul</STRONG> (Thumb, 228 bytes, Stack size 48 bytes, dmul.o(.text))
<BR><BR>[Stack]<UL><LI>Max Depth = 88<LI>Call Chain = __aeabi_dmul &rArr; _double_epilogue &rArr; _double_round
</UL>
<BR>[Calls]<UL><LI><a href="#[143]">&gt;&gt;</a>&nbsp;&nbsp;&nbsp;_double_epilogue
</UL>
<BR>[Called By]<UL><LI><a href="#[15b]">&gt;&gt;</a>&nbsp;&nbsp;&nbsp;floatToInt
<LI><a href="#[33d]">&gt;&gt;</a>&nbsp;&nbsp;&nbsp;__hardfp_pow
<LI><a href="#[342]">&gt;&gt;</a>&nbsp;&nbsp;&nbsp;__kernel_poly
<LI><a href="#[341]">&gt;&gt;</a>&nbsp;&nbsp;&nbsp;__mathlib_dbl_underflow
<LI><a href="#[348]">&gt;&gt;</a>&nbsp;&nbsp;&nbsp;_fp_digits
</UL>

<P><STRONG><a name="[144]"></a>__aeabi_i2d</STRONG> (Thumb, 34 bytes, Stack size 16 bytes, dflti.o(.text))
<BR><BR>[Stack]<UL><LI>Max Depth = 56<LI>Call Chain = __aeabi_i2d &rArr; _double_epilogue &rArr; _double_round
</UL>
<BR>[Calls]<UL><LI><a href="#[143]">&gt;&gt;</a>&nbsp;&nbsp;&nbsp;_double_epilogue
</UL>
<BR>[Called By]<UL><LI><a href="#[15b]">&gt;&gt;</a>&nbsp;&nbsp;&nbsp;floatToInt
<LI><a href="#[33d]">&gt;&gt;</a>&nbsp;&nbsp;&nbsp;__hardfp_pow
</UL>

<P><STRONG><a name="[145]"></a>__aeabi_d2iz</STRONG> (Thumb, 62 bytes, Stack size 16 bytes, dfixi.o(.text))
<BR><BR>[Stack]<UL><LI>Max Depth = 16<LI>Call Chain = __aeabi_d2iz
</UL>
<BR>[Calls]<UL><LI><a href="#[146]">&gt;&gt;</a>&nbsp;&nbsp;&nbsp;__aeabi_llsr
</UL>
<BR>[Called By]<UL><LI><a href="#[15b]">&gt;&gt;</a>&nbsp;&nbsp;&nbsp;floatToInt
</UL>

<P><STRONG><a name="[2d5]"></a>__aeabi_f2d</STRONG> (Thumb, 38 bytes, Stack size 0 bytes, f2d.o(.text))
<BR><BR>[Called By]<UL><LI><a href="#[15b]">&gt;&gt;</a>&nbsp;&nbsp;&nbsp;floatToInt
<LI><a href="#[308]">&gt;&gt;</a>&nbsp;&nbsp;&nbsp;Temperature_Sensor_Handler
<LI><a href="#[2cf]">&gt;&gt;</a>&nbsp;&nbsp;&nbsp;Pressure_Sensor_Handler
</UL>

<P><STRONG><a name="[376]"></a>__aeabi_uidiv</STRONG> (Thumb, 0 bytes, Stack size 12 bytes, uidiv.o(.text), UNUSED)

<P><STRONG><a name="[34b]"></a>__aeabi_uidivmod</STRONG> (Thumb, 44 bytes, Stack size 12 bytes, uidiv.o(.text), UNUSED)
<BR><BR>[Called By]<UL><LI><a href="#[33b]">&gt;&gt;</a>&nbsp;&nbsp;&nbsp;_printf_core
</UL>

<P><STRONG><a name="[13e]"></a>__aeabi_uldivmod</STRONG> (Thumb, 98 bytes, Stack size 40 bytes, uldiv.o(.text))
<BR><BR>[Stack]<UL><LI>Max Depth = 40<LI>Call Chain = __aeabi_uldivmod
</UL>
<BR>[Calls]<UL><LI><a href="#[147]">&gt;&gt;</a>&nbsp;&nbsp;&nbsp;__aeabi_llsl
<LI><a href="#[146]">&gt;&gt;</a>&nbsp;&nbsp;&nbsp;__aeabi_llsr
</UL>
<BR>[Called By]<UL><LI><a href="#[13d]">&gt;&gt;</a>&nbsp;&nbsp;&nbsp;__aeabi_ldivmod
<LI><a href="#[33b]">&gt;&gt;</a>&nbsp;&nbsp;&nbsp;_printf_core
<LI><a href="#[348]">&gt;&gt;</a>&nbsp;&nbsp;&nbsp;_fp_digits
</UL>

<P><STRONG><a name="[146]"></a>__aeabi_llsr</STRONG> (Thumb, 32 bytes, Stack size 0 bytes, llushr.o(.text))
<BR><BR>[Called By]<UL><LI><a href="#[145]">&gt;&gt;</a>&nbsp;&nbsp;&nbsp;__aeabi_d2iz
<LI><a href="#[14e]">&gt;&gt;</a>&nbsp;&nbsp;&nbsp;_drnd
<LI><a href="#[13e]">&gt;&gt;</a>&nbsp;&nbsp;&nbsp;__aeabi_uldivmod
<LI><a href="#[151]">&gt;&gt;</a>&nbsp;&nbsp;&nbsp;_dsqrt
<LI><a href="#[143]">&gt;&gt;</a>&nbsp;&nbsp;&nbsp;_double_epilogue
<LI><a href="#[14f]">&gt;&gt;</a>&nbsp;&nbsp;&nbsp;__aeabi_d2ulz
</UL>

<P><STRONG><a name="[377]"></a>_ll_ushift_r</STRONG> (Thumb, 0 bytes, Stack size 0 bytes, llushr.o(.text), UNUSED)

<P><STRONG><a name="[378]"></a>__I$use$fp</STRONG> (Thumb, 0 bytes, Stack size 8 bytes, iusefp.o(.text), UNUSED)

<P><STRONG><a name="[148]"></a>_double_round</STRONG> (Thumb, 26 bytes, Stack size 8 bytes, depilogue.o(.text))
<BR><BR>[Stack]<UL><LI>Max Depth = 8<LI>Call Chain = _double_round
</UL>
<BR>[Called By]<UL><LI><a href="#[14e]">&gt;&gt;</a>&nbsp;&nbsp;&nbsp;_drnd
<LI><a href="#[14d]">&gt;&gt;</a>&nbsp;&nbsp;&nbsp;__aeabi_ddiv
<LI><a href="#[149]">&gt;&gt;</a>&nbsp;&nbsp;&nbsp;__aeabi_dadd
<LI><a href="#[151]">&gt;&gt;</a>&nbsp;&nbsp;&nbsp;_dsqrt
<LI><a href="#[143]">&gt;&gt;</a>&nbsp;&nbsp;&nbsp;_double_epilogue
</UL>

<P><STRONG><a name="[143]"></a>_double_epilogue</STRONG> (Thumb, 156 bytes, Stack size 32 bytes, depilogue.o(.text))
<BR><BR>[Stack]<UL><LI>Max Depth = 40<LI>Call Chain = _double_epilogue &rArr; _double_round
</UL>
<BR>[Calls]<UL><LI><a href="#[147]">&gt;&gt;</a>&nbsp;&nbsp;&nbsp;__aeabi_llsl
<LI><a href="#[148]">&gt;&gt;</a>&nbsp;&nbsp;&nbsp;_double_round
<LI><a href="#[146]">&gt;&gt;</a>&nbsp;&nbsp;&nbsp;__aeabi_llsr
</UL>
<BR>[Called By]<UL><LI><a href="#[144]">&gt;&gt;</a>&nbsp;&nbsp;&nbsp;__aeabi_i2d
<LI><a href="#[142]">&gt;&gt;</a>&nbsp;&nbsp;&nbsp;__aeabi_dmul
<LI><a href="#[149]">&gt;&gt;</a>&nbsp;&nbsp;&nbsp;__aeabi_dadd
</UL>

<P><STRONG><a name="[149]"></a>__aeabi_dadd</STRONG> (Thumb, 322 bytes, Stack size 48 bytes, dadd.o(.text))
<BR><BR>[Stack]<UL><LI>Max Depth = 88<LI>Call Chain = __aeabi_dadd &rArr; _double_epilogue &rArr; _double_round
</UL>
<BR>[Calls]<UL><LI><a href="#[14a]">&gt;&gt;</a>&nbsp;&nbsp;&nbsp;__aeabi_lasr
<LI><a href="#[147]">&gt;&gt;</a>&nbsp;&nbsp;&nbsp;__aeabi_llsl
<LI><a href="#[148]">&gt;&gt;</a>&nbsp;&nbsp;&nbsp;_double_round
<LI><a href="#[143]">&gt;&gt;</a>&nbsp;&nbsp;&nbsp;_double_epilogue
</UL>
<BR>[Called By]<UL><LI><a href="#[346]">&gt;&gt;</a>&nbsp;&nbsp;&nbsp;__hardfp_trunc
<LI><a href="#[14b]">&gt;&gt;</a>&nbsp;&nbsp;&nbsp;__aeabi_dsub
<LI><a href="#[14c]">&gt;&gt;</a>&nbsp;&nbsp;&nbsp;__aeabi_drsub
<LI><a href="#[33d]">&gt;&gt;</a>&nbsp;&nbsp;&nbsp;__hardfp_pow
<LI><a href="#[342]">&gt;&gt;</a>&nbsp;&nbsp;&nbsp;__kernel_poly
<LI><a href="#[348]">&gt;&gt;</a>&nbsp;&nbsp;&nbsp;_fp_digits
</UL>

<P><STRONG><a name="[14b]"></a>__aeabi_dsub</STRONG> (Thumb, 6 bytes, Stack size 0 bytes, dadd.o(.text))
<BR><BR>[Stack]<UL><LI>Max Depth = 88<LI>Call Chain = __aeabi_dsub &rArr; __aeabi_dadd &rArr; _double_epilogue &rArr; _double_round
</UL>
<BR>[Calls]<UL><LI><a href="#[149]">&gt;&gt;</a>&nbsp;&nbsp;&nbsp;__aeabi_dadd
</UL>
<BR>[Called By]<UL><LI><a href="#[346]">&gt;&gt;</a>&nbsp;&nbsp;&nbsp;__hardfp_trunc
<LI><a href="#[33d]">&gt;&gt;</a>&nbsp;&nbsp;&nbsp;__hardfp_pow
</UL>

<P><STRONG><a name="[14c]"></a>__aeabi_drsub</STRONG> (Thumb, 6 bytes, Stack size 0 bytes, dadd.o(.text))
<BR><BR>[Stack]<UL><LI>Max Depth = 88<LI>Call Chain = __aeabi_drsub &rArr; __aeabi_dadd &rArr; _double_epilogue &rArr; _double_round
</UL>
<BR>[Calls]<UL><LI><a href="#[149]">&gt;&gt;</a>&nbsp;&nbsp;&nbsp;__aeabi_dadd
</UL>
<BR>[Called By]<UL><LI><a href="#[33d]">&gt;&gt;</a>&nbsp;&nbsp;&nbsp;__hardfp_pow
</UL>

<P><STRONG><a name="[14d]"></a>__aeabi_ddiv</STRONG> (Thumb, 222 bytes, Stack size 32 bytes, ddiv.o(.text))
<BR><BR>[Stack]<UL><LI>Max Depth = 40<LI>Call Chain = __aeabi_ddiv &rArr; _double_round
</UL>
<BR>[Calls]<UL><LI><a href="#[148]">&gt;&gt;</a>&nbsp;&nbsp;&nbsp;_double_round
</UL>
<BR>[Called By]<UL><LI><a href="#[33d]">&gt;&gt;</a>&nbsp;&nbsp;&nbsp;__hardfp_pow
<LI><a href="#[348]">&gt;&gt;</a>&nbsp;&nbsp;&nbsp;_fp_digits
</UL>

<P><STRONG><a name="[344]"></a>__ARM_scalbn</STRONG> (Thumb, 46 bytes, Stack size 16 bytes, dscalb.o(.text))
<BR><BR>[Stack]<UL><LI>Max Depth = 16<LI>Call Chain = __ARM_scalbn
</UL>
<BR>[Called By]<UL><LI><a href="#[33d]">&gt;&gt;</a>&nbsp;&nbsp;&nbsp;__hardfp_pow
</UL>

<P><STRONG><a name="[379]"></a>scalbn</STRONG> (Thumb, 0 bytes, Stack size 16 bytes, dscalb.o(.text), UNUSED)

<P><STRONG><a name="[14e]"></a>_drnd</STRONG> (Thumb, 132 bytes, Stack size 24 bytes, drnd.o(.text))
<BR><BR>[Stack]<UL><LI>Max Depth = 32<LI>Call Chain = _drnd &rArr; _double_round
</UL>
<BR>[Calls]<UL><LI><a href="#[147]">&gt;&gt;</a>&nbsp;&nbsp;&nbsp;__aeabi_llsl
<LI><a href="#[148]">&gt;&gt;</a>&nbsp;&nbsp;&nbsp;_double_round
<LI><a href="#[146]">&gt;&gt;</a>&nbsp;&nbsp;&nbsp;__aeabi_llsr
</UL>
<BR>[Called By]<UL><LI><a href="#[346]">&gt;&gt;</a>&nbsp;&nbsp;&nbsp;__hardfp_trunc
</UL>

<P><STRONG><a name="[14f]"></a>__aeabi_d2ulz</STRONG> (Thumb, 48 bytes, Stack size 0 bytes, dfixul.o(.text), UNUSED)
<BR><BR>[Calls]<UL><LI><a href="#[147]">&gt;&gt;</a>&nbsp;&nbsp;&nbsp;__aeabi_llsl
<LI><a href="#[146]">&gt;&gt;</a>&nbsp;&nbsp;&nbsp;__aeabi_llsr
</UL>
<BR>[Called By]<UL><LI><a href="#[348]">&gt;&gt;</a>&nbsp;&nbsp;&nbsp;_fp_digits
</UL>

<P><STRONG><a name="[37a]"></a>__aeabi_cdcmpeq</STRONG> (Thumb, 0 bytes, Stack size 0 bytes, cdcmple.o(.text), UNUSED)

<P><STRONG><a name="[347]"></a>__aeabi_cdcmple</STRONG> (Thumb, 38 bytes, Stack size 0 bytes, cdcmple.o(.text))
<BR><BR>[Called By]<UL><LI><a href="#[346]">&gt;&gt;</a>&nbsp;&nbsp;&nbsp;__hardfp_trunc
</UL>

<P><STRONG><a name="[343]"></a>__aeabi_cdrcmple</STRONG> (Thumb, 38 bytes, Stack size 0 bytes, cdrcmple.o(.text))
<BR><BR>[Called By]<UL><LI><a href="#[346]">&gt;&gt;</a>&nbsp;&nbsp;&nbsp;__hardfp_trunc
<LI><a href="#[33d]">&gt;&gt;</a>&nbsp;&nbsp;&nbsp;__hardfp_pow
<LI><a href="#[348]">&gt;&gt;</a>&nbsp;&nbsp;&nbsp;_fp_digits
</UL>

<P><STRONG><a name="[13c]"></a>__scatterload</STRONG> (Thumb, 28 bytes, Stack size 0 bytes, init.o(.text))
<BR><BR>[Calls]<UL><LI><a href="#[150]">&gt;&gt;</a>&nbsp;&nbsp;&nbsp;__main_after_scatterload
</UL>
<BR>[Called By]<UL><LI><a href="#[13b]">&gt;&gt;</a>&nbsp;&nbsp;&nbsp;_main_scatterload
</UL>

<P><STRONG><a name="[37b]"></a>__scatterload_rt2</STRONG> (Thumb, 0 bytes, Stack size 0 bytes, init.o(.text), UNUSED)

<P><STRONG><a name="[147]"></a>__aeabi_llsl</STRONG> (Thumb, 30 bytes, Stack size 0 bytes, llshl.o(.text))
[...]
<LI><a href="#[172]">&gt;&gt;</a>&nbsp;&nbsp;&nbsp;Sensor_IO_Write
<LI><a href="#[170]">&gt;&gt;</a>&nbsp;&nbsp;&nbsp;Sensor_IO_SPI_Init
<LI><a href="#[171]">&gt;&gt;</a>&nbsp;&nbsp;&nbsp;Sensor_IO_SPI_CS_Init
<LI><a href="#[13f]">&gt;&gt;</a>&nbsp;&nbsp;&nbsp;__aeabi_memclr
</UL>
<BR>[Called By]<UL><LI><a href="#[18c]">&gt;&gt;</a>&nbsp;&nbsp;&nbsp;BSP_TEMPERATURE_Init
</UL>

<P><STRONG><a name="[17f]"></a>SD_GetCIDRegister</STRONG> (Thumb, 240 bytes, Stack size 32 bytes, sensortile_sd.o(i.SD_GetCIDRegister))
<BR><BR>[Stack]<UL><LI>Max Depth = 200<LI>Call Chain = SD_GetCIDRegister &rArr; SD_IO_WriteCmd &rArr; SD_IO_WaitResponse &rArr; SD_IO_ReadByte &rArr; SD_IO_SPI_Read &rArr; HAL_SPI_TransmitReceive &rArr; SPI_EndRxTxTransaction &rArr; SPI_WaitFifoStateUntilTimeout
</UL>
<BR>[Calls]<UL><LI><a href="#[186]">&gt;&gt;</a>&nbsp;&nbsp;&nbsp;SD_IO_WriteDummy
<LI><a href="#[185]">&gt;&gt;</a>&nbsp;&nbsp;&nbsp;SD_IO_WriteCmd
<LI><a href="#[18a]">&gt;&gt;</a>&nbsp;&nbsp;&nbsp;SD_IO_WriteByte
<LI><a href="#[187]">&gt;&gt;</a>&nbsp;&nbsp;&nbsp;SD_IO_WaitResponse
<LI><a href="#[188]">&gt;&gt;</a>&nbsp;&nbsp;&nbsp;SD_IO_ReadByte
</UL>
<BR>[Called By]<UL><LI><a href="#[17d]">&gt;&gt;</a>&nbsp;&nbsp;&nbsp;BSP_SD_GetCardInfo
</UL>

<P><STRONG><a name="[17e]"></a>SD_GetCSDRegister</STRONG> (Thumb, 500 bytes, Stack size 32 bytes, sensortile_sd.o(i.SD_GetCSDRegister))
<BR><BR>[Stack]<UL><LI>Max Depth = 200<LI>Call Chain = SD_GetCSDRegister &rArr; SD_IO_WriteCmd &rArr; SD_IO_WaitResponse &rArr; SD_IO_ReadByte &rArr; SD_IO_SPI_Read &rArr; HAL_SPI_TransmitReceive &rArr; SPI_EndRxTxTransaction &rArr; SPI_WaitFifoStateUntilTimeout
</UL>
<BR>[Calls]<UL><LI><a href="#[186]">&gt;&gt;</a>&nbsp;&nbsp;&nbsp;SD_IO_WriteDummy
<LI><a href="#[185]">&gt;&gt;</a>&nbsp;&nbsp;&nbsp;SD_IO_WriteCmd
<LI><a href="#[18a]">&gt;&gt;</a>&nbsp;&nbsp;&nbsp;SD_IO_WriteByte
<LI><a href="#[187]">&gt;&gt;</a>&nbsp;&nbsp;&nbsp;SD_IO_WaitResponse
<LI><a href="#[188]">&gt;&gt;</a>&nbsp;&nbsp;&nbsp;SD_IO_ReadByte
</UL>
<BR>[Called By]<UL><LI><a href="#[17d]">&gt;&gt;</a>&nbsp;&nbsp;&nbsp;BSP_SD_GetCardInfo
</UL>

<P><STRONG><a name="[18b]"></a>SD_GetDataResponse</STRONG> (Thumb, 76 bytes, Stack size 16 bytes, sensortile_sd.o(i.SD_GetDataResponse))
<BR><BR>[Stack]<UL><LI>Max Depth = 136<LI>Call Chain = SD_GetDataResponse &rArr; SD_IO_ReadByte &rArr; SD_IO_SPI_Read &rArr; HAL_SPI_TransmitReceive &rArr; SPI_EndRxTxTransaction &rArr; SPI_WaitFifoStateUntilTimeout
</UL>
<BR>[Calls]<UL><LI><a href="#[188]">&gt;&gt;</a>&nbsp;&nbsp;&nbsp;SD_IO_ReadByte
</UL>
<BR>[Called By]<UL><LI><a href="#[189]">&gt;&gt;</a>&nbsp;&nbsp;&nbsp;BSP_SD_WriteBlocks
</UL>

<P><STRONG><a name="[182]"></a>SD_GoIdleState</STRONG> (Thumb, 210 bytes, Stack size 16 bytes, sensortile_sd.o(i.SD_GoIdleState))
<BR><BR>[Stack]<UL><LI>Max Depth = 208<LI>Call Chain = SD_GoIdleState &rArr; SD_SendCmd &rArr; SD_IO_WriteCmd &rArr; SD_IO_WaitResponse &rArr; SD_IO_ReadByte &rArr; SD_IO_SPI_Read &rArr; HAL_SPI_TransmitReceive &rArr; SPI_EndRxTxTransaction &rArr; SPI_WaitFifoStateUntilTimeout
</UL>
<BR>[Calls]<UL><LI><a href="#[174]">&gt;&gt;</a>&nbsp;&nbsp;&nbsp;HAL_Delay
<LI><a href="#[186]">&gt;&gt;</a>&nbsp;&nbsp;&nbsp;SD_IO_WriteDummy
<LI><a href="#[188]">&gt;&gt;</a>&nbsp;&nbsp;&nbsp;SD_IO_ReadByte
<LI><a href="#[2dc]">&gt;&gt;</a>&nbsp;&nbsp;&nbsp;SD_SendCmd_wResp
<LI><a href="#[2db]">&gt;&gt;</a>&nbsp;&nbsp;&nbsp;SD_SendCmd
</UL>
<BR>[Called By]<UL><LI><a href="#[180]">&gt;&gt;</a>&nbsp;&nbsp;&nbsp;BSP_SD_Init
</UL>

<P><STRONG><a name="[2db]"></a>SD_SendCmd</STRONG> (Thumb, 44 bytes, Stack size 24 bytes, sensortile_sd.o(i.SD_SendCmd))
<BR><BR>[Stack]<UL><LI>Max Depth = 192<LI>Call Chain = SD_SendCmd &rArr; SD_IO_WriteCmd &rArr; SD_IO_WaitResponse &rArr; SD_IO_ReadByte &rArr; SD_IO_SPI_Read &rArr; HAL_SPI_TransmitReceive &rArr; SPI_EndRxTxTransaction &rArr; SPI_WaitFifoStateUntilTimeout
</UL>
<BR>[Calls]<UL><LI><a href="#[186]">&gt;&gt;</a>&nbsp;&nbsp;&nbsp;SD_IO_WriteDummy
<LI><a href="#[185]">&gt;&gt;</a>&nbsp;&nbsp;&nbsp;SD_IO_WriteCmd
</UL>
<BR>[Called By]<UL><LI><a href="#[182]">&gt;&gt;</a>&nbsp;&nbsp;&nbsp;SD_GoIdleState
</UL>

<P><STRONG><a name="[2dc]"></a>SD_SendCmd_wResp</STRONG> (Thumb, 20 bytes, Stack size 16 bytes, sensortile_sd.o(i.SD_SendCmd_wResp))
<BR><BR>[Stack]<UL><LI>Max Depth = 168<LI>Call Chain = SD_SendCmd_wResp &rArr; SD_IO_WriteCmd_wResp &rArr; SD_IO_ReadByte &rArr; SD_IO_SPI_Read &rArr; HAL_SPI_TransmitReceive &rArr; SPI_EndRxTxTransaction &rArr; SPI_WaitFifoStateUntilTimeout
</UL>
<BR>[Calls]<UL><LI><a href="#[2e5]">&gt;&gt;</a>&nbsp;&nbsp;&nbsp;SD_IO_WriteCmd_wResp
</UL>
<BR>[Called By]<UL><LI><a href="#[182]">&gt;&gt;</a>&nbsp;&nbsp;&nbsp;SD_GoIdleState
</UL>

<P><STRONG><a name="[c5]"></a>USBD_CDC_DataIn</STRONG> (Thumb, 26 bytes, Stack size 0 bytes, usbd_cdc.o(i.USBD_CDC_DataIn))
<BR>[Address Reference Count : 1]<UL><LI> usbd_cdc.o(.data)
</UL>
<P><STRONG><a name="[c6]"></a>USBD_CDC_DataOut</STRONG> (Thumb, 52 bytes, Stack size 16 bytes, usbd_cdc.o(i.USBD_CDC_DataOut))
<BR><BR>[Stack]<UL><LI>Max Depth = 32<LI>Call Chain = USBD_CDC_DataOut &rArr; USBD_LL_GetRxDataSize
</UL>
<BR>[Calls]<UL><LI><a href="#[30e]">&gt;&gt;</a>&nbsp;&nbsp;&nbsp;USBD_LL_GetRxDataSize
</UL>
<BR>[Address Reference Count : 1]<UL><LI> usbd_cdc.o(.data)
</UL>
<P><STRONG><a name="[c2]"></a>USBD_CDC_DeInit</STRONG> (Thumb, 64 bytes, Stack size 16 bytes, usbd_cdc.o(i.USBD_CDC_DeInit))
<BR><BR>[Stack]<UL><LI>Max Depth = 56<LI>Call Chain = USBD_CDC_DeInit &rArr; USBD_LL_CloseEP &rArr; HAL_PCD_EP_Close &rArr; USB_DeactivateEndpoint
</UL>
<BR>[Calls]<UL><LI><a href="#[30f]">&gt;&gt;</a>&nbsp;&nbsp;&nbsp;USBD_LL_CloseEP
<LI><a href="#[310]">&gt;&gt;</a>&nbsp;&nbsp;&nbsp;free
</UL>
<BR>[Address Reference Count : 1]<UL><LI> usbd_cdc.o(.data)
</UL>
<P><STRONG><a name="[c4]"></a>USBD_CDC_EP0_RxReady</STRONG> (Thumb, 50 bytes, Stack size 16 bytes, usbd_cdc.o(i.USBD_CDC_EP0_RxReady))
<BR><BR>[Stack]<UL><LI>Max Depth = 16<LI>Call Chain = USBD_CDC_EP0_RxReady
</UL>
<BR>[Address Reference Count : 1]<UL><LI> usbd_cdc.o(.data)
</UL>
<P><STRONG><a name="[c8]"></a>USBD_CDC_GetFSCfgDesc</STRONG> (Thumb, 10 bytes, Stack size 0 bytes, usbd_cdc.o(i.USBD_CDC_GetFSCfgDesc))
<BR>[Address Reference Count : 1]<UL><LI> usbd_cdc.o(.data)
</UL>
<P><STRONG><a name="[c7]"></a>USBD_CDC_GetHSCfgDesc</STRONG> (Thumb, 10 bytes, Stack size 0 bytes, usbd_cdc.o(i.USBD_CDC_GetHSCfgDesc))
<BR>[Address Reference Count : 1]<UL><LI> usbd_cdc.o(.data)
</UL>
<P><STRONG><a name="[c9]"></a>USBD_CDC_GetOtherSpeedCfgDesc</STRONG> (Thumb, 10 bytes, Stack size 0 bytes, usbd_cdc.o(i.USBD_CDC_GetOtherSpeedCfgDesc))
<BR>[Address Reference Count : 1]<UL><LI> usbd_cdc.o(.data)
</UL>
<P><STRONG><a name="[c1]"></a>USBD_CDC_Init</STRONG> (Thumb, 166 bytes, Stack size 24 bytes, usbd_cdc.o(i.USBD_CDC_Init))
<BR><BR>[Stack]<UL><LI>Max Depth = 116<LI>Call Chain = USBD_CDC_Init &rArr; USBD_LL_PrepareReceive &rArr; HAL_PCD_EP_Receive &rArr; USB_EPStartXfer &rArr; USB_WritePacket
</UL>
<BR>[Calls]<UL><LI><a href="#[313]">&gt;&gt;</a>&nbsp;&nbsp;&nbsp;USBD_LL_PrepareReceive
<LI><a href="#[311]">&gt;&gt;</a>&nbsp;&nbsp;&nbsp;USBD_LL_OpenEP
<LI><a href="#[312]">&gt;&gt;</a>&nbsp;&nbsp;&nbsp;malloc
</UL>
<BR>[Address Reference Count : 1]<UL><LI> usbd_cdc.o(.data)
</UL>
<P><STRONG><a name="[c3]"></a>USBD_CDC_Setup</STRONG> (Thumb, 138 bytes, Stack size 16 bytes, usbd_cdc.o(i.USBD_CDC_Setup))
<BR><BR>[Stack]<UL><LI>Max Depth = 124<LI>Call Chain = USBD_CDC_Setup &rArr; USBD_CtlPrepareRx &rArr; USBD_LL_PrepareReceive &rArr; HAL_PCD_EP_Receive &rArr; USB_EPStartXfer &rArr; USB_WritePacket
</UL>
<BR>[Calls]<UL><LI><a href="#[315]">&gt;&gt;</a>&nbsp;&nbsp;&nbsp;USBD_CtlPrepareRx
<LI><a href="#[314]">&gt;&gt;</a>&nbsp;&nbsp;&nbsp;USBD_CtlSendData
</UL>
<BR>[Address Reference Count : 1]<UL><LI> usbd_cdc.o(.data)
</UL>
<P><STRONG><a name="[305]"></a>Error_Handler</STRONG> (Thumb, 4 bytes, Stack size 0 bytes, cube_hal_l4.o(i.Error_Handler))
<BR><BR>[Called By]<UL><LI><a href="#[302]">&gt;&gt;</a>&nbsp;&nbsp;&nbsp;SystemClock_Config
</UL>

<P><STRONG><a name="[2d8]"></a>Error_Handler</STRONG> (Thumb, 4 bytes, Stack size 0 bytes, main.o(i.Error_Handler))
<BR><BR>[Called By]<UL><LI><a href="#[2da]">&gt;&gt;</a>&nbsp;&nbsp;&nbsp;RTC_TimeStampConfig
<LI><a href="#[2d7]">&gt;&gt;</a>&nbsp;&nbsp;&nbsp;RTC_Config
</UL>

<P><STRONG><a name="[2d7]"></a>RTC_Config</STRONG> (Thumb, 42 bytes, Stack size 8 bytes, main.o(i.RTC_Config))
<BR><BR>[Stack]<UL><LI>Max Depth = 72<LI>Call Chain = RTC_Config &rArr; HAL_RTC_Init &rArr; HAL_RTC_MspInit &rArr; HAL_NVIC_SetPriority &rArr; NVIC_SetPriority
</UL>
<BR>[Calls]<UL><LI><a href="#[1fa]">&gt;&gt;</a>&nbsp;&nbsp;&nbsp;HAL_RTC_Init
<LI><a href="#[2d8]">&gt;&gt;</a>&nbsp;&nbsp;&nbsp;Error_Handler
</UL>
<BR>[Called By]<UL><LI><a href="#[131]">&gt;&gt;</a>&nbsp;&nbsp;&nbsp;main
</UL>

<P><STRONG><a name="[2da]"></a>RTC_TimeStampConfig</STRONG> (Thumb, 82 bytes, Stack size 32 bytes, main.o(i.RTC_TimeStampConfig))
<BR><BR>[Stack]<UL><LI>Max Depth = 72<LI>Call Chain = RTC_TimeStampConfig &rArr; HAL_RTC_SetTime &rArr; RTC_EnterInitMode
</UL>
<BR>[Calls]<UL><LI><a href="#[200]">&gt;&gt;</a>&nbsp;&nbsp;&nbsp;HAL_RTC_SetTime
<LI><a href="#[1fd]">&gt;&gt;</a>&nbsp;&nbsp;&nbsp;HAL_RTC_SetDate
<LI><a href="#[2d8]">&gt;&gt;</a>&nbsp;&nbsp;&nbsp;Error_Handler
</UL>
<BR>[Called By]<UL><LI><a href="#[131]">&gt;&gt;</a>&nbsp;&nbsp;&nbsp;main
</UL>

<P><STRONG><a name="[363]"></a>initializeAllSensors</STRONG> (Thumb, 158 bytes, Stack size 8 bytes, main.o(i.initializeAllSensors))
<BR><BR>[Stack]<UL><LI>Max Depth = 408<LI>Call Chain = initializeAllSensors &rArr; BSP_GYRO_Init &rArr; BSP_LSM6DSM_GYRO_Init &rArr; LSM6DSM_ACC_GYRO_W_I2C_DISABLE &rArr; LSM6DSM_ACC_GYRO_WriteReg &rArr; Sensor_IO_Write &rArr; Sensor_IO_I2C_Write &rArr; I2C_SENSORTILE_WriteData &rArr; I2C_SENSORTILE_Error &rArr; I2C_SENSORTILE_Init &rArr; I2C_SENSORTILE_MspInit &rArr; HAL_RCCEx_PeriphCLKConfig &rArr; RCCEx_PLLSAI2_Config
</UL>
<BR>[Calls]<UL><LI><a href="#[167]">&gt;&gt;</a>&nbsp;&nbsp;&nbsp;BSP_HUMIDITY_Init
<LI><a href="#[163]">&gt;&gt;</a>&nbsp;&nbsp;&nbsp;BSP_GYRO_Init
<LI><a href="#[365]">&gt;&gt;</a>&nbsp;&nbsp;&nbsp;BSP_ACCELERO_Set_Tap_Threshold_Ext
<LI><a href="#[15e]">&gt;&gt;</a>&nbsp;&nbsp;&nbsp;BSP_ACCELERO_Init
<LI><a href="#[364]">&gt;&gt;</a>&nbsp;&nbsp;&nbsp;BSP_ACCELERO_Enable_Double_Tap_Detection_Ext
<LI><a href="#[161]">&gt;&gt;</a>&nbsp;&nbsp;&nbsp;BSP_GG_Init
<LI><a href="#[18c]">&gt;&gt;</a>&nbsp;&nbsp;&nbsp;BSP_TEMPERATURE_Init
<LI><a href="#[17c]">&gt;&gt;</a>&nbsp;&nbsp;&nbsp;BSP_PRESSURE_Init
<LI><a href="#[17b]">&gt;&gt;</a>&nbsp;&nbsp;&nbsp;BSP_MAGNETO_Init
</UL>
<BR>[Called By]<UL><LI><a href="#[131]">&gt;&gt;</a>&nbsp;&nbsp;&nbsp;main
</UL>

<P><STRONG><a name="[cd]"></a>CDC_Itf_Control</STRONG> (Thumb, 154 bytes, Stack size 8 bytes, usbd_cdc_interface.o(i.CDC_Itf_Control))
<BR><BR>[Stack]<UL><LI>Max Depth = 8<LI>Call Chain = CDC_Itf_Control
</UL>
<BR>[Address Reference Count : 1]<UL><LI> usbd_cdc_interface.o(.data)
</UL>
<P><STRONG><a name="[cc]"></a>CDC_Itf_DeInit</STRONG> (Thumb, 4 bytes, Stack size 0 bytes, usbd_cdc_interface.o(i.CDC_Itf_DeInit))
<BR>[Address Reference Count : 1]<UL><LI> usbd_cdc_interface.o(.data)
</UL>
<P><STRONG><a name="[cb]"></a>CDC_Itf_Init</STRONG> (Thumb, 84 bytes, Stack size 8 bytes, usbd_cdc_interface.o(i.CDC_Itf_Init))
<BR><BR>[Stack]<UL><LI>Max Depth = 56<LI>Call Chain = CDC_Itf_Init &rArr; HAL_NVIC_SetPriority &rArr; NVIC_SetPriority
</UL>
<BR>[Calls]<UL><LI><a href="#[18d]">&gt;&gt;</a>&nbsp;&nbsp;&nbsp;HAL_NVIC_SetPriority
<LI><a href="#[18e]">&gt;&gt;</a>&nbsp;&nbsp;&nbsp;HAL_NVIC_EnableIRQ
<LI><a href="#[190]">&gt;&gt;</a>&nbsp;&nbsp;&nbsp;HAL_TIM_Base_Start_IT
<LI><a href="#[192]">&gt;&gt;</a>&nbsp;&nbsp;&nbsp;USBD_CDC_SetTxBuffer
<LI><a href="#[193]">&gt;&gt;</a>&nbsp;&nbsp;&nbsp;USBD_CDC_SetRxBuffer
<LI><a href="#[18f]">&gt;&gt;</a>&nbsp;&nbsp;&nbsp;TIM_Config
<LI><a href="#[191]">&gt;&gt;</a>&nbsp;&nbsp;&nbsp;Error_Handler
</UL>
<BR>[Address Reference Count : 1]<UL><LI> usbd_cdc_interface.o(.data)
</UL>
<P><STRONG><a name="[ce]"></a>CDC_Itf_Receive</STRONG> (Thumb, 6 bytes, Stack size 0 bytes, usbd_cdc_interface.o(i.CDC_Itf_Receive))
<BR>[Address Reference Count : 1]<UL><LI> usbd_cdc_interface.o(.data)
</UL>
<P><STRONG><a name="[191]"></a>Error_Handler</STRONG> (Thumb, 2 bytes, Stack size 0 bytes, usbd_cdc_interface.o(i.Error_Handler))
<BR><BR>[Called By]<UL><LI><a href="#[18f]">&gt;&gt;</a>&nbsp;&nbsp;&nbsp;TIM_Config
<LI><a href="#[cb]">&gt;&gt;</a>&nbsp;&nbsp;&nbsp;CDC_Itf_Init
</UL>

<P><STRONG><a name="[18f]"></a>TIM_Config</STRONG> (Thumb, 42 bytes, Stack size 8 bytes, usbd_cdc_interface.o(i.TIM_Config))
<BR><BR>[Stack]<UL><LI>Max Depth = 16<LI>Call Chain = TIM_Config &rArr; HAL_TIM_Base_Init
</UL>
<BR>[Calls]<UL><LI><a href="#[209]">&gt;&gt;</a>&nbsp;&nbsp;&nbsp;HAL_TIM_Base_Init
<LI><a href="#[191]">&gt;&gt;</a>&nbsp;&nbsp;&nbsp;Error_Handler
</UL>
<BR>[Called By]<UL><LI><a href="#[cb]">&gt;&gt;</a>&nbsp;&nbsp;&nbsp;CDC_Itf_Init
</UL>

<P><STRONG><a name="[199]"></a>Get_SerialNum</STRONG> (Thumb, 42 bytes, Stack size 16 bytes, usbd_desc.o(i.Get_SerialNum))
<BR><BR>[Stack]<UL><LI>Max Depth = 28<LI>Call Chain = Get_SerialNum &rArr; IntToUnicode
</UL>
<BR>[Calls]<UL><LI><a href="#[19a]">&gt;&gt;</a>&nbsp;&nbsp;&nbsp;IntToUnicode
</UL>
<BR>[Called By]<UL><LI><a href="#[d3]">&gt;&gt;</a>&nbsp;&nbsp;&nbsp;USBD_VCP_SerialStrDescriptor
</UL>

<P><STRONG><a name="[19a]"></a>IntToUnicode</STRONG> (Thumb, 62 bytes, Stack size 12 bytes, usbd_desc.o(i.IntToUnicode))
<BR><BR>[Stack]<UL><LI>Max Depth = 12<LI>Call Chain = IntToUnicode
</UL>
<BR>[Called By]<UL><LI><a href="#[199]">&gt;&gt;</a>&nbsp;&nbsp;&nbsp;Get_SerialNum
</UL>

<P><STRONG><a name="[34c]"></a>check_fs</STRONG> (Thumb, 146 bytes, Stack size 16 bytes, ff.o(i.check_fs))
<BR><BR>[Stack]<UL><LI>Max Depth = 80<LI>Call Chain = check_fs &rArr; move_window &rArr; sync_window &rArr; disk_write
</UL>
<BR>[Calls]<UL><LI><a href="#[34d]">&gt;&gt;</a>&nbsp;&nbsp;&nbsp;move_window
</UL>
<BR>[Called By]<UL><LI><a href="#[35a]">&gt;&gt;</a>&nbsp;&nbsp;&nbsp;find_volume
</UL>

<P><STRONG><a name="[359]"></a>clear_lock</STRONG> (Thumb, 42 bytes, Stack size 8 bytes, ff.o(i.clear_lock))
<BR><BR>[Stack]<UL><LI>Max Depth = 8<LI>Call Chain = clear_lock
</UL>
<BR>[Called By]<UL><LI><a href="#[35a]">&gt;&gt;</a>&nbsp;&nbsp;&nbsp;find_volume
<LI><a href="#[196]">&gt;&gt;</a>&nbsp;&nbsp;&nbsp;f_mount
</UL>

<P><STRONG><a name="[35c]"></a>clmt_clust</STRONG> (Thumb, 56 bytes, Stack size 16 bytes, ff.o(i.clmt_clust))
<BR><BR>[Stack]<UL><LI>Max Depth = 16<LI>Call Chain = clmt_clust
</UL>
<BR>[Called By]<UL><LI><a href="#[15d]">&gt;&gt;</a>&nbsp;&nbsp;&nbsp;f_write
</UL>

<P><STRONG><a name="[34e]"></a>create_chain</STRONG> (Thumb, 234 bytes, Stack size 32 bytes, ff.o(i.create_chain))
<BR><BR>[Stack]<UL><LI>Max Depth = 128<LI>Call Chain = create_chain &rArr; put_fat &rArr; move_window &rArr; sync_window &rArr; disk_write
</UL>
<BR>[Calls]<UL><LI><a href="#[350]">&gt;&gt;</a>&nbsp;&nbsp;&nbsp;put_fat
<LI><a href="#[34f]">&gt;&gt;</a>&nbsp;&nbsp;&nbsp;get_fat
</UL>
<BR>[Called By]<UL><LI><a href="#[15d]">&gt;&gt;</a>&nbsp;&nbsp;&nbsp;f_write
</UL>

<P><STRONG><a name="[35a]"></a>find_volume</STRONG> (Thumb, 970 bytes, Stack size 88 bytes, ff.o(i.find_volume))
<BR><BR>[Stack]<UL><LI>Max Depth = 168<LI>Call Chain = find_volume &rArr; check_fs &rArr; move_window &rArr; sync_window &rArr; disk_write
</UL>
<BR>[Calls]<UL><LI><a href="#[34d]">&gt;&gt;</a>&nbsp;&nbsp;&nbsp;move_window
<LI><a href="#[358]">&gt;&gt;</a>&nbsp;&nbsp;&nbsp;get_ldnumber
<LI><a href="#[359]">&gt;&gt;</a>&nbsp;&nbsp;&nbsp;clear_lock
<LI><a href="#[34c]">&gt;&gt;</a>&nbsp;&nbsp;&nbsp;check_fs
<LI><a href="#[361]">&gt;&gt;</a>&nbsp;&nbsp;&nbsp;disk_status
<LI><a href="#[362]">&gt;&gt;</a>&nbsp;&nbsp;&nbsp;disk_initialize
</UL>
<BR>[Called By]<UL><LI><a href="#[196]">&gt;&gt;</a>&nbsp;&nbsp;&nbsp;f_mount
</UL>

<P><STRONG><a name="[358]"></a>get_ldnumber</STRONG> (Thumb, 72 bytes, Stack size 16 bytes, ff.o(i.get_ldnumber))
<BR><BR>[Stack]<UL><LI>Max Depth = 16<LI>Call Chain = get_ldnumber
</UL>
<BR>[Called By]<UL><LI><a href="#[35a]">&gt;&gt;</a>&nbsp;&nbsp;&nbsp;find_volume
<LI><a href="#[196]">&gt;&gt;</a>&nbsp;&nbsp;&nbsp;f_mount
</UL>

<P><STRONG><a name="[35f]"></a>mem_cpy</STRONG> (Thumb, 26 bytes, Stack size 16 bytes, ff.o(i.mem_cpy))
<BR><BR>[Stack]<UL><LI>Max Depth = 16<LI>Call Chain = mem_cpy
</UL>
<BR>[Called By]<UL><LI><a href="#[15d]">&gt;&gt;</a>&nbsp;&nbsp;&nbsp;f_write
</UL>

<P><STRONG><a name="[34d]"></a>move_window</STRONG> (Thumb, 56 bytes, Stack size 16 bytes, ff.o(i.move_window))
<BR><BR>[Stack]<UL><LI>Max Depth = 64<LI>Call Chain = move_window &rArr; sync_window &rArr; disk_write
</UL>
<BR>[Calls]<UL><LI><a href="#[36a]">&gt;&gt;</a>&nbsp;&nbsp;&nbsp;sync_window
<LI><a href="#[360]">&gt;&gt;</a>&nbsp;&nbsp;&nbsp;disk_read
</UL>
<BR>[Called By]<UL><LI><a href="#[35a]">&gt;&gt;</a>&nbsp;&nbsp;&nbsp;find_volume
<LI><a href="#[34c]">&gt;&gt;</a>&nbsp;&nbsp;&nbsp;check_fs
<LI><a href="#[350]">&gt;&gt;</a>&nbsp;&nbsp;&nbsp;put_fat
<LI><a href="#[34f]">&gt;&gt;</a>&nbsp;&nbsp;&nbsp;get_fat
</UL>

<P><STRONG><a name="[36a]"></a>sync_window</STRONG> (Thumb, 96 bytes, Stack size 24 bytes, ff.o(i.sync_window))
<BR><BR>[Stack]<UL><LI>Max Depth = 48<LI>Call Chain = sync_window &rArr; disk_write
</UL>
<BR>[Calls]<UL><LI><a href="#[35d]">&gt;&gt;</a>&nbsp;&nbsp;&nbsp;disk_write
</UL>
<BR>[Called By]<UL><LI><a href="#[34d]">&gt;&gt;</a>&nbsp;&nbsp;&nbsp;move_window
</UL>

<P><STRONG><a name="[35b]"></a>validate</STRONG> (Thumb, 66 bytes, Stack size 16 bytes, ff.o(i.validate))
<BR><BR>[Stack]<UL><LI>Max Depth = 32<LI>Call Chain = validate &rArr; disk_status
</UL>
<BR>[Calls]<UL><LI><a href="#[361]">&gt;&gt;</a>&nbsp;&nbsp;&nbsp;disk_status
</UL>
<BR>[Called By]<UL><LI><a href="#[15d]">&gt;&gt;</a>&nbsp;&nbsp;&nbsp;f_write
</UL>

<P><STRONG><a name="[348]"></a>_fp_digits</STRONG> (Thumb, 334 bytes, Stack size 56 bytes, printfa.o(i._fp_digits), UNUSED)
<BR><BR>[Calls]<UL><LI><a href="#[142]">&gt;&gt;</a>&nbsp;&nbsp;&nbsp;__aeabi_dmul
<LI><a href="#[14d]">&gt;&gt;</a>&nbsp;&nbsp;&nbsp;__aeabi_ddiv
<LI><a href="#[149]">&gt;&gt;</a>&nbsp;&nbsp;&nbsp;__aeabi_dadd
<LI><a href="#[343]">&gt;&gt;</a>&nbsp;&nbsp;&nbsp;__aeabi_cdrcmple
<LI><a href="#[13e]">&gt;&gt;</a>&nbsp;&nbsp;&nbsp;__aeabi_uldivmod
<LI><a href="#[14f]">&gt;&gt;</a>&nbsp;&nbsp;&nbsp;__aeabi_d2ulz
</UL>
<BR>[Called By]<UL><LI><a href="#[33b]">&gt;&gt;</a>&nbsp;&nbsp;&nbsp;_printf_core
</UL>

<P><STRONG><a name="[33b]"></a>_printf_core</STRONG> (Thumb, 1744 bytes, Stack size 136 bytes, printfa.o(i._printf_core), UNUSED)
<BR><BR>[Calls]<UL><LI><a href="#[13e]">&gt;&gt;</a>&nbsp;&nbsp;&nbsp;__aeabi_uldivmod
<LI><a href="#[34b]">&gt;&gt;</a>&nbsp;&nbsp;&nbsp;__aeabi_uidivmod
<LI><a href="#[349]">&gt;&gt;</a>&nbsp;&nbsp;&nbsp;_printf_pre_padding
<LI><a href="#[34a]">&gt;&gt;</a>&nbsp;&nbsp;&nbsp;_printf_post_padding
<LI><a href="#[348]">&gt;&gt;</a>&nbsp;&nbsp;&nbsp;_fp_digits
</UL>
<BR>[Called By]<UL><LI><a href="#[33c]">&gt;&gt;</a>&nbsp;&nbsp;&nbsp;__0sprintf
<LI><a href="#[33a]">&gt;&gt;</a>&nbsp;&nbsp;&nbsp;__0printf
</UL>

<P><STRONG><a name="[34a]"></a>_printf_post_padding</STRONG> (Thumb, 36 bytes, Stack size 24 bytes, printfa.o(i._printf_post_padding), UNUSED)
<BR><BR>[Called By]<UL><LI><a href="#[33b]">&gt;&gt;</a>&nbsp;&nbsp;&nbsp;_printf_core
</UL>

<P><STRONG><a name="[349]"></a>_printf_pre_padding</STRONG> (Thumb, 46 bytes, Stack size 24 bytes, printfa.o(i._printf_pre_padding), UNUSED)
<BR><BR>[Called By]<UL><LI><a href="#[33b]">&gt;&gt;</a>&nbsp;&nbsp;&nbsp;_printf_core
</UL>

<P><STRONG><a name="[135]"></a>_sputc</STRONG> (Thumb, 10 bytes, Stack size 0 bytes, printfa.o(i._sputc))
<BR><BR>[Called By]<UL><LI><a href="#[33c]">&gt;&gt;</a>&nbsp;&nbsp;&nbsp;__0sprintf
</UL>
<BR>[Address Reference Count : 1]<UL><LI> printfa.o(i.__0sprintf)
</UL><P>
<H3>
Undefined Global Symbols
</H3><HR></body></html>
