Product: MDK-ARM Professional 5.10
Component: ARM Compiler 5.04 update 1 (build 49)
Tool: armlink [5040049]

==============================================================================

Section Cross References

    startup_stm32l476xx.o(RESET) refers to startup_stm32l476xx.o(STACK) for __initial_sp
    startup_stm32l476xx.o(RESET) refers to startup_stm32l476xx.o(.text) for Reset_Handler
    startup_stm32l476xx.o(RESET) refers to stm32l4xx_it.o(i.NMI_Handler) for NMI_Handler
    startup_stm32l476xx.o(RESET) refers to stm32l4xx_it.o(i.HardFault_Handler) for HardFault_Handler
    startup_stm32l476xx.o(RESET) refers to stm32l4xx_it.o(i.DebugMon_Handler) for DebugMon_Handler
    startup_stm32l476xx.o(RESET) refers to stm32l4xx_it.o(i.SysTick_Handler) for SysTick_Handler
    startup_stm32l476xx.o(RESET) refers to stm32l4xx_it.o(i.EXTI2_IRQHandler) for EXTI2_IRQHandler
    startup_stm32l476xx.o(RESET) refers to stm32l4xx_it.o(i.TIM3_IRQHandler) for TIM3_IRQHandler
    startup_stm32l476xx.o(RESET) refers to stm32l4xx_it.o(i.OTG_FS_IRQHandler) for OTG_FS_IRQHandler
    startup_stm32l476xx.o(.text) refers to system_stm32l4xx.o(i.SystemInit) for SystemInit
    startup_stm32l476xx.o(.text) refers to entry.o(.ARM.Collect$$$$00000000) for __main
    usbd_core.o(i.USBD_DeInit) refers to usbd_conf.o(i.USBD_LL_Stop) for USBD_LL_Stop
    usbd_core.o(i.USBD_DeInit) refers to usbd_conf.o(i.USBD_LL_DeInit) for USBD_LL_DeInit
    usbd_core.o(i.USBD_Init) refers to usbd_conf.o(i.USBD_LL_Init) for USBD_LL_Init
    usbd_core.o(i.USBD_LL_DataInStage) refers to usbd_ioreq.o(i.USBD_CtlContinueSendData) for USBD_CtlContinueSendData
    usbd_core.o(i.USBD_LL_DataInStage) refers to usbd_conf.o(i.USBD_LL_PrepareReceive) for USBD_LL_PrepareReceive
    usbd_core.o(i.USBD_LL_DataInStage) refers to usbd_ioreq.o(i.USBD_CtlReceiveStatus) for USBD_CtlReceiveStatus
    usbd_core.o(i.USBD_LL_DataInStage) refers to usbd_core.o(i.USBD_RunTestMode) for USBD_RunTestMode
    usbd_core.o(i.USBD_LL_DataOutStage) refers to usbd_ioreq.o(i.USBD_CtlContinueRx) for USBD_CtlContinueRx
    usbd_core.o(i.USBD_LL_DataOutStage) refers to usbd_ioreq.o(i.USBD_CtlSendStatus) for USBD_CtlSendStatus
    usbd_core.o(i.USBD_LL_Reset) refers to usbd_conf.o(i.USBD_LL_OpenEP) for USBD_LL_OpenEP
    usbd_core.o(i.USBD_LL_SetupStage) refers to usbd_ctlreq.o(i.USBD_ParseSetupRequest) for USBD_ParseSetupRequest
    usbd_core.o(i.USBD_LL_SetupStage) refers to usbd_ctlreq.o(i.USBD_StdDevReq) for USBD_StdDevReq
    usbd_core.o(i.USBD_LL_SetupStage) refers to usbd_ctlreq.o(i.USBD_StdItfReq) for USBD_StdItfReq
    usbd_core.o(i.USBD_LL_SetupStage) refers to usbd_ctlreq.o(i.USBD_StdEPReq) for USBD_StdEPReq
    usbd_core.o(i.USBD_LL_SetupStage) refers to usbd_conf.o(i.USBD_LL_StallEP) for USBD_LL_StallEP
    usbd_core.o(i.USBD_Start) refers to usbd_conf.o(i.USBD_LL_Start) for USBD_LL_Start
    usbd_core.o(i.USBD_Stop) refers to usbd_conf.o(i.USBD_LL_Stop) for USBD_LL_Stop
    usbd_ctlreq.o(i.USBD_ClrFeature) refers to usbd_ioreq.o(i.USBD_CtlSendStatus) for USBD_CtlSendStatus
    usbd_ctlreq.o(i.USBD_ClrFeature) refers to usbd_ctlreq.o(i.USBD_CtlError) for USBD_CtlError
    usbd_ctlreq.o(i.USBD_CtlError) refers to usbd_conf.o(i.USBD_LL_StallEP) for USBD_LL_StallEP
    usbd_ctlreq.o(i.USBD_GetConfig) refers to usbd_ctlreq.o(i.USBD_CtlError) for USBD_CtlError
    usbd_ctlreq.o(i.USBD_GetConfig) refers to usbd_ioreq.o(i.USBD_CtlSendData) for USBD_CtlSendData
    usbd_ctlreq.o(i.USBD_GetDescriptor) refers to usbd_ctlreq.o(i.USBD_CtlError) for USBD_CtlError
    usbd_ctlreq.o(i.USBD_GetDescriptor) refers to usbd_ioreq.o(i.USBD_CtlSendData) for USBD_CtlSendData
    usbd_ctlreq.o(i.USBD_GetStatus) refers to usbd_ioreq.o(i.USBD_CtlSendData) for USBD_CtlSendData
    usbd_ctlreq.o(i.USBD_GetStatus) refers to usbd_ctlreq.o(i.USBD_CtlError) for USBD_CtlError
    usbd_ctlreq.o(i.USBD_GetString) refers to usbd_ctlreq.o(i.USBD_GetLen) for USBD_GetLen
    usbd_ctlreq.o(i.USBD_SetAddress) refers to usbd_ctlreq.o(i.USBD_CtlError) for USBD_CtlError
    usbd_ctlreq.o(i.USBD_SetAddress) refers to usbd_conf.o(i.USBD_LL_SetUSBAddress) for USBD_LL_SetUSBAddress
    usbd_ctlreq.o(i.USBD_SetAddress) refers to usbd_ioreq.o(i.USBD_CtlSendStatus) for USBD_CtlSendStatus
    usbd_ctlreq.o(i.USBD_SetConfig) refers to usbd_ctlreq.o(i.USBD_CtlError) for USBD_CtlError
    usbd_ctlreq.o(i.USBD_SetConfig) refers to usbd_core.o(i.USBD_SetClassConfig) for USBD_SetClassConfig
    usbd_ctlreq.o(i.USBD_SetConfig) refers to usbd_ioreq.o(i.USBD_CtlSendStatus) for USBD_CtlSendStatus
    usbd_ctlreq.o(i.USBD_SetConfig) refers to usbd_core.o(i.USBD_ClrClassConfig) for USBD_ClrClassConfig
    usbd_ctlreq.o(i.USBD_SetConfig) refers to usbd_ctlreq.o(.data) for cfgidx
    usbd_ctlreq.o(i.USBD_SetFeature) refers to usbd_ioreq.o(i.USBD_CtlSendStatus) for USBD_CtlSendStatus
    usbd_ctlreq.o(i.USBD_StdDevReq) refers to usbd_ctlreq.o(i.USBD_GetDescriptor) for USBD_GetDescriptor
[...]
    0x080049a8   0x00000056   Code   RO        13187    .text               mc_w.l(__dczerorl2.o)
    0x080049fe   0x00000002   PAD
    0x08004a00   0x000002f8   Code   RO        11507    i.Accelero_Sensor_Handler  datalog_application.o
    0x08004cf8   0x00000030   Code   RO        10012    i.BSP_ACCELERO_Enable_Double_Tap_Detection_Ext  sensortile_accelero.o
    0x08004d28   0x00000036   Code   RO        10025    i.BSP_ACCELERO_Get_Axes  sensortile_accelero.o
    0x08004d5e   0x0000003e   Code   RO        10029    i.BSP_ACCELERO_Get_Double_Tap_Detection_Status_Ext  sensortile_accelero.o
    0x08004d9c   0x00000036   Code   RO        10030    i.BSP_ACCELERO_Get_FS  sensortile_accelero.o
    0x08004dd2   0x00000018   Code   RO        10032    i.BSP_ACCELERO_Get_Instance  sensortile_accelero.o
    0x08004dea   0x00000036   Code   RO        10033    i.BSP_ACCELERO_Get_ODR  sensortile_accelero.o
    0x08004e20   0x00000030   Code   RO        10040    i.BSP_ACCELERO_Get_WhoAmI  sensortile_accelero.o
    0x08004e50   0x00000052   Code   RO        10041    i.BSP_ACCELERO_Init  sensortile_accelero.o
    0x08004ea2   0x00000018   Code   RO        10044    i.BSP_ACCELERO_IsInitialized  sensortile_accelero.o
    0x08004eba   0x00000028   Code   RO        10048    i.BSP_ACCELERO_Sensor_Enable  sensortile_accelero.o
    0x08004ee2   0x00000038   Code   RO        10059    i.BSP_ACCELERO_Set_Tap_Threshold_Ext  sensortile_accelero.o
    0x08004f1a   0x00000002   PAD
    0x08004f1c   0x00000098   Code   RO        11254    i.BSP_GG_Init       sensortile_gg.o
    0x08004fb4   0x00000036   Code   RO        10422    i.BSP_GYRO_Init     sensortile_gyro.o
    0x08004fea   0x00000028   Code   RO        10428    i.BSP_GYRO_Sensor_Enable  sensortile_gyro.o
    0x08005012   0x00000002   PAD
    0x08005014   0x000000a0   Code   RO        10584    i.BSP_HTS221_HUMIDITY_Init  sensortile_humidity.o
    0x080050b4   0x000000b0   Code   RO        11019    i.BSP_HTS221_TEMPERATURE_Init  sensortile_temperature.o
    0x08005164   0x00000036   Code   RO        10592    i.BSP_HUMIDITY_Init  sensortile_humidity.o
    0x0800519a   0x00000028   Code   RO        10598    i.BSP_HUMIDITY_Sensor_Enable  sensortile_humidity.o
    0x080051c2   0x00000002   PAD
    0x080051c4   0x00000098   Code   RO         9731    i.BSP_LED_Init      sensortile.o
    0x0800525c   0x00000040   Code   RO         9733    i.BSP_LED_On        sensortile.o
    0x0800529c   0x00000020   Code   RO         9734    i.BSP_LED_Toggle    sensortile.o
    0x080052bc   0x000000fc   Code   RO        10884    i.BSP_LPS22HB_PRESSURE_Init  sensortile_pressure.o
    0x080053b8   0x000000ec   Code   RO        11020    i.BSP_LPS22HB_TEMPERATURE_Init  sensortile_temperature.o
    0x080054a4   0x000000d4   Code   RO        10062    i.BSP_LSM303AGR_ACCELERO_Init  sensortile_accelero.o
    0x08005578   0x000000d0   Code   RO        10719    i.BSP_LSM303AGR_MAGNETO_Init  sensortile_magneto.o
    0x08005648   0x000000d8   Code   RO        10063    i.BSP_LSM6DSM_ACCELERO_Init  sensortile_accelero.o
    0x08005720   0x000000d0   Code   RO        10435    i.BSP_LSM6DSM_GYRO_Init  sensortile_gyro.o
    0x080057f0   0x00000036   Code   RO        10730    i.BSP_MAGNETO_Init  sensortile_magneto.o
    0x08005826   0x00000028   Code   RO        10736    i.BSP_MAGNETO_Sensor_Enable  sensortile_magneto.o
    0x0800584e   0x00000018   Code   RO        10888    i.BSP_PRESSURE_Get_Instance  sensortile_pressure.o
    0x08005866   0x00000036   Code   RO        10889    i.BSP_PRESSURE_Get_ODR  sensortile_pressure.o
    0x0800589c   0x00000036   Code   RO        10890    i.BSP_PRESSURE_Get_Press  sensortile_pressure.o
    0x080058d2   0x00000036   Code   RO        10891    i.BSP_PRESSURE_Get_WhoAmI  sensortile_pressure.o
    0x08005908   0x00000036   Code   RO        10892    i.BSP_PRESSURE_Init  sensortile_pressure.o
    0x0800593e   0x00000018   Code   RO        10895    i.BSP_PRESSURE_IsInitialized  sensortile_pressure.o
    0x08005956   0x00000028   Code   RO        10898    i.BSP_PRESSURE_Sensor_Enable  sensortile_pressure.o
    0x0800597e   0x0000003e   Code   RO        11156    i.BSP_SD_GetCardInfo  sensortile_sd.o
    0x080059bc   0x00000004   Code   RO        11157    i.BSP_SD_GetStatus  sensortile_sd.o
    0x080059c0   0x0000003c   Code   RO        11158    i.BSP_SD_Init       sensortile_sd.o
    0x080059fc   0x000000c4   Code   RO        11159    i.BSP_SD_ReadBlocks  sensortile_sd.o
    0x08005ac0   0x000000b4   Code   RO        11160    i.BSP_SD_WriteBlocks  sensortile_sd.o
    0x08005b74   0x00000018   Code   RO        11024    i.BSP_TEMPERATURE_Get_Instance  sensortile_temperature.o
    0x08005b8c   0x00000036   Code   RO        11025    i.BSP_TEMPERATURE_Get_ODR  sensortile_temperature.o
    0x08005bc2   0x00000036   Code   RO        11026    i.BSP_TEMPERATURE_Get_Temp  sensortile_temperature.o
    0x08005bf8   0x00000036   Code   RO        11027    i.BSP_TEMPERATURE_Get_WhoAmI  sensortile_temperature.o
    0x08005c2e   0x00000052   Code   RO        11028    i.BSP_TEMPERATURE_Init  sensortile_temperature.o
    0x08005c80   0x00000018   Code   RO        11031    i.BSP_TEMPERATURE_IsInitialized  sensortile_temperature.o
    0x08005c98   0x00000028   Code   RO        11034    i.BSP_TEMPERATURE_Sensor_Enable  sensortile_temperature.o
    0x08005cc0   0x00000038   Code   RO        11825    i.CDC_Fill_Buffer   usbd_cdc_interface.o
    0x08005cf8   0x000000a0   Code   RO        11826    i.CDC_Itf_Control   usbd_cdc_interface.o
    0x08005d98   0x00000004   Code   RO        11827    i.CDC_Itf_DeInit    usbd_cdc_interface.o
    0x08005d9c   0x00000068   Code   RO        11828    i.CDC_Itf_Init      usbd_cdc_interface.o
    0x08005e04   0x00000006   Code   RO        11829    i.CDC_Itf_Receive   usbd_cdc_interface.o
    0x08005e0a   0x00000002   PAD
    0x08005e0c   0x00000034   Code   RO        11508    i.DATALOG_SD_Init   datalog_application.o
    0x08005e40   0x00000002   Code   RO        11761    i.DebugMon_Handler  stm32l4xx_it.o
    0x08005e42   0x0000000a   Code   RO        11762    i.EXTI2_IRQHandler  stm32l4xx_it.o
    0x08005e4c   0x00000004   Code   RO        11475    i.Error_Handler     cube_hal_l4.o
    0x08005e50   0x00000004   Code   RO        11645    i.Error_Handler     main.o
    0x08005e54   0x00000002   Code   RO        11830    i.Error_Handler     usbd_cdc_interface.o
    0x08005e56   0x00000012   Code   RO        12585    i.FATFS_LinkDriver  ff_gen_drv.o
    0x08005e68   0x00000054   Code   RO        12586    i.FATFS_LinkDriverEx  ff_gen_drv.o
    0x08005ebc   0x00000034   Code   RO        12082    i.Get_SerialNum     usbd_desc.o
    0x08005ef0   0x0000001a   Code   RO          461    i.HAL_Delay         stm32l4xx_hal.o
    0x08005f0a   0x00000002   PAD
    0x08005f0c   0x0000000c   Code   RO        11646    i.HAL_GPIO_EXTI_Callback  main.o
    0x08005f18   0x0000001c   Code   RO          874    i.HAL_GPIO_EXTI_IRQHandler  stm32l4xx_hal_gpio.o
    0x08005f34   0x00000208   Code   RO          875    i.HAL_GPIO_Init     stm32l4xx_hal_gpio.o
    0x0800613c   0x00000008   Code   RO          878    i.HAL_GPIO_TogglePin  stm32l4xx_hal_gpio.o
    0x08006144   0x0000000a   Code   RO          879    i.HAL_GPIO_WritePin  stm32l4xx_hal_gpio.o
    0x0800614e   0x00000002   PAD
    0x08006150   0x0000000c   Code   RO          465    i.HAL_GetTick       stm32l4xx_hal.o
    0x0800615c   0x0000003c   Code   RO          940    i.HAL_I2C_DeInit    stm32l4xx_hal_i2c.o
    0x08006198   0x00000008   Code   RO          948    i.HAL_I2C_GetState  stm32l4xx_hal_i2c.o
    0x080061a0   0x000000bc   Code   RO          949    i.HAL_I2C_Init      stm32l4xx_hal_i2c.o
    0x0800625c   0x000001bc   Code   RO          965    i.HAL_I2C_Mem_Read  stm32l4xx_hal_i2c.o
    0x08006418   0x000001b8   Code   RO          968    i.HAL_I2C_Mem_Write  stm32l4xx_hal_i2c.o
    0x080065d0   0x00000002   Code   RO          971    i.HAL_I2C_MspDeInit  stm32l4xx_hal_i2c.o
    0x080065d2   0x00000002   Code   RO          972    i.HAL_I2C_MspInit   stm32l4xx_hal_i2c.o
    0x080065d4   0x00000010   Code   RO          466    i.HAL_IncTick       stm32l4xx_hal.o
    0x080065e4   0x00000028   Code   RO          467    i.HAL_Init          stm32l4xx_hal.o
    0x0800660c   0x00000028   Code   RO          468    i.HAL_InitTick      stm32l4xx_hal.o
    0x08006634   0x00000002   Code   RO          470    i.HAL_MspInit       stm32l4xx_hal.o
    0x08006636   0x0000001a   Code   RO          652    i.HAL_NVIC_EnableIRQ  stm32l4xx_hal_cortex.o
    0x08006650   0x0000007c   Code   RO          658    i.HAL_NVIC_SetPriority  stm32l4xx_hal_cortex.o
    0x080066cc   0x00000028   Code   RO          659    i.HAL_NVIC_SetPriorityGrouping  stm32l4xx_hal_cortex.o
    0x080066f4   0x00000016   Code   RO         4141    i.HAL_PCDEx_ActivateBCD  stm32l4xx_hal_pcd_ex.o
    0x0800670a   0x00000002   PAD
    0x0800670c   0x00000028   Code   RO         4142    i.HAL_PCDEx_ActivateLPM  stm32l4xx_hal_pcd_ex.o
    0x08006734   0x00000002   Code   RO         4147    i.HAL_PCDEx_LPM_Callback  stm32l4xx_hal_pcd_ex.o
    0x08006736   0x0000000a   Code   RO         4148    i.HAL_PCDEx_SetRxFiFo  stm32l4xx_hal_pcd_ex.o
    0x08006740   0x00000052   Code   RO         4149    i.HAL_PCDEx_SetTxFiFo  stm32l4xx_hal_pcd_ex.o
    0x08006792   0x0000000e   Code   RO        11893    i.HAL_PCD_ConnectCallback  usbd_conf.o
    0x080067a0   0x00000020   Code   RO        11894    i.HAL_PCD_DataInStageCallback  usbd_conf.o
    0x080067c0   0x00000020   Code   RO        11895    i.HAL_PCD_DataOutStageCallback  usbd_conf.o
    0x080067e0   0x0000000e   Code   RO        11896    i.HAL_PCD_DisconnectCallback  usbd_conf.o
    0x080067ee   0x0000006c   Code   RO         3935    i.HAL_PCD_EP_Close  stm32l4xx_hal_pcd.o
    0x0800685a   0x0000006a   Code   RO         3936    i.HAL_PCD_EP_ClrStall  stm32l4xx_hal_pcd.o
    0x080068c4   0x00000018   Code   RO         3938    i.HAL_PCD_EP_GetRxCount  stm32l4xx_hal_pcd.o
    0x080068dc   0x0000007e   Code   RO         3939    i.HAL_PCD_EP_Open   stm32l4xx_hal_pcd.o
    0x0800695a   0x00000072   Code   RO         3940    i.HAL_PCD_EP_Receive  stm32l4xx_hal_pcd.o
    0x080069cc   0x0000007c   Code   RO         3941    i.HAL_PCD_EP_SetStall  stm32l4xx_hal_pcd.o
    0x08006a48   0x00000074   Code   RO         3942    i.HAL_PCD_EP_Transmit  stm32l4xx_hal_pcd.o
    0x08006abc   0x000006f0   Code   RO         3944    i.HAL_PCD_IRQHandler  stm32l4xx_hal_pcd.o
    0x080071ac   0x00000012   Code   RO        11897    i.HAL_PCD_ISOINIncompleteCallback  usbd_conf.o
    0x080071be   0x00000012   Code   RO        11898    i.HAL_PCD_ISOOUTIncompleteCallback  usbd_conf.o
    0x080071d0   0x00000164   Code   RO         3947    i.HAL_PCD_Init      stm32l4xx_hal_pcd.o
    0x08007334   0x00000078   Code   RO        11900    i.HAL_PCD_MspInit   usbd_conf.o
    0x080073ac   0x00000018   Code   RO        11901    i.HAL_PCD_ResetCallback  usbd_conf.o
    0x080073c4   0x0000000e   Code   RO        11902    i.HAL_PCD_ResumeCallback  usbd_conf.o
    0x080073d2   0x0000000e   Code   RO        11903    i.HAL_PCD_SOFCallback  usbd_conf.o
    0x080073e0   0x00000036   Code   RO         3953    i.HAL_PCD_SetAddress  stm32l4xx_hal_pcd.o
    0x08007416   0x00000012   Code   RO        11904    i.HAL_PCD_SetupStageCallback  usbd_conf.o
    0x08007428   0x00000034   Code   RO         3955    i.HAL_PCD_Start     stm32l4xx_hal_pcd.o
    0x0800745c   0x0000000e   Code   RO        11905    i.HAL_PCD_SuspendCallback  usbd_conf.o
    0x0800746a   0x00000002   PAD
    0x0800746c   0x00000014   Code   RO         1560    i.HAL_PWREx_EnableVddIO2  stm32l4xx_hal_pwr_ex.o
    0x08007480   0x00000014   Code   RO         1561    i.HAL_PWREx_EnableVddUSB  stm32l4xx_hal_pwr_ex.o
    0x08007494   0x00000010   Code   RO         1566    i.HAL_PWREx_GetVoltageRange  stm32l4xx_hal_pwr_ex.o
    0x080074a4   0x00000014   Code   RO         1427    i.HAL_PWR_EnableBkUpAccess  stm32l4xx_hal_pwr.o
    0x080074b8   0x00000020   Code   RO         1882    i.HAL_RCCEx_DisableLSECSS  stm32l4xx_hal_rcc_ex.o
    0x080074d8   0x00000014   Code   RO         1889    i.HAL_RCCEx_EnableMSIPLLMode  stm32l4xx_hal_rcc_ex.o
    0x080074ec   0x000004d4   Code   RO         1896    i.HAL_RCCEx_PeriphCLKConfig  stm32l4xx_hal_rcc_ex.o
    0x080079c0   0x000001e8   Code   RO         1781    i.HAL_RCC_ClockConfig  stm32l4xx_hal_rcc.o
    0x08007ba8   0x0000000c   Code   RO         1785    i.HAL_RCC_GetHCLKFreq  stm32l4xx_hal_rcc.o
    0x08007bb4   0x00000174   Code   RO         1789    i.HAL_RCC_GetSysClockFreq  stm32l4xx_hal_rcc.o
    0x08007d28   0x00000654   Code   RO         1792    i.HAL_RCC_OscConfig  stm32l4xx_hal_rcc.o
    0x0800837c   0x0000004c   Code   RO         2022    i.HAL_RTC_GetDate   stm32l4xx_hal_rtc.o
    0x080083c8   0x00000060   Code   RO         2024    i.HAL_RTC_GetTime   stm32l4xx_hal_rtc.o
    0x08008428   0x000000c4   Code   RO         2025    i.HAL_RTC_Init      stm32l4xx_hal_rtc.o
    0x080084ec   0x0000002c   Code   RO        11732    i.HAL_RTC_MspInit   stm32l4xx_hal_msp.o
    0x08008518   0x00000124   Code   RO         2031    i.HAL_RTC_SetDate   stm32l4xx_hal_rtc.o
    0x0800863c   0x00000148   Code   RO         2032    i.HAL_RTC_SetTime   stm32l4xx_hal_rtc.o
    0x08008784   0x0000003a   Code   RO         2033    i.HAL_RTC_WaitForSynchro  stm32l4xx_hal_rtc.o
    0x080087be   0x00000036   Code   RO         2398    i.HAL_SPI_DeInit    stm32l4xx_hal_spi.o
    0x080087f4   0x00000008   Code   RO         2401    i.HAL_SPI_GetState  stm32l4xx_hal_spi.o
    0x080087fc   0x000000ce   Code   RO         2403    i.HAL_SPI_Init      stm32l4xx_hal_spi.o
    0x080088ca   0x00000002   Code   RO         2404    i.HAL_SPI_MspDeInit  stm32l4xx_hal_spi.o
    0x080088cc   0x00000002   Code   RO         2405    i.HAL_SPI_MspInit   stm32l4xx_hal_spi.o
    0x080088ce   0x000001b0   Code   RO         2411    i.HAL_SPI_Transmit  stm32l4xx_hal_spi.o
    0x08008a7e   0x00000300   Code   RO         2412    i.HAL_SPI_TransmitReceive  stm32l4xx_hal_spi.o
    0x08008d7e   0x00000034   Code   RO          663    i.HAL_SYSTICK_Config  stm32l4xx_hal_cortex.o
    0x08008db2   0x00000002   Code   RO         3375    i.HAL_TIMEx_BreakCallback  stm32l4xx_hal_tim_ex.o
    0x08008db4   0x00000002   Code   RO         3376    i.HAL_TIMEx_CommutationCallback  stm32l4xx_hal_tim_ex.o
    0x08008db6   0x00000034   Code   RO         2725    i.HAL_TIM_Base_Init  stm32l4xx_hal_tim.o
    0x08008dea   0x00000002   Code   RO         2727    i.HAL_TIM_Base_MspInit  stm32l4xx_hal_tim.o
    0x08008dec   0x0000001e   Code   RO         2730    i.HAL_TIM_Base_Start_IT  stm32l4xx_hal_tim.o
    0x08008e0a   0x00000002   Code   RO         2754    i.HAL_TIM_IC_CaptureCallback  stm32l4xx_hal_tim.o
    0x08008e0c   0x00000196   Code   RO         2767    i.HAL_TIM_IRQHandler  stm32l4xx_hal_tim.o
    0x08008fa2   0x00000002   Code   RO         2770    i.HAL_TIM_OC_DelayElapsedCallback  stm32l4xx_hal_tim.o
    0x08008fa4   0x00000002   Code   RO         2797    i.HAL_TIM_PWM_PulseFinishedCallback  stm32l4xx_hal_tim.o
    0x08008fa6   0x00000002   PAD
    0x08008fa8   0x00000074   Code   RO        11831    i.HAL_TIM_PeriodElapsedCallback  usbd_cdc_interface.o
    0x0800901c   0x00000002   Code   RO         2808    i.HAL_TIM_TriggerCallback  stm32l4xx_hal_tim.o
    0x0800901e   0x00000036   Code   RO         4247    i.HTS221_Activate   hts221_driver.o
    0x08009054   0x00000028   Code   RO         4484    i.HTS221_Check_WhoAmI  hts221_driver_hl.o
    0x0800907c   0x00000036   Code   RO         4248    i.HTS221_DeActivate  hts221_driver.o
    0x080090b2   0x00000032   Code   RO         4252    i.HTS221_Get_DataStatus  hts221_driver.o
    0x080090e4   0x0000001c   Code   RO         4253    i.HTS221_Get_DeviceID  hts221_driver.o
    0x08009100   0x00000034   Code   RO         4485    i.HTS221_Get_Hum    hts221_driver_hl.o
    0x08009134   0x00000114   Code   RO         4256    i.HTS221_Get_Humidity  hts221_driver.o
    0x08009248   0x00000068   Code   RO         4486    i.HTS221_Get_ODR    hts221_driver_hl.o
    0x080092b0   0x0000002c   Code   RO         4263    i.HTS221_Get_Odr    hts221_driver.o
    0x080092dc   0x00000034   Code   RO         4487    i.HTS221_Get_Temp   hts221_driver_hl.o
    0x08009310   0x0000010a   Code   RO         4266    i.HTS221_Get_Temperature  hts221_driver.o
    0x0800941a   0x00000018   Code   RO         4488    i.HTS221_Get_WhoAmI  hts221_driver_hl.o
    0x08009432   0x0000000c   Code   RO         4489    i.HTS221_H_Check_WhoAmI  hts221_driver_hl.o
    0x0800943e   0x0000002a   Code   RO         4490    i.HTS221_H_DeInit   hts221_driver_hl.o
    0x08009468   0x00000034   Code   RO         4491    i.HTS221_H_Get_DRDY_Status  hts221_driver_hl.o
    0x0800949c   0x00000010   Code   RO         4492    i.HTS221_H_Get_Hum  hts221_driver_hl.o
    0x080094ac   0x00000010   Code   RO         4493    i.HTS221_H_Get_ODR  hts221_driver_hl.o
    0x080094bc   0x00000010   Code   RO         4494    i.HTS221_H_Get_WhoAmI  hts221_driver_hl.o
    0x080094cc   0x0000002a   Code   RO         4495    i.HTS221_H_Init     hts221_driver_hl.o
    0x080094f6   0x0000001c   Code   RO         4496    i.HTS221_H_Read_Reg  hts221_driver_hl.o
    0x08009512   0x00000032   Code   RO         4497    i.HTS221_H_Sensor_Disable  hts221_driver_hl.o
    0x08009544   0x00000034   Code   RO         4498    i.HTS221_H_Sensor_Enable  hts221_driver_hl.o
    0x08009578   0x00000010   Code   RO         4499    i.HTS221_H_Set_ODR  hts221_driver_hl.o
    0x08009588   0x0000001c   Code   RO         4500    i.HTS221_H_Set_ODR_Value  hts221_driver_hl.o
    0x080095a4   0x0000001c   Code   RO         4501    i.HTS221_H_Write_Reg  hts221_driver_hl.o
    0x080095c0   0x0000003c   Code   RO         4502    i.HTS221_Init       hts221_driver_hl.o
    0x080095fc   0x00000024   Code   RO         4270    i.HTS221_ReadReg    hts221_driver.o
    0x08009620   0x0000001e   Code   RO         4503    i.HTS221_Read_Reg   hts221_driver_hl.o
    0x0800963e   0x00000014   Code   RO         4504    i.HTS221_Sensor_Disable  hts221_driver_hl.o
    0x08009652   0x00000014   Code   RO         4505    i.HTS221_Sensor_Enable  hts221_driver_hl.o
    0x08009666   0x00000002   PAD
    0x08009668   0x00000098   Code   RO         4274    i.HTS221_Set_BduMode  hts221_driver.o
    0x08009700   0x00000040   Code   RO         4506    i.HTS221_Set_ODR    hts221_driver_hl.o
    0x08009740   0x0000004a   Code   RO         4507    i.HTS221_Set_ODR_Value  hts221_driver_hl.o
    0x0800978a   0x00000002   PAD
    0x0800978c   0x0000009c   Code   RO         4280    i.HTS221_Set_Odr    hts221_driver.o
    0x08009828   0x0000000c   Code   RO         4508    i.HTS221_T_Check_WhoAmI  hts221_driver_hl.o
    0x08009834   0x0000002a   Code   RO         4509    i.HTS221_T_DeInit   hts221_driver_hl.o
    0x0800985e   0x00000034   Code   RO         4510    i.HTS221_T_Get_DRDY_Status  hts221_driver_hl.o
    0x08009892   0x00000010   Code   RO         4511    i.HTS221_T_Get_ODR  hts221_driver_hl.o
    0x080098a2   0x00000010   Code   RO         4512    i.HTS221_T_Get_Temp  hts221_driver_hl.o
    0x080098b2   0x00000010   Code   RO         4513    i.HTS221_T_Get_WhoAmI  hts221_driver_hl.o
    0x080098c2   0x0000002a   Code   RO         4514    i.HTS221_T_Init     hts221_driver_hl.o
    0x080098ec   0x0000001c   Code   RO         4515    i.HTS221_T_Read_Reg  hts221_driver_hl.o
    0x08009908   0x00000032   Code   RO         4516    i.HTS221_T_Sensor_Disable  hts221_driver_hl.o
    0x0800993a   0x00000034   Code   RO         4517    i.HTS221_T_Sensor_Enable  hts221_driver_hl.o
    0x0800996e   0x00000010   Code   RO         4518    i.HTS221_T_Set_ODR  hts221_driver_hl.o
    0x0800997e   0x0000001c   Code   RO         4519    i.HTS221_T_Set_ODR_Value  hts221_driver_hl.o
    0x0800999a   0x0000001c   Code   RO         4520    i.HTS221_T_Write_Reg  hts221_driver_hl.o
    0x080099b6   0x00000024   Code   RO         4283    i.HTS221_WriteReg   hts221_driver.o
    0x080099da   0x0000001c   Code   RO         4521    i.HTS221_Write_Reg  hts221_driver_hl.o
    0x080099f6   0x00000002   PAD
    0x080099f8   0x00000044   Code   RO         4284    i.HTS221_assert_failed  hts221_driver.o
    0x08009a3c   0x00000004   Code   RO        11763    i.HardFault_Handler  stm32l4xx_it.o
    0x08009a40   0x00000028   Code   RO          991    i.I2C_Flush_TXDR    stm32l4xx_hal_i2c.o
    0x08009a68   0x0000008c   Code   RO          999    i.I2C_IsAcknowledgeFailed  stm32l4xx_hal_i2c.o
    0x08009af4   0x0000008c   Code   RO         1002    i.I2C_RequestMemoryRead  stm32l4xx_hal_i2c.o
    0x08009b80   0x0000008c   Code   RO         1003    i.I2C_RequestMemoryWrite  stm32l4xx_hal_i2c.o
    0x08009c0c   0x00000014   Code   RO         9735    i.I2C_SENSORTILE_Error  sensortile.o
    0x08009c20   0x00000048   Code   RO         9736    i.I2C_SENSORTILE_Init  sensortile.o
    0x08009c68   0x000000a8   Code   RO         9737    i.I2C_SENSORTILE_MspInit  sensortile.o
    0x08009d10   0x00000048   Code   RO         9738    i.I2C_SENSORTILE_ReadData  sensortile.o
    0x08009d58   0x00000048   Code   RO         9739    i.I2C_SENSORTILE_WriteData  sensortile.o
    0x08009da0   0x00000030   Code   RO         1006    i.I2C_TransferConfig  stm32l4xx_hal_i2c.o
    0x08009dd0   0x00000056   Code   RO         1007    i.I2C_WaitOnFlagUntilTimeout  stm32l4xx_hal_i2c.o
    0x08009e26   0x00000056   Code   RO         1009    i.I2C_WaitOnSTOPFlagUntilTimeout  stm32l4xx_hal_i2c.o
    0x08009e7c   0x0000005a   Code   RO         1010    i.I2C_WaitOnTXISFlagUntilTimeout  stm32l4xx_hal_i2c.o
    0x08009ed6   0x0000003e   Code   RO        12083    i.IntToUnicode      usbd_desc.o
    0x08009f14   0x00000028   Code   RO         5098    i.LPS22HB_Check_WhoAmI  lps22hb_driver_hl.o
    0x08009f3c   0x00000028   Code   RO         5099    i.LPS22HB_FIFO_Get_Data  lps22hb_driver_hl.o
    0x08009f64   0x0000001e   Code   RO         5100    i.LPS22HB_FIFO_Get_Empty_Status  lps22hb_driver_hl.o
    0x08009f82   0x0000001e   Code   RO         5101    i.LPS22HB_FIFO_Get_Fth_Status  lps22hb_driver_hl.o
    0x08009fa0   0x0000001e   Code   RO         5102    i.LPS22HB_FIFO_Get_Full_Status  lps22hb_driver_hl.o
    0x08009fbe   0x0000001e   Code   RO         5103    i.LPS22HB_FIFO_Get_Mode  lps22hb_driver_hl.o
    0x08009fdc   0x0000001e   Code   RO         5104    i.LPS22HB_FIFO_Get_Num_Of_Samples  lps22hb_driver_hl.o
    0x08009ffa   0x0000001e   Code   RO         5105    i.LPS22HB_FIFO_Get_Ovr_Status  lps22hb_driver_hl.o
    0x0800a018   0x00000018   Code   RO         5106    i.LPS22HB_FIFO_Get_Watermark_Level  lps22hb_driver_hl.o
    0x0800a030   0x0000004c   Code   RO         5107    i.LPS22HB_FIFO_Reset_Interrupt  lps22hb_driver_hl.o
    0x0800a07c   0x0000004c   Code   RO         5108    i.LPS22HB_FIFO_Set_Interrupt  lps22hb_driver_hl.o
    0x0800a0c8   0x00000046   Code   RO         5109    i.LPS22HB_FIFO_Set_Mode  lps22hb_driver_hl.o
    0x0800a10e   0x00000018   Code   RO         5110    i.LPS22HB_FIFO_Set_Watermark_Level  lps22hb_driver_hl.o
    0x0800a126   0x0000002a   Code   RO         5111    i.LPS22HB_FIFO_Stop_On_Fth  lps22hb_driver_hl.o
    0x0800a150   0x0000002a   Code   RO         5112    i.LPS22HB_FIFO_Usage  lps22hb_driver_hl.o
    0x0800a17a   0x0000002a   Code   RO         5113    i.LPS22HB_FIFO_Watermark_Usage  lps22hb_driver_hl.o
    0x0800a1a4   0x00000044   Code   RO         4707    i.LPS22HB_Get_DataStatus  lps22hb_driver.o
    0x0800a1e8   0x0000001c   Code   RO         4708    i.LPS22HB_Get_DeviceID  lps22hb_driver.o
    0x0800a204   0x0000002c   Code   RO         4711    i.LPS22HB_Get_FifoMode  lps22hb_driver.o
    0x0800a230   0x00000056   Code   RO         4712    i.LPS22HB_Get_FifoStatus  lps22hb_driver.o
    0x0800a286   0x00000024   Code   RO         4713    i.LPS22HB_Get_FifoWatermarkLevel  lps22hb_driver.o
    0x0800a2aa   0x00000002   PAD
    0x0800a2ac   0x00000090   Code   RO         5114    i.LPS22HB_Get_ODR   lps22hb_driver_hl.o
    0x0800a33c   0x00000026   Code   RO         4719    i.LPS22HB_Get_Odr   lps22hb_driver.o
    0x0800a362   0x00000002   PAD
    0x0800a364   0x00000034   Code   RO         5115    i.LPS22HB_Get_Press  lps22hb_driver_hl.o
    0x0800a398   0x0000002a   Code   RO         4721    i.LPS22HB_Get_Pressure  lps22hb_driver.o
    0x0800a3c2   0x00000040   Code   RO         4724    i.LPS22HB_Get_RawPressure  lps22hb_driver.o
    0x0800a402   0x0000002e   Code   RO         4725    i.LPS22HB_Get_RawTemperature  lps22hb_driver.o
    0x0800a430   0x00000034   Code   RO         5116    i.LPS22HB_Get_Temp  lps22hb_driver_hl.o
    0x0800a464   0x0000002c   Code   RO         4728    i.LPS22HB_Get_Temperature  lps22hb_driver.o
    0x0800a490   0x00000018   Code   RO         5117    i.LPS22HB_Get_WhoAmI  lps22hb_driver_hl.o
    0x0800a4a8   0x0000008a   Code   RO         5118    i.LPS22HB_Initialize  lps22hb_driver_hl.o
    0x0800a532   0x0000000c   Code   RO         5119    i.LPS22HB_P_Check_WhoAmI  lps22hb_driver_hl.o
    0x0800a53e   0x00000024   Code   RO         5120    i.LPS22HB_P_DeInit  lps22hb_driver_hl.o
    0x0800a562   0x0000001e   Code   RO         5121    i.LPS22HB_P_Get_DRDY_Status  lps22hb_driver_hl.o
    0x0800a580   0x00000010   Code   RO         5122    i.LPS22HB_P_Get_ODR  lps22hb_driver_hl.o
    0x0800a590   0x00000010   Code   RO         5123    i.LPS22HB_P_Get_Press  lps22hb_driver_hl.o
    0x0800a5a0   0x00000010   Code   RO         5124    i.LPS22HB_P_Get_WhoAmI  lps22hb_driver_hl.o
    0x0800a5b0   0x00000026   Code   RO         5125    i.LPS22HB_P_Init    lps22hb_driver_hl.o
    0x0800a5d6   0x0000001c   Code   RO         5126    i.LPS22HB_P_Read_Reg  lps22hb_driver_hl.o
    0x0800a5f2   0x0000002e   Code   RO         5127    i.LPS22HB_P_Sensor_Disable  lps22hb_driver_hl.o
    0x0800a620   0x00000034   Code   RO         5128    i.LPS22HB_P_Sensor_Enable  lps22hb_driver_hl.o
    0x0800a654   0x00000036   Code   RO         5129    i.LPS22HB_P_Set_ODR  lps22hb_driver_hl.o
    0x0800a68a   0x00000044   Code   RO         5130    i.LPS22HB_P_Set_ODR_Value  lps22hb_driver_hl.o
    0x0800a6ce   0x0000001c   Code   RO         5131    i.LPS22HB_P_Write_Reg  lps22hb_driver_hl.o
    0x0800a6ea   0x00000024   Code   RO         4733    i.LPS22HB_ReadReg   lps22hb_driver.o
    0x0800a70e   0x0000001e   Code   RO         5132    i.LPS22HB_Read_Reg  lps22hb_driver_hl.o
    0x0800a72c   0x00000044   Code   RO         4738    i.LPS22HB_Set_AutomaticIncrementRegAddress  lps22hb_driver.o
    0x0800a770   0x00000040   Code   RO         4739    i.LPS22HB_Set_Bdu   lps22hb_driver.o
    0x0800a7b0   0x00000044   Code   RO         4742    i.LPS22HB_Set_FIFO_FTH_Interrupt  lps22hb_driver.o
    0x0800a7f4   0x00000044   Code   RO         4743    i.LPS22HB_Set_FIFO_FULL_Interrupt  lps22hb_driver.o
    0x0800a838   0x00000044   Code   RO         4744    i.LPS22HB_Set_FIFO_OVR_Interrupt  lps22hb_driver.o
    0x0800a87c   0x00000040   Code   RO         4746    i.LPS22HB_Set_FifoMode  lps22hb_driver.o
    0x0800a8bc   0x00000044   Code   RO         4747    i.LPS22HB_Set_FifoModeUse  lps22hb_driver.o
    0x0800a900   0x00000040   Code   RO         4748    i.LPS22HB_Set_FifoWatermarkLevel  lps22hb_driver.o
    0x0800a940   0x00000044   Code   RO         4749    i.LPS22HB_Set_FifoWatermarkLevelUse  lps22hb_driver.o
    0x0800a984   0x00000046   Code   RO         4751    i.LPS22HB_Set_I2C   lps22hb_driver.o
    0x0800a9ca   0x00000044   Code   RO         4757    i.LPS22HB_Set_LowPassFilter  lps22hb_driver.o
    0x0800aa0e   0x00000040   Code   RO         4758    i.LPS22HB_Set_LowPassFilterCutoff  lps22hb_driver.o
    0x0800aa4e   0x00000002   PAD
    0x0800aa50   0x00000068   Code   RO         5133    i.LPS22HB_Set_ODR_Value_When_Disabled  lps22hb_driver_hl.o
    0x0800aab8   0x00000084   Code   RO         5134    i.LPS22HB_Set_ODR_Value_When_Enabled  lps22hb_driver_hl.o
    0x0800ab3c   0x00000054   Code   RO         5135    i.LPS22HB_Set_ODR_When_Disabled  lps22hb_driver_hl.o
    0x0800ab90   0x00000054   Code   RO         5136    i.LPS22HB_Set_ODR_When_Enabled  lps22hb_driver_hl.o
    0x0800abe4   0x00000040   Code   RO         4759    i.LPS22HB_Set_Odr   lps22hb_driver.o
    0x0800ac24   0x00000040   Code   RO         4762    i.LPS22HB_Set_PowerMode  lps22hb_driver.o
    0x0800ac64   0x00000036   Code   RO         4767    i.LPS22HB_SwResetAndMemoryBoot  lps22hb_driver.o
    0x0800ac9a   0x0000000c   Code   RO         5137    i.LPS22HB_T_Check_WhoAmI  lps22hb_driver_hl.o
    0x0800aca6   0x00000024   Code   RO         5138    i.LPS22HB_T_DeInit  lps22hb_driver_hl.o
    0x0800acca   0x0000001e   Code   RO         5139    i.LPS22HB_T_Get_DRDY_Status  lps22hb_driver_hl.o
    0x0800ace8   0x00000010   Code   RO         5140    i.LPS22HB_T_Get_ODR  lps22hb_driver_hl.o
    0x0800acf8   0x00000010   Code   RO         5141    i.LPS22HB_T_Get_Temp  lps22hb_driver_hl.o
    0x0800ad08   0x00000010   Code   RO         5142    i.LPS22HB_T_Get_WhoAmI  lps22hb_driver_hl.o
    0x0800ad18   0x00000026   Code   RO         5143    i.LPS22HB_T_Init    lps22hb_driver_hl.o
    0x0800ad3e   0x0000001c   Code   RO         5144    i.LPS22HB_T_Read_Reg  lps22hb_driver_hl.o
    0x0800ad5a   0x0000002e   Code   RO         5145    i.LPS22HB_T_Sensor_Disable  lps22hb_driver_hl.o
    0x0800ad88   0x00000034   Code   RO         5146    i.LPS22HB_T_Sensor_Enable  lps22hb_driver_hl.o
    0x0800adbc   0x00000036   Code   RO         5147    i.LPS22HB_T_Set_ODR  lps22hb_driver_hl.o
    0x0800adf2   0x00000044   Code   RO         5148    i.LPS22HB_T_Set_ODR_Value  lps22hb_driver_hl.o
    0x0800ae36   0x0000001c   Code   RO         5149    i.LPS22HB_T_Write_Reg  lps22hb_driver_hl.o
    0x0800ae52   0x00000024   Code   RO         4768    i.LPS22HB_WriteReg  lps22hb_driver.o
    0x0800ae76   0x0000001c   Code   RO         5150    i.LPS22HB_Write_Reg  lps22hb_driver_hl.o
    0x0800ae92   0x00000002   PAD
    0x0800ae94   0x00000154   Code   RO         5378    i.LSM303AGR_ACC_Get_Acceleration  lsm303agr_acc_driver.o
    0x0800afe8   0x0000001c   Code   RO         5379    i.LSM303AGR_ACC_Get_Raw_Acceleration  lsm303agr_acc_driver.o
    0x0800b004   0x00000024   Code   RO         5415    i.LSM303AGR_ACC_R_FullScale  lsm303agr_acc_driver.o
    0x0800b028   0x00000024   Code   RO         5416    i.LSM303AGR_ACC_R_HiRes  lsm303agr_acc_driver.o
    0x0800b04c   0x00000024   Code   RO         5454    i.LSM303AGR_ACC_R_LOWPWR_EN  lsm303agr_acc_driver.o
    0x0800b070   0x00000024   Code   RO         5458    i.LSM303AGR_ACC_R_ODR  lsm303agr_acc_driver.o
    0x0800b094   0x00000024   Code   RO         5467    i.LSM303AGR_ACC_R_WHO_AM_I  lsm303agr_acc_driver.o
    0x0800b0b8   0x00000024   Code   RO         5469    i.LSM303AGR_ACC_R_XDataAvail  lsm303agr_acc_driver.o
    0x0800b0dc   0x00000024   Code   RO         5472    i.LSM303AGR_ACC_R_XEN  lsm303agr_acc_driver.o
    0x0800b100   0x00000024   Code   RO         5479    i.LSM303AGR_ACC_R_YEN  lsm303agr_acc_driver.o
    0x0800b124   0x00000024   Code   RO         5484    i.LSM303AGR_ACC_R_ZEN  lsm303agr_acc_driver.o
    0x0800b148   0x00000024   Code   RO         5496    i.LSM303AGR_ACC_ReadReg  lsm303agr_acc_driver.o
    0x0800b16c   0x00000040   Code   RO         5500    i.LSM303AGR_ACC_W_BlockDataUpdate  lsm303agr_acc_driver.o
    0x0800b1ac   0x00000040   Code   RO         5516    i.LSM303AGR_ACC_W_FifoMode  lsm303agr_acc_driver.o
    0x0800b1ec   0x00000040   Code   RO         5518    i.LSM303AGR_ACC_W_FullScale  lsm303agr_acc_driver.o
    0x0800b22c   0x00000040   Code   RO         5547    i.LSM303AGR_ACC_W_ODR  lsm303agr_acc_driver.o
    0x0800b26c   0x00000040   Code   RO         5556    i.LSM303AGR_ACC_W_XEN  lsm303agr_acc_driver.o
    0x0800b2ac   0x00000040   Code   RO         5559    i.LSM303AGR_ACC_W_YEN  lsm303agr_acc_driver.o
    0x0800b2ec   0x00000040   Code   RO         5562    i.LSM303AGR_ACC_W_ZEN  lsm303agr_acc_driver.o
    0x0800b32c   0x00000024   Code   RO         5569    i.LSM303AGR_ACC_WriteReg  lsm303agr_acc_driver.o
    0x0800b350   0x0000001c   Code   RO         6545    i.LSM303AGR_MAG_Get_Raw_Magnetic  lsm303agr_mag_driver.o
    0x0800b36c   0x00000024   Code   RO         6563    i.LSM303AGR_MAG_R_ODR  lsm303agr_mag_driver.o
    0x0800b390   0x00000024   Code   RO         6577    i.LSM303AGR_MAG_R_WHO_AM_I  lsm303agr_mag_driver.o
    0x0800b3b4   0x00000024   Code   RO         6587    i.LSM303AGR_MAG_R_ZYXDA  lsm303agr_mag_driver.o
    0x0800b3d8   0x00000024   Code   RO         6589    i.LSM303AGR_MAG_ReadReg  lsm303agr_mag_driver.o
    0x0800b3fc   0x00000040   Code   RO         6592    i.LSM303AGR_MAG_W_BDU  lsm303agr_mag_driver.o
    0x0800b43c   0x00000040   Code   RO         6594    i.LSM303AGR_MAG_W_I2C_DIS  lsm303agr_mag_driver.o
    0x0800b47c   0x00000040   Code   RO         6603    i.LSM303AGR_MAG_W_MD  lsm303agr_mag_driver.o
    0x0800b4bc   0x00000040   Code   RO         6604    i.LSM303AGR_MAG_W_ODR  lsm303agr_mag_driver.o
    0x0800b4fc   0x00000040   Code   RO         6614    i.LSM303AGR_MAG_W_ST  lsm303agr_mag_driver.o
    0x0800b53c   0x00000024   Code   RO         6618    i.LSM303AGR_MAG_WriteReg  lsm303agr_mag_driver.o
    0x0800b560   0x00000028   Code   RO         9440    i.LSM303AGR_M_Check_WhoAmI  lsm303agr_mag_driver_hl.o
    0x0800b588   0x00000030   Code   RO         9441    i.LSM303AGR_M_DeInit  lsm303agr_mag_driver_hl.o
    0x0800b5b8   0x00000088   Code   RO         9442    i.LSM303AGR_M_Get_Axes  lsm303agr_mag_driver_hl.o
    0x0800b640   0x0000002a   Code   RO         9443    i.LSM303AGR_M_Get_AxesRaw  lsm303agr_mag_driver_hl.o
    0x0800b66a   0x0000002c   Code   RO         9444    i.LSM303AGR_M_Get_Axes_Raw  lsm303agr_mag_driver_hl.o
    0x0800b696   0x00000034   Code   RO         9445    i.LSM303AGR_M_Get_DRDY_Status  lsm303agr_mag_driver_hl.o
    0x0800b6ca   0x00000002   PAD
    0x0800b6cc   0x00000014   Code   RO         9446    i.LSM303AGR_M_Get_FS  lsm303agr_mag_driver_hl.o
    0x0800b6e0   0x0000006c   Code   RO         9447    i.LSM303AGR_M_Get_ODR  lsm303agr_mag_driver_hl.o
    0x0800b74c   0x0000000e   Code   RO         9448    i.LSM303AGR_M_Get_Sensitivity  lsm303agr_mag_driver_hl.o
    0x0800b75a   0x00000018   Code   RO         9449    i.LSM303AGR_M_Get_WhoAmI  lsm303agr_mag_driver_hl.o
    0x0800b772   0x0000006a   Code   RO         9450    i.LSM303AGR_M_Init  lsm303agr_mag_driver_hl.o
    0x0800b7dc   0x0000001e   Code   RO         9451    i.LSM303AGR_M_Read_Reg  lsm303agr_mag_driver_hl.o
    0x0800b7fa   0x00000022   Code   RO         9452    i.LSM303AGR_M_Sensor_Disable  lsm303agr_mag_driver_hl.o
    0x0800b81c   0x00000024   Code   RO         9453    i.LSM303AGR_M_Sensor_Enable  lsm303agr_mag_driver_hl.o
    0x0800b840   0x00000006   Code   RO         9454    i.LSM303AGR_M_Set_FS  lsm303agr_mag_driver_hl.o
    0x0800b846   0x00000006   Code   RO         9455    i.LSM303AGR_M_Set_FS_Value  lsm303agr_mag_driver_hl.o
    0x0800b84c   0x00000040   Code   RO         9456    i.LSM303AGR_M_Set_ODR  lsm303agr_mag_driver_hl.o
    0x0800b88c   0x00000060   Code   RO         9457    i.LSM303AGR_M_Set_ODR_Value  lsm303agr_mag_driver_hl.o
    0x0800b8ec   0x0000001c   Code   RO         9458    i.LSM303AGR_M_Write_Reg  lsm303agr_mag_driver_hl.o
    0x0800b908   0x00000028   Code   RO         9285    i.LSM303AGR_X_Check_WhoAmI  lsm303agr_acc_driver_hl.o
    0x0800b930   0x0000003c   Code   RO         9286    i.LSM303AGR_X_DeInit  lsm303agr_acc_driver_hl.o
    0x0800b96c   0x00000024   Code   RO         9287    i.LSM303AGR_X_Get_Axes  lsm303agr_acc_driver_hl.o
    0x0800b990   0x0000002a   Code   RO         9288    i.LSM303AGR_X_Get_AxesRaw  lsm303agr_acc_driver_hl.o
    0x0800b9ba   0x00000088   Code   RO         9289    i.LSM303AGR_X_Get_Axes_Raw  lsm303agr_acc_driver_hl.o
    0x0800ba42   0x00000062   Code   RO         9290    i.LSM303AGR_X_Get_Axes_Status  lsm303agr_acc_driver_hl.o
    0x0800baa4   0x00000032   Code   RO         9291    i.LSM303AGR_X_Get_DRDY_Status  lsm303agr_acc_driver_hl.o
    0x0800bad6   0x00000062   Code   RO         9292    i.LSM303AGR_X_Get_FS  lsm303agr_acc_driver_hl.o
    0x0800bb38   0x000000a8   Code   RO         9293    i.LSM303AGR_X_Get_ODR  lsm303agr_acc_driver_hl.o
    0x0800bbe0   0x0000006c   Code   RO         9294    i.LSM303AGR_X_Get_Sensitivity  lsm303agr_acc_driver_hl.o
    0x0800bc4c   0x00000074   Code   RO         9295    i.LSM303AGR_X_Get_Sensitivity_HR_Mode  lsm303agr_acc_driver_hl.o
    0x0800bcc0   0x00000074   Code   RO         9296    i.LSM303AGR_X_Get_Sensitivity_LP_Mode  lsm303agr_acc_driver_hl.o
    0x0800bd34   0x00000074   Code   RO         9297    i.LSM303AGR_X_Get_Sensitivity_Normal_Mode  lsm303agr_acc_driver_hl.o
    0x0800bda8   0x00000018   Code   RO         9298    i.LSM303AGR_X_Get_WhoAmI  lsm303agr_acc_driver_hl.o
    0x0800bdc0   0x0000007c   Code   RO         9299    i.LSM303AGR_X_Init  lsm303agr_acc_driver_hl.o
    0x0800be3c   0x0000001e   Code   RO         9300    i.LSM303AGR_X_Read_Reg  lsm303agr_acc_driver_hl.o
    0x0800be5a   0x00000034   Code   RO         9301    i.LSM303AGR_X_Sensor_Disable  lsm303agr_acc_driver_hl.o
    0x0800be8e   0x0000002e   Code   RO         9302    i.LSM303AGR_X_Sensor_Enable  lsm303agr_acc_driver_hl.o
    0x0800bebc   0x00000056   Code   RO         9303    i.LSM303AGR_X_Set_Axes_Status  lsm303agr_acc_driver_hl.o
    0x0800bf12   0x00000036   Code   RO         9304    i.LSM303AGR_X_Set_FS  lsm303agr_acc_driver_hl.o
    0x0800bf48   0x0000005c   Code   RO         9305    i.LSM303AGR_X_Set_FS_Value  lsm303agr_acc_driver_hl.o
    0x0800bfa4   0x0000002c   Code   RO         9306    i.LSM303AGR_X_Set_ODR  lsm303agr_acc_driver_hl.o
    0x0800bfd0   0x0000003a   Code   RO         9307    i.LSM303AGR_X_Set_ODR_Value  lsm303agr_acc_driver_hl.o
    0x0800c00a   0x00000002   PAD
    0x0800c00c   0x0000009c   Code   RO         9308    i.LSM303AGR_X_Set_ODR_Value_When_Disabled  lsm303agr_acc_driver_hl.o
    0x0800c0a8   0x000000a0   Code   RO         9309    i.LSM303AGR_X_Set_ODR_Value_When_Enabled  lsm303agr_acc_driver_hl.o
    0x0800c148   0x0000005c   Code   RO         9310    i.LSM303AGR_X_Set_ODR_When_Disabled  lsm303agr_acc_driver_hl.o
    0x0800c1a4   0x00000040   Code   RO         9311    i.LSM303AGR_X_Set_ODR_When_Enabled  lsm303agr_acc_driver_hl.o
    0x0800c1e4   0x0000001c   Code   RO         9312    i.LSM303AGR_X_Write_Reg  lsm303agr_acc_driver_hl.o
    0x0800c200   0x00000044   Code   RO         7459    i.LSM6DSM_ACC_GYRO_GetRawAccData  lsm6dsm_acc_gyro_driver.o
    0x0800c244   0x00000044   Code   RO         7460    i.LSM6DSM_ACC_GYRO_GetRawGyroData  lsm6dsm_acc_gyro_driver.o
    0x0800c288   0x00000044   Code   RO         7462    i.LSM6DSM_ACC_GYRO_Get_GetStepCounter  lsm6dsm_acc_gyro_driver.o
    0x0800c2cc   0x00000022   Code   RO         7474    i.LSM6DSM_ACC_GYRO_R_D6D_EV_STATUS  lsm6dsm_acc_gyro_driver.o
    0x0800c2ee   0x00000022   Code   RO         7483    i.LSM6DSM_ACC_GYRO_R_DOUBLE_TAP_EV_STATUS  lsm6dsm_acc_gyro_driver.o
    0x0800c310   0x00000022   Code   RO         7492    i.LSM6DSM_ACC_GYRO_R_DSD_XH  lsm6dsm_acc_gyro_driver.o
    0x0800c332   0x00000022   Code   RO         7493    i.LSM6DSM_ACC_GYRO_R_DSD_XL  lsm6dsm_acc_gyro_driver.o
    0x0800c354   0x00000022   Code   RO         7494    i.LSM6DSM_ACC_GYRO_R_DSD_YH  lsm6dsm_acc_gyro_driver.o
    0x0800c376   0x00000022   Code   RO         7495    i.LSM6DSM_ACC_GYRO_R_DSD_YL  lsm6dsm_acc_gyro_driver.o
    0x0800c398   0x00000022   Code   RO         7496    i.LSM6DSM_ACC_GYRO_R_DSD_ZH  lsm6dsm_acc_gyro_driver.o
    0x0800c3ba   0x00000022   Code   RO         7497    i.LSM6DSM_ACC_GYRO_R_DSD_ZL  lsm6dsm_acc_gyro_driver.o
    0x0800c3dc   0x00000022   Code   RO         7504    i.LSM6DSM_ACC_GYRO_R_FF_EV_STATUS  lsm6dsm_acc_gyro_driver.o
    0x0800c3fe   0x00000022   Code   RO         7515    i.LSM6DSM_ACC_GYRO_R_FS_125  lsm6dsm_acc_gyro_driver.o
    0x0800c420   0x00000022   Code   RO         7516    i.LSM6DSM_ACC_GYRO_R_FS_G  lsm6dsm_acc_gyro_driver.o
    0x0800c442   0x00000022   Code   RO         7517    i.LSM6DSM_ACC_GYRO_R_FS_XL  lsm6dsm_acc_gyro_driver.o
    0x0800c464   0x00000022   Code   RO         7521    i.LSM6DSM_ACC_GYRO_R_GDA  lsm6dsm_acc_gyro_driver.o
    0x0800c486   0x00000022   Code   RO         7546    i.LSM6DSM_ACC_GYRO_R_ODR_G  lsm6dsm_acc_gyro_driver.o
    0x0800c4a8   0x00000022   Code   RO         7547    i.LSM6DSM_ACC_GYRO_R_ODR_XL  lsm6dsm_acc_gyro_driver.o
    0x0800c4ca   0x00000022   Code   RO         7553    i.LSM6DSM_ACC_GYRO_R_PEDO_EV_STATUS  lsm6dsm_acc_gyro_driver.o
    0x0800c4ec   0x00000022   Code   RO         7565    i.LSM6DSM_ACC_GYRO_R_SINGLE_TAP_EV_STATUS  lsm6dsm_acc_gyro_driver.o
    0x0800c50e   0x00000022   Code   RO         7599    i.LSM6DSM_ACC_GYRO_R_TILT_EV_STATUS  lsm6dsm_acc_gyro_driver.o
    0x0800c530   0x00000022   Code   RO         7611    i.LSM6DSM_ACC_GYRO_R_WHO_AM_I  lsm6dsm_acc_gyro_driver.o
    0x0800c552   0x00000022   Code   RO         7615    i.LSM6DSM_ACC_GYRO_R_WU_EV_STATUS  lsm6dsm_acc_gyro_driver.o
    0x0800c574   0x00000022   Code   RO         7617    i.LSM6DSM_ACC_GYRO_R_XLDA  lsm6dsm_acc_gyro_driver.o
    0x0800c596   0x0000001e   Code   RO         7625    i.LSM6DSM_ACC_GYRO_ReadReg  lsm6dsm_acc_gyro_driver.o
    0x0800c5b4   0x0000003e   Code   RO         7632    i.LSM6DSM_ACC_GYRO_W_6DEvOnInt2  lsm6dsm_acc_gyro_driver.o
    0x0800c5f2   0x0000003e   Code   RO         7633    i.LSM6DSM_ACC_GYRO_W_BASIC_INT  lsm6dsm_acc_gyro_driver.o
    0x0800c630   0x0000003e   Code   RO         7634    i.LSM6DSM_ACC_GYRO_W_BDU  lsm6dsm_acc_gyro_driver.o
    0x0800c66e   0x00000046   Code   RO         7659    i.LSM6DSM_ACC_GYRO_W_DUR  lsm6dsm_acc_gyro_driver.o
    0x0800c6b4   0x0000003e   Code   RO         7660    i.LSM6DSM_ACC_GYRO_W_EmbeddedAccess  lsm6dsm_acc_gyro_driver.o
    0x0800c6f2   0x0000003e   Code   RO         7663    i.LSM6DSM_ACC_GYRO_W_FFEvOnInt2  lsm6dsm_acc_gyro_driver.o
    0x0800c730   0x00000088   Code   RO         7664    i.LSM6DSM_ACC_GYRO_W_FF_Duration  lsm6dsm_acc_gyro_driver.o
    0x0800c7b8   0x0000003e   Code   RO         7665    i.LSM6DSM_ACC_GYRO_W_FF_THS  lsm6dsm_acc_gyro_driver.o
    0x0800c7f6   0x0000003e   Code   RO         7666    i.LSM6DSM_ACC_GYRO_W_FIFO_MODE  lsm6dsm_acc_gyro_driver.o
    0x0800c834   0x0000003e   Code   RO         7671    i.LSM6DSM_ACC_GYRO_W_FS_125  lsm6dsm_acc_gyro_driver.o
    0x0800c872   0x0000003e   Code   RO         7672    i.LSM6DSM_ACC_GYRO_W_FS_G  lsm6dsm_acc_gyro_driver.o
    0x0800c8b0   0x0000003e   Code   RO         7673    i.LSM6DSM_ACC_GYRO_W_FS_XL  lsm6dsm_acc_gyro_driver.o
    0x0800c8ee   0x0000003e   Code   RO         7676    i.LSM6DSM_ACC_GYRO_W_FUNC_EN  lsm6dsm_acc_gyro_driver.o
    0x0800c92c   0x0000003e   Code   RO         7684    i.LSM6DSM_ACC_GYRO_W_I2C_DISABLE  lsm6dsm_acc_gyro_driver.o
    0x0800c96a   0x0000003e   Code   RO         7686    i.LSM6DSM_ACC_GYRO_W_IF_Addr_Incr  lsm6dsm_acc_gyro_driver.o
    0x0800c9a8   0x0000003e   Code   RO         7700    i.LSM6DSM_ACC_GYRO_W_ODR_G  lsm6dsm_acc_gyro_driver.o
    0x0800c9e6   0x0000003e   Code   RO         7701    i.LSM6DSM_ACC_GYRO_W_ODR_XL  lsm6dsm_acc_gyro_driver.o
    0x0800ca24   0x0000003e   Code   RO         7705    i.LSM6DSM_ACC_GYRO_W_PEDO  lsm6dsm_acc_gyro_driver.o
    0x0800ca62   0x0000003e   Code   RO         7708    i.LSM6DSM_ACC_GYRO_W_PedoStepReset  lsm6dsm_acc_gyro_driver.o
    0x0800caa0   0x0000005e   Code   RO         7709    i.LSM6DSM_ACC_GYRO_W_PedoThreshold  lsm6dsm_acc_gyro_driver.o
    0x0800cafe   0x00000046   Code   RO         7710    i.LSM6DSM_ACC_GYRO_W_QUIET_Duration  lsm6dsm_acc_gyro_driver.o
    0x0800cb44   0x00000044   Code   RO         7713    i.LSM6DSM_ACC_GYRO_W_SHOCK_Duration  lsm6dsm_acc_gyro_driver.o
    0x0800cb88   0x0000003e   Code   RO         7715    i.LSM6DSM_ACC_GYRO_W_SINGLE_DOUBLE_TAP_EV  lsm6dsm_acc_gyro_driver.o
    0x0800cbc6   0x0000003e   Code   RO         7716    i.LSM6DSM_ACC_GYRO_W_SIXD_THS  lsm6dsm_acc_gyro_driver.o
    0x0800cc04   0x00000044   Code   RO         7717    i.LSM6DSM_ACC_GYRO_W_SLEEP_DUR  lsm6dsm_acc_gyro_driver.o
    0x0800cc48   0x0000003e   Code   RO         7722    i.LSM6DSM_ACC_GYRO_W_STEP_DELTA_on_INT2  lsm6dsm_acc_gyro_driver.o
    0x0800cc86   0x0000003e   Code   RO         7732    i.LSM6DSM_ACC_GYRO_W_SingleTapOnInt2  lsm6dsm_acc_gyro_driver.o
    0x0800ccc4   0x00000044   Code   RO         7737    i.LSM6DSM_ACC_GYRO_W_TAP_THS  lsm6dsm_acc_gyro_driver.o
    0x0800cd08   0x0000003e   Code   RO         7738    i.LSM6DSM_ACC_GYRO_W_TAP_X_EN  lsm6dsm_acc_gyro_driver.o
    0x0800cd46   0x0000003e   Code   RO         7739    i.LSM6DSM_ACC_GYRO_W_TAP_Y_EN  lsm6dsm_acc_gyro_driver.o
    0x0800cd84   0x0000003e   Code   RO         7740    i.LSM6DSM_ACC_GYRO_W_TAP_Z_EN  lsm6dsm_acc_gyro_driver.o
    0x0800cdc2   0x0000003e   Code   RO         7741    i.LSM6DSM_ACC_GYRO_W_TILT  lsm6dsm_acc_gyro_driver.o
    0x0800ce00   0x0000003e   Code   RO         7743    i.LSM6DSM_ACC_GYRO_W_TIMER_HR  lsm6dsm_acc_gyro_driver.o
    0x0800ce3e   0x0000003e   Code   RO         7747    i.LSM6DSM_ACC_GYRO_W_TapEvOnInt2  lsm6dsm_acc_gyro_driver.o
    0x0800ce7c   0x0000003e   Code   RO         7749    i.LSM6DSM_ACC_GYRO_W_TiltEvOnInt2  lsm6dsm_acc_gyro_driver.o
    0x0800ceba   0x00000046   Code   RO         7752    i.LSM6DSM_ACC_GYRO_W_WAKE_DUR  lsm6dsm_acc_gyro_driver.o
    0x0800cf00   0x00000044   Code   RO         7753    i.LSM6DSM_ACC_GYRO_W_WK_THS  lsm6dsm_acc_gyro_driver.o
    0x0800cf44   0x0000003e   Code   RO         7755    i.LSM6DSM_ACC_GYRO_W_WUEvOnInt2  lsm6dsm_acc_gyro_driver.o
    0x0800cf82   0x0000001c   Code   RO         7757    i.LSM6DSM_ACC_GYRO_WriteReg  lsm6dsm_acc_gyro_driver.o
    0x0800cf9e   0x00000028   Code   RO         7013    i.LSM6DSM_Check_WhoAmI  lsm6dsm_acc_gyro_driver_hl.o
    0x0800cfc6   0x0000000c   Code   RO         7014    i.LSM6DSM_G_Check_WhoAmI  lsm6dsm_acc_gyro_driver_hl.o
    0x0800cfd2   0x00000002   PAD
    0x0800cfd4   0x0000003c   Code   RO         7015    i.LSM6DSM_G_DeInit  lsm6dsm_acc_gyro_driver_hl.o
    0x0800d010   0x00000088   Code   RO         7016    i.LSM6DSM_G_Get_Axes  lsm6dsm_acc_gyro_driver_hl.o
    0x0800d098   0x0000002a   Code   RO         7017    i.LSM6DSM_G_Get_AxesRaw  lsm6dsm_acc_gyro_driver_hl.o
    0x0800d0c2   0x0000004e   Code   RO         7018    i.LSM6DSM_G_Get_Axes_Raw  lsm6dsm_acc_gyro_driver_hl.o
    0x0800d110   0x00000034   Code   RO         7019    i.LSM6DSM_G_Get_DRDY_Status  lsm6dsm_acc_gyro_driver_hl.o
    0x0800d144   0x00000098   Code   RO         7020    i.LSM6DSM_G_Get_FS  lsm6dsm_acc_gyro_driver_hl.o
    0x0800d1dc   0x000000dc   Code   RO         7021    i.LSM6DSM_G_Get_ODR  lsm6dsm_acc_gyro_driver_hl.o
    0x0800d2b8   0x00000098   Code   RO         7022    i.LSM6DSM_G_Get_Sensitivity  lsm6dsm_acc_gyro_driver_hl.o
    0x0800d350   0x00000010   Code   RO         7023    i.LSM6DSM_G_Get_WhoAmI  lsm6dsm_acc_gyro_driver_hl.o
    0x0800d360   0x00000078   Code   RO         7024    i.LSM6DSM_G_Init    lsm6dsm_acc_gyro_driver_hl.o
    0x0800d3d8   0x0000001c   Code   RO         7025    i.LSM6DSM_G_Read_Reg  lsm6dsm_acc_gyro_driver_hl.o
    0x0800d3f4   0x00000034   Code   RO         7026    i.LSM6DSM_G_Sensor_Disable  lsm6dsm_acc_gyro_driver_hl.o
    0x0800d428   0x0000002e   Code   RO         7027    i.LSM6DSM_G_Sensor_Enable  lsm6dsm_acc_gyro_driver_hl.o
    0x0800d456   0x00000036   Code   RO         7028    i.LSM6DSM_G_Set_FS  lsm6dsm_acc_gyro_driver_hl.o
    0x0800d48c   0x00000098   Code   RO         7029    i.LSM6DSM_G_Set_FS_Value  lsm6dsm_acc_gyro_driver_hl.o
    0x0800d524   0x0000002c   Code   RO         7030    i.LSM6DSM_G_Set_ODR  lsm6dsm_acc_gyro_driver_hl.o
    0x0800d550   0x0000003a   Code   RO         7031    i.LSM6DSM_G_Set_ODR_Value  lsm6dsm_acc_gyro_driver_hl.o
    0x0800d58a   0x00000002   PAD
    0x0800d58c   0x000000e8   Code   RO         7032    i.LSM6DSM_G_Set_ODR_Value_When_Disabled  lsm6dsm_acc_gyro_driver_hl.o
    0x0800d674   0x000000e4   Code   RO         7033    i.LSM6DSM_G_Set_ODR_Value_When_Enabled  lsm6dsm_acc_gyro_driver_hl.o
    0x0800d758   0x0000005c   Code   RO         7034    i.LSM6DSM_G_Set_ODR_When_Disabled  lsm6dsm_acc_gyro_driver_hl.o
    0x0800d7b4   0x00000040   Code   RO         7035    i.LSM6DSM_G_Set_ODR_When_Enabled  lsm6dsm_acc_gyro_driver_hl.o
    0x0800d7f4   0x0000001c   Code   RO         7036    i.LSM6DSM_G_Write_Reg  lsm6dsm_acc_gyro_driver_hl.o
    0x0800d810   0x00000018   Code   RO         7037    i.LSM6DSM_Get_WhoAmI  lsm6dsm_acc_gyro_driver_hl.o
    0x0800d828   0x00000058   Code   RO         9740    i.LSM6DSM_Sensor_IO_ITConfig  sensortile.o
    0x0800d880   0x0000000c   Code   RO         7038    i.LSM6DSM_X_Check_WhoAmI  lsm6dsm_acc_gyro_driver_hl.o
    0x0800d88c   0x00000090   Code   RO         7039    i.LSM6DSM_X_DeInit  lsm6dsm_acc_gyro_driver_hl.o
    0x0800d91c   0x00000032   Code   RO         7040    i.LSM6DSM_X_Disable_6D_Orientation  lsm6dsm_acc_gyro_driver_hl.o
    0x0800d94e   0x00000094   Code   RO         7041    i.LSM6DSM_X_Disable_Double_Tap_Detection  lsm6dsm_acc_gyro_driver_hl.o
    0x0800d9e2   0x00000040   Code   RO         7042    i.LSM6DSM_X_Disable_Free_Fall_Detection  lsm6dsm_acc_gyro_driver_hl.o
    0x0800da22   0x00000040   Code   RO         7043    i.LSM6DSM_X_Disable_Pedometer  lsm6dsm_acc_gyro_driver_hl.o
    0x0800da62   0x00000078   Code   RO         7044    i.LSM6DSM_X_Disable_Single_Tap_Detection  lsm6dsm_acc_gyro_driver_hl.o
    0x0800dada   0x00000016   Code   RO         7045    i.LSM6DSM_X_Disable_Step_Counter_Reset  lsm6dsm_acc_gyro_driver_hl.o
    0x0800daf0   0x00000032   Code   RO         7046    i.LSM6DSM_X_Disable_Tilt_Detection  lsm6dsm_acc_gyro_driver_hl.o
    0x0800db22   0x00000040   Code   RO         7047    i.LSM6DSM_X_Disable_Wake_Up_Detection  lsm6dsm_acc_gyro_driver_hl.o
    0x0800db62   0x00000002   PAD
    0x0800db64   0x00000054   Code   RO         7048    i.LSM6DSM_X_Enable_6D_Orientation  lsm6dsm_acc_gyro_driver_hl.o
    0x0800dbb8   0x000000b8   Code   RO         7049    i.LSM6DSM_X_Enable_Double_Tap_Detection  lsm6dsm_acc_gyro_driver_hl.o
    0x0800dc70   0x0000008c   Code   RO         7050    i.LSM6DSM_X_Enable_Free_Fall_Detection  lsm6dsm_acc_gyro_driver_hl.o
    0x0800dcfc   0x0000005e   Code   RO         7051    i.LSM6DSM_X_Enable_Pedometer  lsm6dsm_acc_gyro_driver_hl.o
    0x0800dd5a   0x00000002   PAD
    0x0800dd5c   0x0000009c   Code   RO         7052    i.LSM6DSM_X_Enable_Single_Tap_Detection  lsm6dsm_acc_gyro_driver_hl.o
    0x0800ddf8   0x00000016   Code   RO         7053    i.LSM6DSM_X_Enable_Step_Counter_Reset  lsm6dsm_acc_gyro_driver_hl.o
    0x0800de0e   0x00000050   Code   RO         7054    i.LSM6DSM_X_Enable_Tilt_Detection  lsm6dsm_acc_gyro_driver_hl.o
    0x0800de5e   0x00000002   PAD
    0x0800de60   0x00000064   Code   RO         7055    i.LSM6DSM_X_Enable_Wake_Up_Detection  lsm6dsm_acc_gyro_driver_hl.o
    0x0800dec4   0x00000034   Code   RO         7056    i.LSM6DSM_X_Get_6D_Orientation_Status  lsm6dsm_acc_gyro_driver_hl.o
    0x0800def8   0x00000034   Code   RO         7057    i.LSM6DSM_X_Get_6D_Orientation_XH  lsm6dsm_acc_gyro_driver_hl.o
    0x0800df2c   0x00000032   Code   RO         7058    i.LSM6DSM_X_Get_6D_Orientation_XL  lsm6dsm_acc_gyro_driver_hl.o
    0x0800df5e   0x00000034   Code   RO         7059    i.LSM6DSM_X_Get_6D_Orientation_YH  lsm6dsm_acc_gyro_driver_hl.o
    0x0800df92   0x00000034   Code   RO         7060    i.LSM6DSM_X_Get_6D_Orientation_YL  lsm6dsm_acc_gyro_driver_hl.o
    0x0800dfc6   0x00000034   Code   RO         7061    i.LSM6DSM_X_Get_6D_Orientation_ZH  lsm6dsm_acc_gyro_driver_hl.o
    0x0800dffa   0x00000034   Code   RO         7062    i.LSM6DSM_X_Get_6D_Orientation_ZL  lsm6dsm_acc_gyro_driver_hl.o
    0x0800e02e   0x00000002   PAD
    0x0800e030   0x00000088   Code   RO         7063    i.LSM6DSM_X_Get_Axes  lsm6dsm_acc_gyro_driver_hl.o
    0x0800e0b8   0x0000002a   Code   RO         7064    i.LSM6DSM_X_Get_AxesRaw  lsm6dsm_acc_gyro_driver_hl.o
    0x0800e0e2   0x0000004e   Code   RO         7065    i.LSM6DSM_X_Get_Axes_Raw  lsm6dsm_acc_gyro_driver_hl.o
    0x0800e130   0x00000032   Code   RO         7066    i.LSM6DSM_X_Get_DRDY_Status  lsm6dsm_acc_gyro_driver_hl.o
    0x0800e162   0x00000034   Code   RO         7067    i.LSM6DSM_X_Get_Double_Tap_Detection_Status  lsm6dsm_acc_gyro_driver_hl.o
    0x0800e196   0x00000062   Code   RO         7068    i.LSM6DSM_X_Get_FS  lsm6dsm_acc_gyro_driver_hl.o
    0x0800e1f8   0x00000034   Code   RO         7069    i.LSM6DSM_X_Get_Free_Fall_Detection_Status  lsm6dsm_acc_gyro_driver_hl.o
    0x0800e22c   0x000000dc   Code   RO         7070    i.LSM6DSM_X_Get_ODR  lsm6dsm_acc_gyro_driver_hl.o
    0x0800e308   0x00000034   Code   RO         7071    i.LSM6DSM_X_Get_Pedometer_Status  lsm6dsm_acc_gyro_driver_hl.o
    0x0800e33c   0x00000074   Code   RO         7072    i.LSM6DSM_X_Get_Sensitivity  lsm6dsm_acc_gyro_driver_hl.o
    0x0800e3b0   0x00000034   Code   RO         7073    i.LSM6DSM_X_Get_Single_Tap_Detection_Status  lsm6dsm_acc_gyro_driver_hl.o
    0x0800e3e4   0x00000018   Code   RO         7074    i.LSM6DSM_X_Get_Step_Count  lsm6dsm_acc_gyro_driver_hl.o
    0x0800e3fc   0x00000034   Code   RO         7075    i.LSM6DSM_X_Get_Tilt_Detection_Status  lsm6dsm_acc_gyro_driver_hl.o
    0x0800e430   0x00000034   Code   RO         7076    i.LSM6DSM_X_Get_Wake_Up_Detection_Status  lsm6dsm_acc_gyro_driver_hl.o
    0x0800e464   0x00000010   Code   RO         7077    i.LSM6DSM_X_Get_WhoAmI  lsm6dsm_acc_gyro_driver_hl.o
    0x0800e474   0x00000078   Code   RO         7078    i.LSM6DSM_X_Init    lsm6dsm_acc_gyro_driver_hl.o
    0x0800e4ec   0x0000001c   Code   RO         7079    i.LSM6DSM_X_Read_Reg  lsm6dsm_acc_gyro_driver_hl.o
    0x0800e508   0x00000034   Code   RO         7080    i.LSM6DSM_X_Sensor_Disable  lsm6dsm_acc_gyro_driver_hl.o
    0x0800e53c   0x0000002e   Code   RO         7081    i.LSM6DSM_X_Sensor_Enable  lsm6dsm_acc_gyro_driver_hl.o
    0x0800e56a   0x00000036   Code   RO         7082    i.LSM6DSM_X_Set_FS  lsm6dsm_acc_gyro_driver_hl.o
    0x0800e5a0   0x0000005c   Code   RO         7083    i.LSM6DSM_X_Set_FS_Value  lsm6dsm_acc_gyro_driver_hl.o
    0x0800e5fc   0x00000018   Code   RO         7084    i.LSM6DSM_X_Set_Free_Fall_Threshold  lsm6dsm_acc_gyro_driver_hl.o
    0x0800e614   0x0000002c   Code   RO         7085    i.LSM6DSM_X_Set_ODR  lsm6dsm_acc_gyro_driver_hl.o
    0x0800e640   0x0000003a   Code   RO         7086    i.LSM6DSM_X_Set_ODR_Value  lsm6dsm_acc_gyro_driver_hl.o
    0x0800e67a   0x00000002   PAD
    0x0800e67c   0x000000e8   Code   RO         7087    i.LSM6DSM_X_Set_ODR_Value_When_Disabled  lsm6dsm_acc_gyro_driver_hl.o
    0x0800e764   0x000000e4   Code   RO         7088    i.LSM6DSM_X_Set_ODR_Value_When_Enabled  lsm6dsm_acc_gyro_driver_hl.o
    0x0800e848   0x0000005c   Code   RO         7089    i.LSM6DSM_X_Set_ODR_When_Disabled  lsm6dsm_acc_gyro_driver_hl.o
    0x0800e8a4   0x00000040   Code   RO         7090    i.LSM6DSM_X_Set_ODR_When_Enabled  lsm6dsm_acc_gyro_driver_hl.o
    0x0800e8e4   0x00000018   Code   RO         7091    i.LSM6DSM_X_Set_Pedometer_Threshold  lsm6dsm_acc_gyro_driver_hl.o
    0x0800e8fc   0x00000018   Code   RO         7092    i.LSM6DSM_X_Set_Tap_Duration_Time  lsm6dsm_acc_gyro_driver_hl.o
    0x0800e914   0x00000018   Code   RO         7093    i.LSM6DSM_X_Set_Tap_Quiet_Time  lsm6dsm_acc_gyro_driver_hl.o
    0x0800e92c   0x00000018   Code   RO         7094    i.LSM6DSM_X_Set_Tap_Shock_Time  lsm6dsm_acc_gyro_driver_hl.o
    0x0800e944   0x00000018   Code   RO         7095    i.LSM6DSM_X_Set_Tap_Threshold  lsm6dsm_acc_gyro_driver_hl.o
    0x0800e95c   0x00000018   Code   RO         7096    i.LSM6DSM_X_Set_Wake_Up_Threshold  lsm6dsm_acc_gyro_driver_hl.o
    0x0800e974   0x0000001c   Code   RO         7097    i.LSM6DSM_X_Write_Reg  lsm6dsm_acc_gyro_driver_hl.o
    0x0800e990   0x00000002   Code   RO        11764    i.NMI_Handler       stm32l4xx_it.o
    0x0800e992   0x00000002   PAD
    0x0800e994   0x00000010   Code   RO          665    i.NVIC_GetPriorityGrouping  stm32l4xx_hal_cortex.o
    0x0800e9a4   0x00000028   Code   RO          666    i.NVIC_SetPriority  stm32l4xx_hal_cortex.o
    0x0800e9cc   0x00000010   Code   RO        11765    i.OTG_FS_IRQHandler  stm32l4xx_it.o
    0x0800e9dc   0x000000b4   Code   RO         3958    i.PCD_WriteEmptyTxFifo  stm32l4xx_hal_pcd.o
    0x0800ea90   0x00000240   Code   RO        11516    i.Pressure_Sensor_Handler  datalog_application.o
    0x0800ecd0   0x000001ec   Code   RO         1899    i.RCCEx_PLLSAI1_Config  stm32l4xx_hal_rcc_ex.o
    0x0800eebc   0x000001ac   Code   RO         1900    i.RCCEx_PLLSAI2_Config  stm32l4xx_hal_rcc_ex.o
    0x0800f068   0x000000a0   Code   RO         1793    i.RCC_SetFlashLatencyFromMSIRange  stm32l4xx_hal_rcc.o
    0x0800f108   0x00000016   Code   RO         2034    i.RTC_Bcd2ToByte    stm32l4xx_hal_rtc.o
    0x0800f11e   0x0000001a   Code   RO         2035    i.RTC_ByteToBcd2    stm32l4xx_hal_rtc.o
    0x0800f138   0x00000034   Code   RO        11647    i.RTC_Config        main.o
    0x0800f16c   0x0000003e   Code   RO         2036    i.RTC_EnterInitMode  stm32l4xx_hal_rtc.o
    0x0800f1aa   0x00000002   PAD
    0x0800f1ac   0x000000b0   Code   RO        11517    i.RTC_Handler       datalog_application.o
    0x0800f25c   0x00000058   Code   RO        11649    i.RTC_TimeStampConfig  main.o
    0x0800f2b4   0x000000f0   Code   RO        11161    i.SD_GetCIDRegister  sensortile_sd.o
    0x0800f3a4   0x000001f4   Code   RO        11162    i.SD_GetCSDRegister  sensortile_sd.o
    0x0800f598   0x0000004c   Code   RO        11163    i.SD_GetDataResponse  sensortile_sd.o
    0x0800f5e4   0x000000d8   Code   RO        11164    i.SD_GoIdleState    sensortile_sd.o
    0x0800f6bc   0x00000044   Code   RO         9742    i.SD_IO_CS_Init     sensortile.o
    0x0800f700   0x0000002c   Code   RO         9743    i.SD_IO_Init        sensortile.o
    0x0800f72c   0x0000002c   Code   RO         9744    i.SD_IO_Init_LS     sensortile.o
    0x0800f758   0x0000000e   Code   RO         9745    i.SD_IO_ReadByte    sensortile.o
    0x0800f766   0x00000002   PAD
    0x0800f768   0x00000014   Code   RO         9746    i.SD_IO_SPI_Error   sensortile.o
    0x0800f77c   0x0000005c   Code   RO         9747    i.SD_IO_SPI_Init    sensortile.o
    0x0800f7d8   0x0000005c   Code   RO         9748    i.SD_IO_SPI_Init_LS  sensortile.o
    0x0800f834   0x000000c0   Code   RO         9749    i.SD_IO_SPI_MspInit  sensortile.o
    0x0800f8f4   0x00000034   Code   RO         9750    i.SD_IO_SPI_Read    sensortile.o
    0x0800f928   0x00000024   Code   RO         9751    i.SD_IO_SPI_Write   sensortile.o
    0x0800f94c   0x00000020   Code   RO         9752    i.SD_IO_WaitResponse  sensortile.o
    0x0800f96c   0x0000000c   Code   RO         9753    i.SD_IO_WriteByte   sensortile.o
    0x0800f978   0x00000068   Code   RO         9754    i.SD_IO_WriteCmd    sensortile.o
    0x0800f9e0   0x00000070   Code   RO         9755    i.SD_IO_WriteCmd_wResp  sensortile.o
    0x0800fa50   0x00000018   Code   RO         9756    i.SD_IO_WriteDummy  sensortile.o
    0x0800fa68   0x0000002c   Code   RO        11165    i.SD_SendCmd        sensortile_sd.o
    0x0800fa94   0x00000014   Code   RO        11166    i.SD_SendCmd_wResp  sensortile_sd.o
    0x0800faa8   0x00000028   Code   RO        12716    i.SD_initialize     sd_diskio.o
    0x0800fad0   0x00000060   Code   RO        12717    i.SD_ioctl          sd_diskio.o
    0x0800fb30   0x0000002a   Code   RO        12718    i.SD_read           sd_diskio.o
    0x0800fb5a   0x00000002   PAD
    0x0800fb5c   0x00000028   Code   RO        12719    i.SD_status         sd_diskio.o
    0x0800fb84   0x0000002a   Code   RO        12720    i.SD_write          sd_diskio.o
    0x0800fbae   0x00000040   Code   RO         2438    i.SPI_EndRxTxTransaction  stm32l4xx_hal_spi.o
    0x0800fbee   0x00000048   Code   RO         9757    i.SPI_Read          sensortile.o
    0x0800fc36   0x0000007e   Code   RO         9758    i.SPI_Read_nBytes   sensortile.o
    0x0800fcb4   0x000000b4   Code   RO         2445    i.SPI_WaitFifoStateUntilTimeout  stm32l4xx_hal_spi.o
    0x0800fd68   0x000000a2   Code   RO         2446    i.SPI_WaitFlagStateUntilTimeout  stm32l4xx_hal_spi.o
    0x0800fe0a   0x00000030   Code   RO         9759    i.SPI_Write         sensortile.o
    0x0800fe3a   0x00000030   Code   RO         9554    i.STC3115_CalcRamCRC8  stc3115_driver.o
    0x0800fe6a   0x00000008   Code   RO         9555    i.STC3115_DeInit    stc3115_driver.o
    0x0800fe72   0x00000012   Code   RO         9556    i.STC3115_GetAlarmStatus  stc3115_driver.o
    0x0800fe84   0x0000000e   Code   RO         9557    i.STC3115_GetChargeValue  stc3115_driver.o
    0x0800fe92   0x0000000e   Code   RO         9558    i.STC3115_GetCurrent  stc3115_driver.o
    0x0800fea0   0x0000000e   Code   RO         9559    i.STC3115_GetOCV    stc3115_driver.o
    0x0800feae   0x0000000e   Code   RO         9560    i.STC3115_GetPresence  stc3115_driver.o
    0x0800febc   0x00000016   Code   RO         9561    i.STC3115_GetSOC    stc3115_driver.o
    0x0800fed2   0x0000000e   Code   RO         9562    i.STC3115_GetTemperature  stc3115_driver.o
    0x0800fee0   0x0000000e   Code   RO         9563    i.STC3115_GetVoltage  stc3115_driver.o
    0x0800feee   0x0000001c   Code   RO         9564    i.STC3115_Get_WhoAmI  stc3115_driver.o
    0x0800ff0a   0x00000002   PAD
    0x0800ff0c   0x000001cc   Code   RO         9565    i.STC3115_Init      stc3115_driver.o
    0x080100d8   0x0000003a   Code   RO         9566    i.STC3115_InitRamData  stc3115_driver.o
    0x08010112   0x00000030   Code   RO         9567    i.STC3115_Powerdown  stc3115_driver.o
    0x08010142   0x00000026   Code   RO         9568    i.STC3115_Read      stc3115_driver.o
    0x08010168   0x000000ec   Code   RO         9569    i.STC3115_ReadBatteryData  stc3115_driver.o
    0x08010254   0x0000001e   Code   RO         9570    i.STC3115_ReadRamData  stc3115_driver.o
    0x08010272   0x00000026   Code   RO         9571    i.STC3115_ReadWord  stc3115_driver.o
    0x08010298   0x00000038   Code   RO         9572    i.STC3115_Reset     stc3115_driver.o
    0x080102d0   0x00000048   Code   RO         9573    i.STC3115_Restore   stc3115_driver.o
    0x08010318   0x000000d2   Code   RO         9574    i.STC3115_SetParam  stc3115_driver.o
    0x080103ea   0x00000036   Code   RO         9575    i.STC3115_Startup   stc3115_driver.o
    0x08010420   0x00000040   Code   RO         9576    i.STC3115_Status    stc3115_driver.o
    0x08010460   0x00000038   Code   RO         9577    i.STC3115_Stop      stc3115_driver.o
    0x08010498   0x000001e8   Code   RO         9578    i.STC3115_Task      stc3115_driver.o
    0x08010680   0x0000001c   Code   RO         9579    i.STC3115_UpdateRamCRC  stc3115_driver.o
    0x0801069c   0x00000026   Code   RO         9580    i.STC3115_Write     stc3115_driver.o
    0x080106c2   0x0000001e   Code   RO         9581    i.STC3115_WriteRamData  stc3115_driver.o
    0x080106e0   0x00000024   Code   RO         9582    i.STC3115_WriteWord  stc3115_driver.o
    0x08010704   0x00000014   Code   RO         9583    i.STC3115_conv      stc3115_driver.o
    0x08010718   0x00000010   Code   RO         9760    i.Sensor_IO_I2C_Init  sensortile.o
    0x08010728   0x00000020   Code   RO         9761    i.Sensor_IO_I2C_Read  sensortile.o
    0x08010748   0x00000020   Code   RO         9762    i.Sensor_IO_I2C_Write  sensortile.o
    0x08010768   0x00000064   Code   RO         9763    i.Sensor_IO_Read    sensortile.o
    0x080107cc   0x00000058   Code   RO         9764    i.Sensor_IO_SPI_CS_Disable  sensortile.o
    0x08010824   0x0000005c   Code   RO         9765    i.Sensor_IO_SPI_CS_Enable  sensortile.o
    0x08010880   0x00000114   Code   RO         9766    i.Sensor_IO_SPI_CS_Init  sensortile.o
    0x08010994   0x000000ec   Code   RO         9768    i.Sensor_IO_SPI_Init  sensortile.o
    0x08010a80   0x00000084   Code   RO         9769    i.Sensor_IO_SPI_Read  sensortile.o
    0x08010b04   0x00000040   Code   RO         9770    i.Sensor_IO_SPI_Write  sensortile.o
    0x08010b44   0x00000064   Code   RO         9771    i.Sensor_IO_Write   sensortile.o
    0x08010ba8   0x00000008   Code   RO        11766    i.SysTick_Handler   stm32l4xx_it.o
    0x08010bb0   0x000000dc   Code   RO        11476    i.SystemClock_Config  cube_hal_l4.o
    0x08010c8c   0x00000054   Code   RO         4214    i.SystemInit        system_stm32l4xx.o
    0x08010ce0   0x00000010   Code   RO        11767    i.TIM3_IRQHandler   stm32l4xx_it.o
    0x08010cf0   0x000000c0   Code   RO         2809    i.TIM_Base_SetConfig  stm32l4xx_hal_tim.o
    0x08010db0   0x00000034   Code   RO        11832    i.TIM_Config        usbd_cdc_interface.o
    0x08010de4   0x000001d0   Code   RO        11518    i.Temperature_Sensor_Handler  datalog_application.o
    0x08010fb4   0x0000001a   Code   RO        11366    i.USBD_CDC_DataIn   usbd_cdc.o
    0x08010fce   0x00000034   Code   RO        11367    i.USBD_CDC_DataOut  usbd_cdc.o
    0x08011002   0x00000040   Code   RO        11368    i.USBD_CDC_DeInit   usbd_cdc.o
    0x08011042   0x00000032   Code   RO        11369    i.USBD_CDC_EP0_RxReady  usbd_cdc.o
    0x08011074   0x00000010   Code   RO        11370    i.USBD_CDC_GetDeviceQualifierDescriptor  usbd_cdc.o
    0x08011084   0x00000010   Code   RO        11371    i.USBD_CDC_GetFSCfgDesc  usbd_cdc.o
    0x08011094   0x00000010   Code   RO        11372    i.USBD_CDC_GetHSCfgDesc  usbd_cdc.o
    0x080110a4   0x00000010   Code   RO        11373    i.USBD_CDC_GetOtherSpeedCfgDesc  usbd_cdc.o
    0x080110b4   0x000000a6   Code   RO        11374    i.USBD_CDC_Init     usbd_cdc.o
    0x0801115a   0x0000000e   Code   RO        11376    i.USBD_CDC_RegisterInterface  usbd_cdc.o
    0x08011168   0x0000000e   Code   RO        11377    i.USBD_CDC_SetRxBuffer  usbd_cdc.o
    0x08011176   0x00000014   Code   RO        11378    i.USBD_CDC_SetTxBuffer  usbd_cdc.o
    0x0801118a   0x00000002   PAD
    0x0801118c   0x00000090   Code   RO        11379    i.USBD_CDC_Setup    usbd_cdc.o
    0x0801121c   0x00000038   Code   RO        11380    i.USBD_CDC_TransmitPacket  usbd_cdc.o
    0x08011254   0x00000016   Code   RO           13    i.USBD_ClrClassConfig  usbd_core.o
    0x0801126a   0x00000044   Code   RO          299    i.USBD_ClrFeature   usbd_ctlreq.o
    0x080112ae   0x00000018   Code   RO          394    i.USBD_CtlContinueRx  usbd_ioreq.o
    0x080112c6   0x00000018   Code   RO          395    i.USBD_CtlContinueSendData  usbd_ioreq.o
    0x080112de   0x00000018   Code   RO          300    i.USBD_CtlError     usbd_ctlreq.o
    0x080112f6   0x00000028   Code   RO          396    i.USBD_CtlPrepareRx  usbd_ioreq.o
    0x0801131e   0x0000001a   Code   RO          397    i.USBD_CtlReceiveStatus  usbd_ioreq.o
    0x08011338   0x00000022   Code   RO          398    i.USBD_CtlSendData  usbd_ioreq.o
    0x0801135a   0x0000001a   Code   RO          399    i.USBD_CtlSendStatus  usbd_ioreq.o
    0x08011374   0x00000050   Code   RO          301    i.USBD_GetConfig    usbd_ctlreq.o
    0x080113c4   0x00000148   Code   RO          302    i.USBD_GetDescriptor  usbd_ctlreq.o
    0x0801150c   0x00000014   Code   RO          303    i.USBD_GetLen       usbd_ctlreq.o
    0x08011520   0x00000044   Code   RO          304    i.USBD_GetStatus    usbd_ctlreq.o
    0x08011564   0x00000052   Code   RO          305    i.USBD_GetString    usbd_ctlreq.o
    0x080115b6   0x00000032   Code   RO           15    i.USBD_Init         usbd_core.o
    0x080115e8   0x00000014   Code   RO        11906    i.USBD_LL_ClearStallEP  usbd_conf.o
    0x080115fc   0x00000014   Code   RO        11907    i.USBD_LL_CloseEP   usbd_conf.o
    0x08011610   0x000000da   Code   RO           16    i.USBD_LL_DataInStage  usbd_core.o
    0x080116ea   0x00000086   Code   RO           17    i.USBD_LL_DataOutStage  usbd_core.o
    0x08011770   0x00000006   Code   RO           18    i.USBD_LL_DevConnected  usbd_core.o
    0x08011776   0x0000001a   Code   RO           19    i.USBD_LL_DevDisconnected  usbd_core.o
    0x08011790   0x00000012   Code   RO        11911    i.USBD_LL_GetRxDataSize  usbd_conf.o
    0x080117a2   0x00000002   PAD
    0x080117a4   0x00000064   Code   RO        11912    i.USBD_LL_Init      usbd_conf.o
    0x08011808   0x00000038   Code   RO        11913    i.USBD_LL_IsStallEP  usbd_conf.o
    0x08011840   0x00000006   Code   RO           20    i.USBD_LL_IsoINIncomplete  usbd_core.o
    0x08011846   0x00000006   Code   RO           21    i.USBD_LL_IsoOUTIncomplete  usbd_core.o
    0x0801184c   0x00000020   Code   RO        11914    i.USBD_LL_OpenEP    usbd_conf.o
    0x0801186c   0x00000020   Code   RO        11915    i.USBD_LL_PrepareReceive  usbd_conf.o
    0x0801188c   0x00000044   Code   RO           22    i.USBD_LL_Reset     usbd_core.o
    0x080118d0   0x0000000e   Code   RO           23    i.USBD_LL_Resume    usbd_core.o
    0x080118de   0x00000022   Code   RO           24    i.USBD_LL_SOF       usbd_core.o
    0x08011900   0x00000008   Code   RO           25    i.USBD_LL_SetSpeed  usbd_core.o
    0x08011908   0x00000014   Code   RO        11916    i.USBD_LL_SetUSBAddress  usbd_conf.o
    0x0801191c   0x0000006e   Code   RO           26    i.USBD_LL_SetupStage  usbd_core.o
    0x0801198a   0x00000014   Code   RO        11917    i.USBD_LL_StallEP   usbd_conf.o
    0x0801199e   0x00000010   Code   RO        11918    i.USBD_LL_Start     usbd_conf.o
    0x080119ae   0x00000014   Code   RO           27    i.USBD_LL_Suspend   usbd_core.o
    0x080119c2   0x00000020   Code   RO        11920    i.USBD_LL_Transmit  usbd_conf.o
    0x080119e2   0x00000028   Code   RO          306    i.USBD_ParseSetupRequest  usbd_ctlreq.o
    0x08011a0a   0x00000010   Code   RO           28    i.USBD_RegisterClass  usbd_core.o
    0x08011a1a   0x00000006   Code   RO           29    i.USBD_RunTestMode  usbd_core.o
    0x08011a20   0x00000054   Code   RO          307    i.USBD_SetAddress   usbd_ctlreq.o
    0x08011a74   0x00000022   Code   RO           30    i.USBD_SetClassConfig  usbd_core.o
    0x08011a96   0x00000002   PAD
    0x08011a98   0x000000e0   Code   RO          308    i.USBD_SetConfig    usbd_ctlreq.o
    0x08011b78   0x00000024   Code   RO          309    i.USBD_SetFeature   usbd_ctlreq.o
    0x08011b9c   0x0000000e   Code   RO           31    i.USBD_Start        usbd_core.o
    0x08011baa   0x00000072   Code   RO          310    i.USBD_StdDevReq    usbd_ctlreq.o
    0x08011c1c   0x00000156   Code   RO          311    i.USBD_StdEPReq     usbd_ctlreq.o
    0x08011d72   0x0000004a   Code   RO          312    i.USBD_StdItfReq    usbd_ctlreq.o
    0x08011dbc   0x00000024   Code   RO        12084    i.USBD_VCP_ConfigStrDescriptor  usbd_desc.o
    0x08011de0   0x00000010   Code   RO        12085    i.USBD_VCP_DeviceDescriptor  usbd_desc.o
    0x08011df0   0x00000028   Code   RO        12086    i.USBD_VCP_InterfaceStrDescriptor  usbd_desc.o
    0x08011e18   0x00000010   Code   RO        12087    i.USBD_VCP_LangIDStrDescriptor  usbd_desc.o
    0x08011e28   0x0000002c   Code   RO        12088    i.USBD_VCP_ManufacturerStrDescriptor  usbd_desc.o
    0x08011e54   0x0000003c   Code   RO        12089    i.USBD_VCP_ProductStrDescriptor  usbd_desc.o
    0x08011e90   0x00000018   Code   RO        12090    i.USBD_VCP_SerialStrDescriptor  usbd_desc.o
    0x08011ea8   0x000000c4   Code   RO         3627    i.USB_ActivateEndpoint  stm32l4xx_ll_usb.o
    0x08011f6c   0x00000044   Code   RO         3629    i.USB_ActivateSetup  stm32l4xx_ll_usb.o
    0x08011fb0   0x0000001c   Code   RO         3631    i.USB_CoreInit      stm32l4xx_ll_usb.o
    0x08011fcc   0x0000004c   Code   RO         3632    i.USB_CoreReset     stm32l4xx_ll_usb.o
    0x08012018   0x000000a8   Code   RO         3635    i.USB_DeactivateEndpoint  stm32l4xx_ll_usb.o
    0x080120c0   0x0000001e   Code   RO         3636    i.USB_DevConnect    stm32l4xx_ll_usb.o
    0x080120de   0x0000001e   Code   RO         3637    i.USB_DevDisconnect  stm32l4xx_ll_usb.o
    0x080120fc   0x00000190   Code   RO         3638    i.USB_DevInit       stm32l4xx_ll_usb.o
    0x0801228c   0x0000000e   Code   RO         3639    i.USB_DisableGlobalInt  stm32l4xx_ll_usb.o
    0x0801229a   0x00000002   PAD
    0x0801229c   0x00000184   Code   RO         3642    i.USB_EP0StartXfer  stm32l4xx_ll_usb.o
    0x08012420   0x00000032   Code   RO         3643    i.USB_EP0_OutStart  stm32l4xx_ll_usb.o
    0x08012452   0x00000088   Code   RO         3644    i.USB_EPClearStall  stm32l4xx_ll_usb.o
    0x080124da   0x0000008c   Code   RO         3645    i.USB_EPSetStall    stm32l4xx_ll_usb.o
    0x08012566   0x00000002   PAD
    0x08012568   0x000002a8   Code   RO         3646    i.USB_EPStartXfer   stm32l4xx_ll_usb.o
    0x08012810   0x0000000e   Code   RO         3647    i.USB_EnableGlobalInt  stm32l4xx_ll_usb.o
    0x0801281e   0x00000002   PAD
    0x08012820   0x0000002c   Code   RO         3648    i.USB_FlushRxFifo   stm32l4xx_ll_usb.o
    0x0801284c   0x00000030   Code   RO         3649    i.USB_FlushTxFifo   stm32l4xx_ll_usb.o
    0x0801287c   0x0000000a   Code   RO         3653    i.USB_GetMode       stm32l4xx_ll_usb.o
    0x08012886   0x00000012   Code   RO         3660    i.USB_ReadDevAllInEpInterrupt  stm32l4xx_ll_usb.o
    0x08012898   0x00000012   Code   RO         3661    i.USB_ReadDevAllOutEpInterrupt  stm32l4xx_ll_usb.o
    0x080128aa   0x00000032   Code   RO         3662    i.USB_ReadDevInEPInterrupt  stm32l4xx_ll_usb.o
    0x080128dc   0x00000016   Code   RO         3663    i.USB_ReadDevOutEPInterrupt  stm32l4xx_ll_usb.o
    0x080128f2   0x0000000c   Code   RO         3664    i.USB_ReadInterrupts  stm32l4xx_ll_usb.o
    0x080128fe   0x00000028   Code   RO         3665    i.USB_ReadPacket    stm32l4xx_ll_usb.o
    0x08012926   0x00000030   Code   RO         3667    i.USB_SetCurrentMode  stm32l4xx_ll_usb.o
    0x08012956   0x00000024   Code   RO         3668    i.USB_SetDevAddress  stm32l4xx_ll_usb.o
    0x0801297a   0x00000010   Code   RO         3669    i.USB_SetDevSpeed   stm32l4xx_ll_usb.o
    0x0801298a   0x00000038   Code   RO         3672    i.USB_WritePacket   stm32l4xx_ll_usb.o
    0x080129c2   0x00000002   PAD
    0x080129c4   0x00000020   Code   RO        13029    i.__0printf         mc_w.l(printfa.o)
    0x080129e4   0x00000028   Code   RO        13031    i.__0sprintf        mc_w.l(printfa.o)
    0x08012a0c   0x00000030   Code   RO        13101    i.__ARM_fpclassify  m_wm.l(fpclassify.o)
    0x08012a3c   0x00000004   PAD
    0x08012a40   0x00000c38   Code   RO        12765    i.__hardfp_pow      m_wm.l(pow.o)
    0x08013678   0x000000b0   Code   RO        12779    i.__hardfp_trunc    m_wm.l(trunc.o)
    0x08013728   0x000000f8   Code   RO        13103    i.__kernel_poly     m_wm.l(poly.o)
    0x08013820   0x00000020   Code   RO        13093    i.__mathlib_dbl_underflow  m_wm.l(dunder.o)
    0x08013840   0x0000000e   Code   RO        13181    i.__scatterload_copy  mc_w.l(handlers.o)
    0x0801384e   0x00000002   Code   RO        13182    i.__scatterload_null  mc_w.l(handlers.o)
    0x08013850   0x0000000e   Code   RO        13183    i.__scatterload_zeroinit  mc_w.l(handlers.o)
    0x0801385e   0x00000002   PAD
    0x08013860   0x0000000c   Code   RO        13145    i.__set_errno       mc_w.l(errno.o)
    0x0801386c   0x00000164   Code   RO        13036    i._fp_digits        mc_w.l(printfa.o)
    0x080139d0   0x000006dc   Code   RO        13037    i._printf_core      mc_w.l(printfa.o)
    0x080140ac   0x00000024   Code   RO        13038    i._printf_post_padding  mc_w.l(printfa.o)
    0x080140d0   0x0000002e   Code   RO        13039    i._printf_pre_padding  mc_w.l(printfa.o)
    0x080140fe   0x0000000a   Code   RO        13041    i._sputc            mc_w.l(printfa.o)
    0x08014108   0x00000098   Code   RO        12214    i.check_fs          ff.o
    0x080141a0   0x00000030   Code   RO        12217    i.clear_lock        ff.o
    0x080141d0   0x00000038   Code   RO        12218    i.clmt_clust        ff.o
    0x08014208   0x00000020   Code   RO        12219    i.clust2sect        ff.o
    0x08014228   0x000000ea   Code   RO        12221    i.create_chain      ff.o
    0x08014312   0x00000002   PAD
    0x08014314   0x0000002c   Code   RO        12159    i.disk_initialize   diskio.o
    0x08014340   0x00000030   Code   RO        12161    i.disk_read         diskio.o
    0x08014370   0x0000001c   Code   RO        12162    i.disk_status       diskio.o
    0x0801438c   0x00000030   Code   RO        12163    i.disk_write        diskio.o
    0x080143bc   0x00000070   Code   RO        11651    i.enableAllSensors  main.o
    0x0801442c   0x00000064   Code   RO        12240    i.f_mount           ff.o
    0x08014490   0x00000256   Code   RO        12254    i.f_write           ff.o
    0x080146e6   0x00000018   Code   RO        13097    i.fabs              m_wm.l(fabs.o)
    0x080146fe   0x00000002   PAD
    0x08014700   0x000003dc   Code   RO        12255    i.find_volume       ff.o
    0x08014adc   0x000000ac   Code   RO        11519    i.floatToInt        datalog_application.o
    0x08014b88   0x00000012   Code   RO        13132    i.fputc             mc_w.l(fputc.o)
    0x08014b9a   0x00000002   PAD
    0x08014b9c   0x00000050   Code   RO        13057    i.free              mc_w.l(malloc.o)
    0x08014bec   0x000000ee   Code   RO        12259    i.get_fat           ff.o
    0x08014cda   0x00000048   Code   RO        12261    i.get_ldnumber      ff.o
    0x08014d22   0x00000002   PAD
    0x08014d24   0x000000cc   Code   RO        11652    i.initializeAllSensors  main.o
    0x08014df0   0x00000118   Code   RO        11653    i.main              main.o
    0x08014f08   0x0000006c   Code   RO        13058    i.malloc            mc_w.l(malloc.o)
    0x08014f74   0x0000001a   Code   RO        12265    i.mem_cpy           ff.o
    0x08014f8e   0x00000038   Code   RO        12267    i.move_window       ff.o
    0x08014fc6   0x00000146   Code   RO        12269    i.put_fat           ff.o
    0x0801510c   0x0000006e   Code   RO        13108    i.sqrt              m_wm.l(sqrt.o)
    0x0801517a   0x00000060   Code   RO        12275    i.sync_window       ff.o
    0x080151da   0x00000042   Code   RO        12276    i.validate          ff.o
    0x0801521c   0x00000048   Data   RO         4215    .constdata          system_stm32l4xx.o
    0x08015264   0x00000004   PAD
    0x08015268   0x00000060   Data   RO         5570    .constdata          lsm303agr_acc_driver.o
    0x080152c8   0x00000040   Data   RO         9584    .constdata          stc3115_driver.o
    0x08015308   0x00000008   Data   RO         9773    .constdata          sensortile.o
    0x08015310   0x00000014   Data   RO        12721    .constdata          sd_diskio.o
    0x08015324   0x00000004   PAD
    0x08015328   0x00000088   Data   RO        12768    .constdata          m_wm.l(pow.o)
    0x080153b0   0x00000008   Data   RO        13105    .constdata          m_wm.l(qnan.o)
    0x080153b8   0x00000020   Data   RO        13179    Region$$Table       anon$$obj.o


    Execution Region RW_IRAM1 (Base: 0x20000000, Size: 0x00006d18, Max: 0x00018000, ABSOLUTE, COMPRESSED[0x00000358])

    Base Addr    Size         Type   Attr      Idx    E Section Name        Object

    0x20000000   0x00000001   Data   RW          313    .data               usbd_ctlreq.o
    0x20000001   0x00000003   PAD
    0x20000004   0x00000004   Data   RW          483    .data               stm32l4xx_hal.o
    0x20000008   0x00000004   Data   RW         4216    .data               system_stm32l4xx.o
    0x2000000c   0x0000006c   Data   RW         4522    .data               hts221_driver_hl.o
    0x20000078   0x000000e8   Data   RW         5151    .data               lps22hb_driver_hl.o
    0x20000160   0x00000136   Data   RW         7098    .data               lsm6dsm_acc_gyro_driver_hl.o
    0x20000296   0x00000002   PAD
    0x20000298   0x00000052   Data   RW         9313    .data               lsm303agr_acc_driver_hl.o
    0x200002ea   0x00000002   PAD
    0x200002ec   0x00000048   Data   RW         9459    .data               lsm303agr_mag_driver_hl.o
    0x20000334   0x0000005c   Data   RW         9585    .data               stc3115_driver.o
    0x20000390   0x00000010   Data   RW         9774    .data               sensortile.o
    0x200003a0   0x00000010   Data   RW        10065    .data               sensortile_accelero.o
    0x200003b0   0x00000010   Data   RW        10437    .data               sensortile_gyro.o
    0x200003c0   0x0000000c   Data   RW        10603    .data               sensortile_humidity.o
    0x200003cc   0x0000000c   Data   RW        10743    .data               sensortile_magneto.o
    0x200003d8   0x0000000c   Data   RW        10903    .data               sensortile_pressure.o
    0x200003e4   0x00000008   Data   RW        11039    .data               sensortile_temperature.o
    0x200003ec   0x00000002   Data   RW        11167    .data               sensortile_sd.o
    0x200003ee   0x00000002   PAD
    0x200003f0   0x00000008   Data   RW        11261    .data               sensortile_gg.o
    0x200003f8   0x00000110   Data   RW        11381    .data               usbd_cdc.o
    0x20000508   0x00000022   Data   RW        11522    .data               datalog_application.o
    0x2000052a   0x00000002   PAD
    0x2000052c   0x00000038   Data   RW        11655    .data               main.o
    0x20000564   0x00000028   Data   RW        11834    .data               usbd_cdc_interface.o
    0x2000058c   0x0000004e   Data   RW        12092    .data               usbd_desc.o
    0x200005da   0x00000002   PAD
    0x200005dc   0x00000006   Data   RW        12279    .data               ff.o
    0x200005e2   0x00000001   Data   RW        12722    .data               sd_diskio.o
    0x200005e3   0x00000001   PAD
    0x200005e4   0x00000004   Data   RW        13134    .data               mc_w.l(stdout.o)
    0x200005e8   0x00000004   Data   RW        13141    .data               mc_w.l(mvars.o)
    0x200005ec   0x00000004   Data   RW        13142    .data               mc_w.l(mvars.o)
    0x200005f0   0x00000004   Data   RW        13146    .data               mc_w.l(errno.o)
    0x200005f4   0x00000114   Zero   RW         9772    .bss                sensortile.o
    0x20000708   0x00000038   Zero   RW        10064    .bss                sensortile_accelero.o
    0x20000740   0x00000014   Zero   RW        10436    .bss                sensortile_gyro.o
    0x20000754   0x00000014   Zero   RW        10602    .bss                sensortile_humidity.o
    0x20000768   0x00000014   Zero   RW        10742    .bss                sensortile_magneto.o
    0x2000077c   0x00000014   Zero   RW        10902    .bss                sensortile_pressure.o
    0x20000790   0x00000038   Zero   RW        11038    .bss                sensortile_temperature.o
    0x200007c8   0x00000080   Zero   RW        11260    .bss                sensortile_gg.o
    0x20000848   0x0000055c   Zero   RW        11520    .bss                datalog_application.o
    0x20000da4   0x00000248   Zero   RW        11654    .bss                main.o
    0x20000fec   0x0000183c   Zero   RW        11833    .bss                usbd_cdc_interface.o
    0x20002828   0x000003cc   Zero   RW        11921    .bss                usbd_conf.o
    0x20002bf4   0x00000100   Zero   RW        12091    .bss                usbd_desc.o
    0x20002cf4   0x00000018   Zero   RW        12277    .bss                ff.o
    0x20002d0c   0x0000000c   Zero   RW        12589    .bss                ff_gen_drv.o
    0x20002d18   0x00002000   Zero   RW            2    HEAP                startup_stm32l476xx.o
    0x20004d18   0x00002000   Zero   RW            1    STACK               startup_stm32l476xx.o


==============================================================================

Image component sizes


      Code (inc. data)   RO Data    RW Data    ZI Data      Debug   Object Name

       224          4          0          0          0       1613   cube_hal_l4.o
      2200        654          0         34       1372      14252   datalog_application.o
       168         20          0          0          0       3424   diskio.o
      3088         34          0          6         24      17225   ff.o
       102          6          0          0         12       1847   ff_gen_drv.o
      1220        186          0          0          0      15328   hts221_driver.o
      1364         12          0        108          0      32426   hts221_driver_hl.o
      1552          0          0          0          0      30400   lps22hb_driver.o
      2408         54          0        232          0      44155   lps22hb_driver_hl.o
      1212          4         96          0          0      32549   lsm303agr_acc_driver.o
      2294        146          0         82          0      25895   lsm303agr_acc_driver_hl.o
       528          0          0          0          0      16647   lsm303agr_mag_driver.o
       934         32          0         72          0      18145   lsm303agr_mag_driver_hl.o
      3486          0          0          0          0      54977   lsm6dsm_acc_gyro_driver.o
      6540        400          0        310          0     109510   lsm6dsm_acc_gyro_driver_hl.o
       752        156          0         56        584       5479   main.o
       260         16         20          1          0       4792   sd_diskio.o
      3092        230          8         16        276      33868   sensortile.o
       974         46          0         16         56      18600   sensortile_accelero.o
       152         18          0          8        128       5456   sensortile_gg.o
       302         20          0         16         20       3809   sensortile_gyro.o
       254         22          0         12         20       4735   sensortile_humidity.o
       302         20          0         12         20       4721   sensortile_magneto.o
       556         20          0         12         20      10727   sensortile_pressure.o
      1598         24          0          2          0      13958   sensortile_sd.o
       744         42          0          8         56       9240   sensortile_temperature.o
        36          8        392          0      16384        884   startup_stm32l476xx.o
      2268          4         64         92          0      28426   stc3115_driver.o
       136         20          0          4          0       5185   stm32l4xx_hal.o
       298         22          0          0          0      31391   stm32l4xx_hal_cortex.o
       566         40          0          0          0       3996   stm32l4xx_hal_gpio.o
      1914         24          0          0          0      14648   stm32l4xx_hal_i2c.o
        44          6          0          0          0        898   stm32l4xx_hal_msp.o
      3136         44          0          0          0      11829   stm32l4xx_hal_pcd.o
       156          4          0          0          0       4125   stm32l4xx_hal_pcd_ex.o
        20          6          0          0          0        615   stm32l4xx_hal_pwr.o
        56         18          0          0          0       1878   stm32l4xx_hal_pwr_ex.o
      2652         80          0          0          0       6262   stm32l4xx_hal_rcc.o
      2208         52          0          0          0       5427   stm32l4xx_hal_rcc_ex.o
      1156         24          0          0          0       7830   stm32l4xx_hal_rtc.o
      1878          0          0          0          0       9486   stm32l4xx_hal_spi.o
       690         32          0          0          0       6942   stm32l4xx_hal_tim.o
         4          0          0          0          0       1890   stm32l4xx_hal_tim_ex.o
        58         12          0          0          0       3624   stm32l4xx_it.o
      2836         52          0          0          0      21556   stm32l4xx_ll_usb.o
        84         16         72          4          0       1369   system_stm32l4xx.o
       670         30          0        272          0      13441   usbd_cdc.o
       500         64          0         40       6204       5952   usbd_cdc_interface.o
       698         10          0          0        972      15047   usbd_conf.o
       792          0          0          0          0     861173   usbd_core.o
      1584         30          0          1          0      11672   usbd_ctlreq.o
       350        128          0         78        256       6986   usbd_desc.o
       174          0          0          0          0       5068   usbd_ioreq.o

    ----------------------------------------------------------------------
     61348       2892        692       1508      26404    1621378   Object Totals
         0          0         32          0          0          0   (incl. Generated)
        78          0          8         14          0          0   (incl. Padding)

    ----------------------------------------------------------------------

      Code (inc. data)   RO Data    RW Data    ZI Data      Debug   Library Member Name

        32          8          0          0          0        124   dunder.o
        24          0          0          0          0        124   fabs.o
        48          0          0          0          0        124   fpclassify.o
       248          0          0          0          0        152   poly.o
      3128        304        136          0          0        216   pow.o
         0          0          8          0          0          0   qnan.o
       110          0          0          0          0        148   sqrt.o
       176         22          0          0          0        156   trunc.o
        86          0          0          0          0          0   __dczerorl2.o
         0          0          0          0          0          0   entry.o
         0          0          0          0          0          0   entry10a.o
         0          0          0          0          0          0   entry11a.o
         8          4          0          0          0          0   entry2.o
         4          0          0          0          0          0   entry5.o
         0          0          0          0          0          0   entry7b.o
         0          0          0          0          0          0   entry8b.o
         8          4          0          0          0          0   entry9a.o
        12          6          0          4          0         68   errno.o
        18          0          0          0          0         80   fputc.o
        30          0          0          0          0          0   handlers.o
        36          8          0          0          0         68   init.o
         0          0          0          0          0          0   iusefp.o
         0          0          0          0          0          0   iusesemip.o
        90          0          0          0          0         84   ldiv.o
        30          0          0          0          0         68   llshl.o
        36          0          0          0          0         68   llsshr.o
        32          0          0          0          0         68   llushr.o
       188         20          0          0          0        160   malloc.o
        36          0          0          0          0         68   memcpya.o
        36          0          0          0          0        108   memseta.o
         0          0          0          8          0          0   mvars.o
      2276         96          0          0          0        596   printfa.o
         0          0          0          0          0          0   semi.o
         0          0          0          4          0          0   stdout.o
        14          0          0          0          0         68   strlen.o
        44          0          0          0          0         80   uidiv.o
        98          0          0          0          0         92   uldiv.o
        40          2          0          0          0         68   cdcmple.o
        40          2          0          0          0         68   cdrcmple.o
       334          0          0          0          0        148   dadd.o
       222          0          0          0          0        100   ddiv.o
       182          0          0          0          0        176   depilogue.o
        62          0          0          0          0         80   dfixi.o
        48          0          0          0          0         68   dfixul.o
        34          0          0          0          0         76   dflti.o
       228          0          0          0          0         96   dmul.o
       136          4          0          0          0         92   drnd.o
        46          0          0          0          0         80   dscalb.o
       162          0          0          0          0        100   dsqrt.o
        38          0          0          0          0         68   f2d.o

    ----------------------------------------------------------------------
      8432        480        144         16          0       3940   Library Totals
        12          0          0          0          0          0   (incl. Padding)

    ----------------------------------------------------------------------

      Code (inc. data)   RO Data    RW Data    ZI Data      Debug   Library Name

      3766        334        144          0          0       1044   m_wm.l
      3082        138          0         16          0       1676   mc_w.l
      1572          8          0          0          0       1220   mf_w.l

    ----------------------------------------------------------------------
      8432        480        144         16          0       3940   Library Totals

    ----------------------------------------------------------------------

==============================================================================


      Code (inc. data)   RO Data    RW Data    ZI Data      Debug   

     69780       3372        836       1524      26404    1550142   Grand Totals
     69780       3372        836        856      26404    1550142   ELF Image Totals (compressed)
     69780       3372        836        856          0          0   ROM Totals

==============================================================================

    Total RO  Size (Code + RO Data)                70616 (  68.96kB)
    Total RW  Size (RW Data + ZI Data)             27928 (  27.27kB)
    Total ROM Size (Code + RO Data + RW Data)      71472 (  69.80kB)

==============================================================================

